Archive member included to satisfy reference by file (symbol)

c:/st/stm32cubeide_1.4.0/stm32cubeide/plugins/com.st.stm32cube.ide.mcu.externaltools.gnu-tools-for-stm32.9-2020-q2-update.win32_1.5.0.202011040924/tools/bin/../lib/gcc/arm-none-eabi/9.3.1/../../../../arm-none-eabi/lib/thumb/v6-m/nofp\libc_nano.a(lib_a-errno.o)
                              Core/Src/syscalls.o (__errno)
c:/st/stm32cubeide_1.4.0/stm32cubeide/plugins/com.st.stm32cube.ide.mcu.externaltools.gnu-tools-for-stm32.9-2020-q2-update.win32_1.5.0.202011040924/tools/bin/../lib/gcc/arm-none-eabi/9.3.1/../../../../arm-none-eabi/lib/thumb/v6-m/nofp\libc_nano.a(lib_a-exit.o)
                              c:/st/stm32cubeide_1.4.0/stm32cubeide/plugins/com.st.stm32cube.ide.mcu.externaltools.gnu-tools-for-stm32.9-2020-q2-update.win32_1.5.0.202011040924/tools/bin/../lib/gcc/arm-none-eabi/9.3.1/../../../../arm-none-eabi/lib/thumb/v6-m/nofp/crt0.o (exit)
c:/st/stm32cubeide_1.4.0/stm32cubeide/plugins/com.st.stm32cube.ide.mcu.externaltools.gnu-tools-for-stm32.9-2020-q2-update.win32_1.5.0.202011040924/tools/bin/../lib/gcc/arm-none-eabi/9.3.1/../../../../arm-none-eabi/lib/thumb/v6-m/nofp\libc_nano.a(lib_a-impure.o)
                              c:/st/stm32cubeide_1.4.0/stm32cubeide/plugins/com.st.stm32cube.ide.mcu.externaltools.gnu-tools-for-stm32.9-2020-q2-update.win32_1.5.0.202011040924/tools/bin/../lib/gcc/arm-none-eabi/9.3.1/../../../../arm-none-eabi/lib/thumb/v6-m/nofp\libc_nano.a(lib_a-exit.o) (_global_impure_ptr)
c:/st/stm32cubeide_1.4.0/stm32cubeide/plugins/com.st.stm32cube.ide.mcu.externaltools.gnu-tools-for-stm32.9-2020-q2-update.win32_1.5.0.202011040924/tools/bin/../lib/gcc/arm-none-eabi/9.3.1/../../../../arm-none-eabi/lib/thumb/v6-m/nofp\libc_nano.a(lib_a-init.o)
                              c:/st/stm32cubeide_1.4.0/stm32cubeide/plugins/com.st.stm32cube.ide.mcu.externaltools.gnu-tools-for-stm32.9-2020-q2-update.win32_1.5.0.202011040924/tools/bin/../lib/gcc/arm-none-eabi/9.3.1/../../../../arm-none-eabi/lib/thumb/v6-m/nofp/crt0.o (__libc_init_array)
c:/st/stm32cubeide_1.4.0/stm32cubeide/plugins/com.st.stm32cube.ide.mcu.externaltools.gnu-tools-for-stm32.9-2020-q2-update.win32_1.5.0.202011040924/tools/bin/../lib/gcc/arm-none-eabi/9.3.1/../../../../arm-none-eabi/lib/thumb/v6-m/nofp\libc_nano.a(lib_a-memcpy-stub.o)
                              Core/Src/main.o (memcpy)
c:/st/stm32cubeide_1.4.0/stm32cubeide/plugins/com.st.stm32cube.ide.mcu.externaltools.gnu-tools-for-stm32.9-2020-q2-update.win32_1.5.0.202011040924/tools/bin/../lib/gcc/arm-none-eabi/9.3.1/../../../../arm-none-eabi/lib/thumb/v6-m/nofp\libc_nano.a(lib_a-memset.o)
                              c:/st/stm32cubeide_1.4.0/stm32cubeide/plugins/com.st.stm32cube.ide.mcu.externaltools.gnu-tools-for-stm32.9-2020-q2-update.win32_1.5.0.202011040924/tools/bin/../lib/gcc/arm-none-eabi/9.3.1/../../../../arm-none-eabi/lib/thumb/v6-m/nofp/crt0.o (memset)
c:/st/stm32cubeide_1.4.0/stm32cubeide/plugins/com.st.stm32cube.ide.mcu.externaltools.gnu-tools-for-stm32.9-2020-q2-update.win32_1.5.0.202011040924/tools/bin/../lib/gcc/arm-none-eabi/9.3.1/../../../../arm-none-eabi/lib/thumb/v6-m/nofp\libc_nano.a(lib_a-rand.o)
                              Core/Src/AX5243.o (rand)
c:/st/stm32cubeide_1.4.0/stm32cubeide/plugins/com.st.stm32cube.ide.mcu.externaltools.gnu-tools-for-stm32.9-2020-q2-update.win32_1.5.0.202011040924/tools/bin/../lib/gcc/arm-none-eabi/9.3.1/../../../../arm-none-eabi/lib/thumb/v6-m/nofp\libc_nano.a(lib_a-strlen.o)
                              Core/Src/main.o (strlen)
c:/st/stm32cubeide_1.4.0/stm32cubeide/plugins/com.st.stm32cube.ide.mcu.externaltools.gnu-tools-for-stm32.9-2020-q2-update.win32_1.5.0.202011040924/tools/bin/../lib/gcc/arm-none-eabi/9.3.1/../../../../arm-none-eabi/lib/thumb/v6-m/nofp\libc_nano.a(lib_a-assert.o)
                              c:/st/stm32cubeide_1.4.0/stm32cubeide/plugins/com.st.stm32cube.ide.mcu.externaltools.gnu-tools-for-stm32.9-2020-q2-update.win32_1.5.0.202011040924/tools/bin/../lib/gcc/arm-none-eabi/9.3.1/../../../../arm-none-eabi/lib/thumb/v6-m/nofp\libc_nano.a(lib_a-rand.o) (__assert_func)
c:/st/stm32cubeide_1.4.0/stm32cubeide/plugins/com.st.stm32cube.ide.mcu.externaltools.gnu-tools-for-stm32.9-2020-q2-update.win32_1.5.0.202011040924/tools/bin/../lib/gcc/arm-none-eabi/9.3.1/../../../../arm-none-eabi/lib/thumb/v6-m/nofp\libc_nano.a(lib_a-fprintf.o)
                              c:/st/stm32cubeide_1.4.0/stm32cubeide/plugins/com.st.stm32cube.ide.mcu.externaltools.gnu-tools-for-stm32.9-2020-q2-update.win32_1.5.0.202011040924/tools/bin/../lib/gcc/arm-none-eabi/9.3.1/../../../../arm-none-eabi/lib/thumb/v6-m/nofp\libc_nano.a(lib_a-assert.o) (fiprintf)
c:/st/stm32cubeide_1.4.0/stm32cubeide/plugins/com.st.stm32cube.ide.mcu.externaltools.gnu-tools-for-stm32.9-2020-q2-update.win32_1.5.0.202011040924/tools/bin/../lib/gcc/arm-none-eabi/9.3.1/../../../../arm-none-eabi/lib/thumb/v6-m/nofp\libc_nano.a(lib_a-malloc.o)
[...]
Memory Configuration

Name             Origin             Length             Attributes
RAM              0x0000000020000000 0x0000000000001800 xrw
FLASH            0x0000000008000000 0x0000000000008000 xr
*default*        0x0000000000000000 0xffffffffffffffff

Linker script and memory map

LOAD c:/st/stm32cubeide_1.4.0/stm32cubeide/plugins/com.st.stm32cube.ide.mcu.externaltools.gnu-tools-for-stm32.9-2020-q2-update.win32_1.5.0.202011040924/tools/bin/../lib/gcc/arm-none-eabi/9.3.1/thumb/v6-m/nofp/crti.o
LOAD c:/st/stm32cubeide_1.4.0/stm32cubeide/plugins/com.st.stm32cube.ide.mcu.externaltools.gnu-tools-for-stm32.9-2020-q2-update.win32_1.5.0.202011040924/tools/bin/../lib/gcc/arm-none-eabi/9.3.1/thumb/v6-m/nofp/crtbegin.o
LOAD c:/st/stm32cubeide_1.4.0/stm32cubeide/plugins/com.st.stm32cube.ide.mcu.externaltools.gnu-tools-for-stm32.9-2020-q2-update.win32_1.5.0.202011040924/tools/bin/../lib/gcc/arm-none-eabi/9.3.1/../../../../arm-none-eabi/lib/thumb/v6-m/nofp/crt0.o
LOAD Core/Src/AX5243.o
LOAD Core/Src/SW_interfaces.o
LOAD Core/Src/main.o
LOAD Core/Src/phy.o
LOAD Core/Src/stm32f0xx_it.o
LOAD Core/Src/syscalls.o
LOAD Core/Src/sysmem.o
LOAD Core/Src/system_stm32f0xx.o
LOAD Core/Src/encrypt/OpenUNBEncrypterHL.o
LOAD Core/Src/encrypt/OpenUNBEncrypterLL.o
LOAD Core/Src/encrypt/aes.o
LOAD Core/Src/encrypt/crc24.o
LOAD Core/Src/polar/OpenUNBEncoderLL.o
LOAD Core/Startup/startup_stm32f042f6px.o
LOAD Drivers/STM32F0xx_HAL_Driver/Src/stm32f0xx_ll_dma.o
LOAD Drivers/STM32F0xx_HAL_Driver/Src/stm32f0xx_ll_exti.o
LOAD Drivers/STM32F0xx_HAL_Driver/Src/stm32f0xx_ll_gpio.o
LOAD Drivers/STM32F0xx_HAL_Driver/Src/stm32f0xx_ll_pwr.o
LOAD Drivers/STM32F0xx_HAL_Driver/Src/stm32f0xx_ll_rcc.o
LOAD Drivers/STM32F0xx_HAL_Driver/Src/stm32f0xx_ll_tim.o
LOAD Drivers/STM32F0xx_HAL_Driver/Src/stm32f0xx_ll_usart.o
LOAD Drivers/STM32F0xx_HAL_Driver/Src/stm32f0xx_ll_utils.o
START GROUP
LOAD c:/st/stm32cubeide_1.4.0/stm32cubeide/plugins/com.st.stm32cube.ide.mcu.externaltools.gnu-tools-for-stm32.9-2020-q2-update.win32_1.5.0.202011040924/tools/bin/../lib/gcc/arm-none-eabi/9.3.1/../../../../arm-none-eabi/lib/thumb/v6-m/nofp\libc_nano.a
LOAD c:/st/stm32cubeide_1.4.0/stm32cubeide/plugins/com.st.stm32cube.ide.mcu.externaltools.gnu-tools-for-stm32.9-2020-q2-update.win32_1.5.0.202011040924/tools/bin/../lib/gcc/arm-none-eabi/9.3.1/../../../../arm-none-eabi/lib/thumb/v6-m/nofp\libm.a
END GROUP
START GROUP
LOAD c:/st/stm32cubeide_1.4.0/stm32cubeide/plugins/com.st.stm32cube.ide.mcu.externaltools.gnu-tools-for-stm32.9-2020-q2-update.win32_1.5.0.202011040924/tools/bin/../lib/gcc/arm-none-eabi/9.3.1/thumb/v6-m/nofp\libgcc.a
LOAD c:/st/stm32cubeide_1.4.0/stm32cubeide/plugins/com.st.stm32cube.ide.mcu.externaltools.gnu-tools-for-stm32.9-2020-q2-update.win32_1.5.0.202011040924/tools/bin/../lib/gcc/arm-none-eabi/9.3.1/../../../../arm-none-eabi/lib/thumb/v6-m/nofp\libc_nano.a
END GROUP
START GROUP
LOAD c:/st/stm32cubeide_1.4.0/stm32cubeide/plugins/com.st.stm32cube.ide.mcu.externaltools.gnu-tools-for-stm32.9-2020-q2-update.win32_1.5.0.202011040924/tools/bin/../lib/gcc/arm-none-eabi/9.3.1/thumb/v6-m/nofp\libgcc.a
LOAD c:/st/stm32cubeide_1.4.0/stm32cubeide/plugins/com.st.stm32cube.ide.mcu.externaltools.gnu-tools-for-stm32.9-2020-q2-update.win32_1.5.0.202011040924/tools/bin/../lib/gcc/arm-none-eabi/9.3.1/../../../../arm-none-eabi/lib/thumb/v6-m/nofp\libc_nano.a
LOAD c:/st/stm32cubeide_1.4.0/stm32cubeide/plugins/com.st.stm32cube.ide.mcu.externaltools.gnu-tools-for-stm32.9-2020-q2-update.win32_1.5.0.202011040924/tools/bin/../lib/gcc/arm-none-eabi/9.3.1/../../../../arm-none-eabi/lib/thumb/v6-m/nofp\libnosys.a
END GROUP
START GROUP
LOAD c:/st/stm32cubeide_1.4.0/stm32cubeide/plugins/com.st.stm32cube.ide.mcu.externaltools.gnu-tools-for-stm32.9-2020-q2-update.win32_1.5.0.202011040924/tools/bin/../lib/gcc/arm-none-eabi/9.3.1/thumb/v6-m/nofp\libgcc.a
LOAD c:/st/stm32cubeide_1.4.0/stm32cubeide/plugins/com.st.stm32cube.ide.mcu.externaltools.gnu-tools-for-stm32.9-2020-q2-update.win32_1.5.0.202011040924/tools/bin/../lib/gcc/arm-none-eabi/9.3.1/../../../../arm-none-eabi/lib/thumb/v6-m/nofp\libc_nano.a
LOAD c:/st/stm32cubeide_1.4.0/stm32cubeide/plugins/com.st.stm32cube.ide.mcu.externaltools.gnu-tools-for-stm32.9-2020-q2-update.win32_1.5.0.202011040924/tools/bin/../lib/gcc/arm-none-eabi/9.3.1/../../../../arm-none-eabi/lib/thumb/v6-m/nofp\libnosys.a
END GROUP
LOAD c:/st/stm32cubeide_1.4.0/stm32cubeide/plugins/com.st.stm32cube.ide.mcu.externaltools.gnu-tools-for-stm32.9-2020-q2-update.win32_1.5.0.202011040924/tools/bin/../lib/gcc/arm-none-eabi/9.3.1/thumb/v6-m/nofp/crtend.o
LOAD c:/st/stm32cubeide_1.4.0/stm32cubeide/plugins/com.st.stm32cube.ide.mcu.externaltools.gnu-tools-for-stm32.9-2020-q2-update.win32_1.5.0.202011040924/tools/bin/../lib/gcc/arm-none-eabi/9.3.1/thumb/v6-m/nofp/crtn.o
                0x0000000020001800                _estack = (ORIGIN (RAM) + LENGTH (RAM))
                0x0000000000000200                _Min_Heap_Size = 0x200
                0x0000000000000400                _Min_Stack_Size = 0x400

.isr_vector     0x0000000008000000       0xc0
                0x0000000008000000                . = ALIGN (0x4)
 *(.isr_vector)
 .isr_vector    0x0000000008000000       0xc0 Core/Startup/startup_stm32f042f6px.o
                0x0000000008000000                g_pfnVectors
                0x00000000080000c0                . = ALIGN (0x4)

.text           0x00000000080000c0     0x7408
                0x00000000080000c0                . = ALIGN (0x4)
 *(.text)
 .text          0x00000000080000c0       0x48 c:/st/stm32cubeide_1.4.0/stm32cubeide/plugins/com.st.stm32cube.ide.mcu.externaltools.gnu-tools-for-stm32.9-2020-q2-update.win32_1.5.0.202011040924/tools/bin/../lib/gcc/arm-none-eabi/9.3.1/thumb/v6-m/nofp/crtbegin.o
 .text          0x0000000008000108        0xe c:/st/stm32cubeide_1.4.0/stm32cubeide/plugins/com.st.stm32cube.ide.mcu.externaltools.gnu-tools-for-stm32.9-2020-q2-update.win32_1.5.0.202011040924/tools/bin/../lib/gcc/arm-none-eabi/9.3.1/../../../../arm-none-eabi/lib/thumb/v6-m/nofp\libc_nano.a(lib_a-strlen.o)
                0x0000000008000108                strlen
 *fill*         0x0000000008000116        0x2 
 .text          0x0000000008000118       0x14 c:/st/stm32cubeide_1.4.0/stm32cubeide/plugins/com.st.stm32cube.ide.mcu.externaltools.gnu-tools-for-stm32.9-2020-q2-update.win32_1.5.0.202011040924/tools/bin/../lib/gcc/arm-none-eabi/9.3.1/thumb/v6-m/nofp\libgcc.a(_thumb1_case_shi.o)
                0x0000000008000118                __gnu_thumb1_case_shi
 .text          0x000000000800012c      0x114 c:/st/stm32cubeide_1.4.0/stm32cubeide/plugins/com.st.stm32cube.ide.mcu.externaltools.gnu-tools-for-stm32.9-2020-q2-update.win32_1.5.0.202011040924/tools/bin/../lib/gcc/arm-none-eabi/9.3.1/thumb/v6-m/nofp\libgcc.a(_udivsi3.o)
                0x000000000800012c                __aeabi_uidiv
                0x000000000800012c                __udivsi3
                0x0000000008000238                __aeabi_uidivmod
 .text          0x0000000008000240      0x1d4 c:/st/stm32cubeide_1.4.0/stm32cubeide/plugins/com.st.stm32cube.ide.mcu.externaltools.gnu-tools-for-stm32.9-2020-q2-update.win32_1.5.0.202011040924/tools/bin/../lib/gcc/arm-none-eabi/9.3.1/thumb/v6-m/nofp\libgcc.a(_divsi3.o)
                0x0000000008000240                __divsi3
                0x0000000008000240                __aeabi_idiv
                0x000000000800040c                __aeabi_idivmod
 .text          0x0000000008000414        0x4 c:/st/stm32cubeide_1.4.0/stm32cubeide/plugins/com.st.stm32cube.ide.mcu.externaltools.gnu-tools-for-stm32.9-2020-q2-update.win32_1.5.0.202011040924/tools/bin/../lib/gcc/arm-none-eabi/9.3.1/thumb/v6-m/nofp\libgcc.a(_dvmd_tls.o)
                0x0000000008000414                __aeabi_idiv0
                0x0000000008000414                __aeabi_ldiv0
 .text          0x0000000008000418       0x48 c:/st/stm32cubeide_1.4.0/stm32cubeide/plugins/com.st.stm32cube.ide.mcu.externaltools.gnu-tools-for-stm32.9-2020-q2-update.win32_1.5.0.202011040924/tools/bin/../lib/gcc/arm-none-eabi/9.3.1/thumb/v6-m/nofp\libgcc.a(_aeabi_ldivmod.o)
                0x0000000008000418                __aeabi_ldivmod
 .text          0x0000000008000460       0x40 c:/st/stm32cubeide_1.4.0/stm32cubeide/plugins/com.st.stm32cube.ide.mcu.externaltools.gnu-tools-for-stm32.9-2020-q2-update.win32_1.5.0.202011040924/tools/bin/../lib/gcc/arm-none-eabi/9.3.1/thumb/v6-m/nofp\libgcc.a(_aeabi_uldivmod.o)
                0x0000000008000460                __aeabi_uldivmod
 .text          0x00000000080004a0       0x50 c:/st/stm32cubeide_1.4.0/stm32cubeide/plugins/com.st.stm32cube.ide.mcu.externaltools.gnu-tools-for-stm32.9-2020-q2-update.win32_1.5.0.202011040924/tools/bin/../lib/gcc/arm-none-eabi/9.3.1/thumb/v6-m/nofp\libgcc.a(_muldi3.o)
                0x00000000080004a0                __muldi3
                0x00000000080004a0                __aeabi_lmul
 .text          0x00000000080004f0      0x198 c:/st/stm32cubeide_1.4.0/stm32cubeide/plugins/com.st.stm32cube.ide.mcu.externaltools.gnu-tools-for-stm32.9-2020-q2-update.win32_1.5.0.202011040924/tools/bin/../lib/gcc/arm-none-eabi/9.3.1/thumb/v6-m/nofp\libgcc.a(_udivmoddi4.o)
                0x00000000080004f0                __udivmoddi4
 .text          0x0000000008000688       0x3c c:/st/stm32cubeide_1.4.0/stm32cubeide/plugins/com.st.stm32cube.ide.mcu.externaltools.gnu-tools-for-stm32.9-2020-q2-update.win32_1.5.0.202011040924/tools/bin/../lib/gcc/arm-none-eabi/9.3.1/thumb/v6-m/nofp\libgcc.a(bpabi.o)
                0x0000000008000688                __gnu_ldivmod_helper
 .text          0x00000000080006c4       0x18 c:/st/stm32cubeide_1.4.0/stm32cubeide/plugins/com.st.stm32cube.ide.mcu.externaltools.gnu-tools-for-stm32.9-2020-q2-update.win32_1.5.0.202011040924/tools/bin/../lib/gcc/arm-none-eabi/9.3.1/thumb/v6-m/nofp\libgcc.a(_clzdi2.o)
                0x00000000080006c4                __clzdi2
 .text          0x00000000080006dc      0x1cc c:/st/stm32cubeide_1.4.0/stm32cubeide/plugins/com.st.stm32cube.ide.mcu.externaltools.gnu-tools-for-stm32.9-2020-q2-update.win32_1.5.0.202011040924/tools/bin/../lib/gcc/arm-none-eabi/9.3.1/thumb/v6-m/nofp\libgcc.a(_divdi3.o)
                0x00000000080006dc                __divdi3
 .text          0x00000000080008a8       0x3c c:/st/stm32cubeide_1.4.0/stm32cubeide/plugins/com.st.stm32cube.ide.mcu.externaltools.gnu-tools-for-stm32.9-2020-q2-update.win32_1.5.0.202011040924/tools/bin/../lib/gcc/arm-none-eabi/9.3.1/thumb/v6-m/nofp\libgcc.a(_clzsi2.o)
                0x00000000080008a8                __clzsi2
 *(.text*)
 .text.AX5243_u_delay
                0x00000000080008e4       0x30 Core/Src/AX5243.o
                0x00000000080008e4                AX5243_u_delay
 .text.DbmToa1  0x0000000008000914       0x50 Core/Src/AX5243.o
                0x0000000008000914                DbmToa1
 .text.SPI_TR_24
                0x0000000008000964       0xcc Core/Src/AX5243.o
                0x0000000008000964                SPI_TR_24
 .text.SPI_TR_16
                0x0000000008000a30       0xe0 Core/Src/AX5243.o
                0x0000000008000a30                SPI_TR_16
 .text.AX5243_init
                0x0000000008000b10      0x2e8 Core/Src/AX5243.o
                0x0000000008000b10                AX5243_init
 .text.AX5243_transmit
                0x0000000008000df8      0x20c Core/Src/AX5243.o
                0x0000000008000df8                AX5243_transmit
 .text.AX5243_set_fr
                0x0000000008001004      0x164 Core/Src/AX5243.o
                0x0000000008001004                AX5243_set_fr
 .text.AX5243_set_pw
                0x0000000008001168       0xf4 Core/Src/AX5243.o
                0x0000000008001168                AX5243_set_pw
 .text.AX5243_set_pd
                0x000000000800125c       0x84 Core/Src/AX5243.o
                0x000000000800125c                AX5243_set_pd
 .text.AX5243_rs
                0x00000000080012e0      0x2e8 Core/Src/AX5243.o
                0x00000000080012e0                AX5243_rs
 .text.cdelay   0x00000000080015c8       0x30 Core/Src/SW_interfaces.o
                0x00000000080015c8                cdelay
 .text.I2C_Start
                0x00000000080015f8       0x88 Core/Src/SW_interfaces.o
                0x00000000080015f8                I2C_Start
 .text.I2C_Stop
                0x0000000008001680       0x34 Core/Src/SW_interfaces.o
                0x0000000008001680                I2C_Stop
 .text.I2C_Write_Byte
                0x00000000080016b4       0xb4 Core/Src/SW_interfaces.o
                0x00000000080016b4                I2C_Write_Byte
 .text.I2C_Read_Byte
                0x0000000008001768       0xbc Core/Src/SW_interfaces.o
                0x0000000008001768                I2C_Read_Byte
 .text.SPI2_Write_Byte
                0x0000000008001824       0xe8 Core/Src/SW_interfaces.o
                0x0000000008001824                SPI2_Write_Byte
 .text.SPI2_Read_Byte
                0x000000000800190c      0x150 Core/Src/SW_interfaces.o
                0x000000000800190c                SPI2_Read_Byte
 .text.LL_RCC_HSE_EnableBypass
                0x0000000008001a5c       0x1c Core/Src/main.o
 .text.LL_RCC_HSE_Enable
                0x0000000008001a78       0x1c Core/Src/main.o
 .text.LL_RCC_HSE_IsReady
                0x0000000008001a94       0x28 Core/Src/main.o
 .text.LL_RCC_SetSysClkSource
                0x0000000008001abc       0x28 Core/Src/main.o
 .text.LL_RCC_GetSysClkSource
                0x0000000008001ae4       0x18 Core/Src/main.o
 .text.LL_RCC_SetAHBPrescaler
                0x0000000008001afc       0x28 Core/Src/main.o
 .text.LL_RCC_SetAPB1Prescaler
                0x0000000008001b24       0x2c Core/Src/main.o
 .text.LL_RCC_PLL_Enable
                0x0000000008001b50       0x1c Core/Src/main.o
 .text.LL_RCC_PLL_IsReady
                0x0000000008001b6c       0x28 Core/Src/main.o
 .text.LL_RCC_PLL_ConfigDomain_SYS
                0x0000000008001b94       0x44 Core/Src/main.o
 .text.LL_AHB1_GRP1_EnableClock
                0x0000000008001bd8       0x2c Core/Src/main.o
 .text.LL_APB1_GRP1_EnableClock
                0x0000000008001c04       0x2c Core/Src/main.o
 .text.LL_APB1_GRP2_EnableClock
                0x0000000008001c30       0x2c Core/Src/main.o
 .text.LL_FLASH_SetLatency
                0x0000000008001c5c       0x28 Core/Src/main.o
 .text.LL_FLASH_GetLatency
                0x0000000008001c84       0x18 Core/Src/main.o
 .text.LL_SYSTICK_EnableIT
                0x0000000008001c9c       0x1c Core/Src/main.o
 .text.LL_TIM_EnableCounter
                0x0000000008001cb8       0x1c Core/Src/main.o
 .text.LL_TIM_DisableARRPreload
                0x0000000008001cd4       0x1e Core/Src/main.o
 *fill*         0x0000000008001cf2        0x2 
 .text.LL_TIM_SetClockSource
                0x0000000008001cf4       0x28 Core/Src/main.o
 .text.LL_TIM_SetTriggerOutput
                0x0000000008001d1c       0x24 Core/Src/main.o
 .text.LL_TIM_DisableMasterSlaveMode
                0x0000000008001d40       0x1e Core/Src/main.o
 .text.LL_USART_Enable
                0x0000000008001d5e       0x1c Core/Src/main.o
 .text.LL_USART_EnableDirectionRx
                0x0000000008001d7a       0x1c Core/Src/main.o
 .text.LL_USART_DisableDirectionRx
                0x0000000008001d96       0x1e Core/Src/main.o
 .text.LL_USART_ConfigAsyncMode
                0x0000000008001db4       0x30 Core/Src/main.o
 .text.LL_USART_IsActiveFlag_IDLE
                0x0000000008001de4       0x22 Core/Src/main.o
 .text.LL_USART_IsActiveFlag_RXNE
                0x0000000008001e06       0x22 Core/Src/main.o
 .text.LL_USART_IsActiveFlag_TXE
                0x0000000008001e28       0x22 Core/Src/main.o
 .text.LL_USART_ClearFlag_IDLE
                0x0000000008001e4a       0x16 Core/Src/main.o
 .text.LL_USART_DisableIT_CTS
                0x0000000008001e60       0x20 Core/Src/main.o
 .text.LL_USART_TransmitData8
                0x0000000008001e80       0x20 Core/Src/main.o
 .text.LL_GPIO_SetOutputPin
                0x0000000008001ea0       0x18 Core/Src/main.o
 .text.LL_GPIO_ResetOutputPin
                0x0000000008001eb8       0x18 Core/Src/main.o
 .text.FLASH_Unlock
                0x0000000008001ed0       0x2c Core/Src/main.o
                0x0000000008001ed0                FLASH_Unlock
 .text.FLASH_Lock
                0x0000000008001efc       0x1c Core/Src/main.o
                0x0000000008001efc                FLASH_Lock
 .text.FLASH_ClearPage
                0x0000000008001f18       0x4c Core/Src/main.o
                0x0000000008001f18                FLASH_ClearPage
 .text.FLASH_Read
                0x0000000008001f64       0x16 Core/Src/main.o
                0x0000000008001f64                FLASH_Read
 *fill*         0x0000000008001f7a        0x2 
 .text.FLASH_Write
                0x0000000008001f7c       0x54 Core/Src/main.o
                0x0000000008001f7c                FLASH_Write
 .text.FLASH_Read_Data
                0x0000000008001fd0       0x20 Core/Src/main.o
                0x0000000008001fd0                FLASH_Read_Data
 .text.FLASH_Write_Data
                0x0000000008001ff0       0x58 Core/Src/main.o
                0x0000000008001ff0                FLASH_Write_Data
 .text.main     0x0000000008002048      0xab4 Core/Src/main.o
                0x0000000008002048                main
 .text.SystemClock_Config
                0x0000000008002afc       0x80 Core/Src/main.o
                0x0000000008002afc                SystemClock_Config
 .text.MX_TIM2_Init
                0x0000000008002b7c       0x7c Core/Src/main.o
 .text.MX_TIM3_Init
                0x0000000008002bf8       0x74 Core/Src/main.o
 .text.MX_USART2_UART_Init
                0x0000000008002c6c       0xfc Core/Src/main.o
 .text.MX_GPIO_Init
                0x0000000008002d68      0x22c Core/Src/main.o
 .text.preapare_msg_16bit
                0x0000000008002f94       0xcc Core/Src/main.o
                0x0000000008002f94                preapare_msg_16bit
 .text.preapare_msg_48bit
                0x0000000008003060       0xe8 Core/Src/main.o
                0x0000000008003060                preapare_msg_48bit
 .text.preapare_msg_activate
                0x0000000008003148       0xac Core/Src/main.o
                0x0000000008003148                preapare_msg_activate
 .text.USART_TX_Str
                0x00000000080031f4       0x70 Core/Src/main.o
                0x00000000080031f4                USART_TX_Str
 .text.USART_TX_h_VAL
                0x0000000008003264      0x118 Core/Src/main.o
                0x0000000008003264                USART_TX_h_VAL
 .text.USART_TX_h_VAL_without_text
                0x000000000800337c       0xb8 Core/Src/main.o
                0x000000000800337c                USART_TX_h_VAL_without_text
 .text.USART_TX_d_VAL
                0x0000000008003434      0x20c Core/Src/main.o
                0x0000000008003434                USART_TX_d_VAL
 .text.USART_RX_Str
                0x0000000008003640       0xbc Core/Src/main.o
                0x0000000008003640                USART_RX_Str
 .text.AsciiToDec
                0x00000000080036fc       0xd0 Core/Src/main.o
                0x00000000080036fc                AsciiToDec
 .text.AsciiToHex
                0x00000000080037cc       0xf8 Core/Src/main.o
                0x00000000080037cc                AsciiToHex
 .text.Ascii2ToHex
                0x00000000080038c4      0x210 Core/Src/main.o
                0x00000000080038c4                Ascii2ToHex
 .text.to_diff  0x0000000008003ad4       0xb6 Core/Src/phy.o
                0x0000000008003ad4                to_diff
 .text.NMI_Handler
                0x0000000008003b8a        0x6 Core/Src/stm32f0xx_it.o
                0x0000000008003b8a                NMI_Handler
 .text.HardFault_Handler
                0x0000000008003b90        0x6 Core/Src/stm32f0xx_it.o
                0x0000000008003b90                HardFault_Handler
 .text.SVC_Handler
                0x0000000008003b96        0xa Core/Src/stm32f0xx_it.o
                0x0000000008003b96                SVC_Handler
 .text.PendSV_Handler
                0x0000000008003ba0        0xa Core/Src/stm32f0xx_it.o
                0x0000000008003ba0                PendSV_Handler
 *fill*         0x0000000008003baa        0x2 
 .text.SysTick_Handler
                0x0000000008003bac       0x18 Core/Src/stm32f0xx_it.o
                0x0000000008003bac                SysTick_Handler
 .text._getpid  0x0000000008003bc4        0xc Core/Src/syscalls.o
                0x0000000008003bc4                _getpid
 .text._kill    0x0000000008003bd0       0x20 Core/Src/syscalls.o
                0x0000000008003bd0                _kill
 .text._exit    0x0000000008003bf0       0x18 Core/Src/syscalls.o
                0x0000000008003bf0                _exit
 .text._read    0x0000000008003c08       0x3a Core/Src/syscalls.o
                0x0000000008003c08                _read
 .text._write   0x0000000008003c42       0x38 Core/Src/syscalls.o
                0x0000000008003c42                _write
 .text._close   0x0000000008003c7a       0x14 Core/Src/syscalls.o
                0x0000000008003c7a                _close
 .text._fstat   0x0000000008003c8e       0x1c Core/Src/syscalls.o
                0x0000000008003c8e                _fstat
 .text._isatty  0x0000000008003caa       0x12 Core/Src/syscalls.o
                0x0000000008003caa                _isatty
 .text._lseek   0x0000000008003cbc       0x16 Core/Src/syscalls.o
                0x0000000008003cbc                _lseek
 *fill*         0x0000000008003cd2        0x2 
 .text._sbrk    0x0000000008003cd4       0x6c Core/Src/sysmem.o
                0x0000000008003cd4                _sbrk
 .text.SystemInit
                0x0000000008003d40        0xa Core/Src/system_stm32f0xx.o
                0x0000000008003d40                SystemInit
 .text.htonl    0x0000000008003d4a       0x14 Core/Src/encrypt/OpenUNBEncrypterHL.o
                0x0000000008003d4a                htonl
 .text.htons    0x0000000008003d5e       0x1c Core/Src/encrypt/OpenUNBEncrypterHL.o
                0x0000000008003d5e                htons
 .text.initEncrypter
                0x0000000008003d7a       0x86 Core/Src/encrypt/OpenUNBEncrypterHL.o
                0x0000000008003d7a                initEncrypter
 .text.encodeActivateMsg
                0x0000000008003e00      0x2a4 Core/Src/encrypt/OpenUNBEncrypterHL.o
                0x0000000008003e00                encodeActivateMsg
 .text.encodeData
                0x00000000080040a4      0x564 Core/Src/encrypt/OpenUNBEncrypterHL.o
                0x00000000080040a4                encodeData
 .text.memcpy_endian
                0x0000000008004608       0x66 Core/Src/encrypt/OpenUNBEncrypterLL.o
                0x0000000008004608                memcpy_endian
 .text.getKa    0x000000000800466e       0x6a Core/Src/encrypt/OpenUNBEncrypterLL.o
                0x000000000800466e                getKa
 .text.getDevAddr
                0x00000000080046d8       0x82 Core/Src/encrypt/OpenUNBEncrypterLL.o
                0x00000000080046d8                getDevAddr
 .text.getKm    0x000000000800475a       0x62 Core/Src/encrypt/OpenUNBEncrypterLL.o
                0x000000000800475a                getKm
 .text.getKe    0x00000000080047bc       0x62 Core/Src/encrypt/OpenUNBEncrypterLL.o
                0x00000000080047bc                getKe
 .text.cryptoMacPayload
                0x000000000800481e       0xac Core/Src/encrypt/OpenUNBEncrypterLL.o
                0x000000000800481e                cryptoMacPayload
 .text.getMIC   0x00000000080048ca      0x27e Core/Src/encrypt/OpenUNBEncrypterLL.o
                0x00000000080048ca                getMIC
 .text.aesCTR   0x0000000008004b48       0x50 Core/Src/encrypt/OpenUNBEncrypterLL.o
                0x0000000008004b48                aesCTR
 .text.aesECB   0x0000000008004b98       0x3a Core/Src/encrypt/OpenUNBEncrypterLL.o
                0x0000000008004b98                aesECB
 .text.encECB   0x0000000008004bd2       0x20 Core/Src/encrypt/OpenUNBEncrypterLL.o
                0x0000000008004bd2                encECB
 .text.encCTR   0x0000000008004bf2       0x28 Core/Src/encrypt/OpenUNBEncrypterLL.o
                0x0000000008004bf2                encCTR
 *fill*         0x0000000008004c1a        0x2 
 .text.KeyExpansion
                0x0000000008004c1c      0x1dc Core/Src/encrypt/aes.o
 .text.AES_init_ctx
                0x0000000008004df8       0x1e Core/Src/encrypt/aes.o
                0x0000000008004df8                AES_init_ctx
 .text.AES_init_ctx_iv
                0x0000000008004e16       0x2e Core/Src/encrypt/aes.o
                0x0000000008004e16                AES_init_ctx_iv
 .text.AddRoundKey
                0x0000000008004e44       0xa2 Core/Src/encrypt/aes.o
 *fill*         0x0000000008004ee6        0x2 
 .text.SubBytes
                0x0000000008004ee8       0x80 Core/Src/encrypt/aes.o
 .text.ShiftRows
                0x0000000008004f68       0x92 Core/Src/encrypt/aes.o
 .text.xtime    0x0000000008004ffa       0x40 Core/Src/encrypt/aes.o
 .text.MixColumns
                0x000000000800503a      0x208 Core/Src/encrypt/aes.o
 .text.Cipher   0x0000000008005242       0x76 Core/Src/encrypt/aes.o
 .text.AES_ECB_encrypt
                0x00000000080052b8       0x1e Core/Src/encrypt/aes.o
                0x00000000080052b8                AES_ECB_encrypt
 .text.AES_CTR_xcrypt_buffer
                0x00000000080052d6       0xce Core/Src/encrypt/aes.o
                0x00000000080052d6                AES_CTR_xcrypt_buffer
 .text.crc24    0x00000000080053a4       0x70 Core/Src/encrypt/crc24.o
                0x00000000080053a4                crc24
 .text.byties_to_bits
                0x0000000008005414       0xa8 Core/Src/polar/OpenUNBEncoderLL.o
                0x0000000008005414                byties_to_bits
 .text.bits_to_byties
                0x00000000080054bc       0x88 Core/Src/polar/OpenUNBEncoderLL.o
                0x00000000080054bc                bits_to_byties
 .text.encode96
                0x0000000008005544       0x68 Core/Src/polar/OpenUNBEncoderLL.o
                0x0000000008005544                encode96
 .text.encode64
                0x00000000080055ac       0x64 Core/Src/polar/OpenUNBEncoderLL.o
                0x00000000080055ac                encode64
 .text.stdpolar_encode_systematic_noperm
                0x0000000008005610      0x194 Core/Src/polar/OpenUNBEncoderLL.o
                0x0000000008005610                stdpolar_encode_systematic_noperm
 .text.solve_recursively
                0x00000000080057a4      0x1f2 Core/Src/polar/OpenUNBEncoderLL.o
                0x00000000080057a4                solve_recursively
 .text.add_crc  0x0000000008005996       0x96 Core/Src/polar/OpenUNBEncoderLL.o
                0x0000000008005996                add_crc
 .text.Reset_Handler
                0x0000000008005a2c       0x80 Core/Startup/startup_stm32f042f6px.o
                0x0000000008005a2c                Reset_Handler
 .text.Default_Handler
                0x0000000008005aac        0x2 Core/Startup/startup_stm32f042f6px.o
                0x0000000008005aac                TIM1_CC_IRQHandler
                0x0000000008005aac                TSC_IRQHandler
                0x0000000008005aac                I2C1_IRQHandler
                0x0000000008005aac                RCC_CRS_IRQHandler
                0x0000000008005aac                SPI1_IRQHandler
                0x0000000008005aac                EXTI2_3_IRQHandler
                0x0000000008005aac                ADC1_IRQHandler
                0x0000000008005aac                TIM17_IRQHandler
                0x0000000008005aac                CEC_CAN_IRQHandler
                0x0000000008005aac                RTC_IRQHandler
                0x0000000008005aac                PVD_VDDIO2_IRQHandler
                0x0000000008005aac                TIM16_IRQHandler
                0x0000000008005aac                TIM3_IRQHandler
                0x0000000008005aac                EXTI4_15_IRQHandler
                0x0000000008005aac                DMA1_Channel1_IRQHandler
                0x0000000008005aac                Default_Handler
                0x0000000008005aac                TIM14_IRQHandler
                0x0000000008005aac                DMA1_Channel4_5_IRQHandler
                0x0000000008005aac                EXTI0_1_IRQHandler
                0x0000000008005aac                USB_IRQHandler
                0x0000000008005aac                SPI2_IRQHandler
                0x0000000008005aac                WWDG_IRQHandler
                0x0000000008005aac                TIM2_IRQHandler
                0x0000000008005aac                DMA1_Channel2_3_IRQHandler
                0x0000000008005aac                USART2_IRQHandler
                0x0000000008005aac                FLASH_IRQHandler
                0x0000000008005aac                USART1_IRQHandler
                0x0000000008005aac                TIM1_BRK_UP_TRG_COM_IRQHandler
 .text.LL_GPIO_SetPinMode
                0x0000000008005aae       0x38 Drivers/STM32F0xx_HAL_Driver/Src/stm32f0xx_ll_gpio.o
 .text.LL_GPIO_SetPinOutputType
                0x0000000008005ae6       0x2a Drivers/STM32F0xx_HAL_Driver/Src/stm32f0xx_ll_gpio.o
 .text.LL_GPIO_SetPinSpeed
                0x0000000008005b10       0x38 Drivers/STM32F0xx_HAL_Driver/Src/stm32f0xx_ll_gpio.o
 .text.LL_GPIO_SetPinPull
                0x0000000008005b48       0x38 Drivers/STM32F0xx_HAL_Driver/Src/stm32f0xx_ll_gpio.o
 .text.LL_GPIO_SetAFPin_0_7
                0x0000000008005b80       0x46 Drivers/STM32F0xx_HAL_Driver/Src/stm32f0xx_ll_gpio.o
 .text.LL_GPIO_SetAFPin_8_15
                0x0000000008005bc6       0x5a Drivers/STM32F0xx_HAL_Driver/Src/stm32f0xx_ll_gpio.o
 .text.LL_GPIO_Init
                0x0000000008005c20       0xb8 Drivers/STM32F0xx_HAL_Driver/Src/stm32f0xx_ll_gpio.o
                0x0000000008005c20                LL_GPIO_Init
 .text.LL_RCC_HSI_IsReady
                0x0000000008005cd8       0x20 Drivers/STM32F0xx_HAL_Driver/Src/stm32f0xx_ll_rcc.o
 .text.LL_RCC_LSE_IsReady
                0x0000000008005cf8       0x20 Drivers/STM32F0xx_HAL_Driver/Src/stm32f0xx_ll_rcc.o
 .text.LL_RCC_GetSysClkSource
                0x0000000008005d18       0x18 Drivers/STM32F0xx_HAL_Driver/Src/stm32f0xx_ll_rcc.o
 .text.LL_RCC_GetAHBPrescaler
                0x0000000008005d30       0x18 Drivers/STM32F0xx_HAL_Driver/Src/stm32f0xx_ll_rcc.o
 .text.LL_RCC_GetAPB1Prescaler
                0x0000000008005d48       0x18 Drivers/STM32F0xx_HAL_Driver/Src/stm32f0xx_ll_rcc.o
 .text.LL_RCC_GetUSARTClockSource
                0x0000000008005d60       0x28 Drivers/STM32F0xx_HAL_Driver/Src/stm32f0xx_ll_rcc.o
 .text.LL_RCC_PLL_GetMainSource
                0x0000000008005d88       0x18 Drivers/STM32F0xx_HAL_Driver/Src/stm32f0xx_ll_rcc.o
 .text.LL_RCC_PLL_GetMultiplicator
                0x0000000008005da0       0x18 Drivers/STM32F0xx_HAL_Driver/Src/stm32f0xx_ll_rcc.o
 .text.LL_RCC_PLL_GetPrediv
                0x0000000008005db8       0x18 Drivers/STM32F0xx_HAL_Driver/Src/stm32f0xx_ll_rcc.o
 .text.LL_RCC_GetSystemClocksFreq
                0x0000000008005dd0       0x3a Drivers/STM32F0xx_HAL_Driver/Src/stm32f0xx_ll_rcc.o
                0x0000000008005dd0                LL_RCC_GetSystemClocksFreq
 *fill*         0x0000000008005e0a        0x2 
 .text.LL_RCC_GetUSARTClockFreq
                0x0000000008005e0c       0x88 Drivers/STM32F0xx_HAL_Driver/Src/stm32f0xx_ll_rcc.o
                0x0000000008005e0c                LL_RCC_GetUSARTClockFreq
 .text.RCC_GetSystemClockFreq
                0x0000000008005e94       0x60 Drivers/STM32F0xx_HAL_Driver/Src/stm32f0xx_ll_rcc.o
                0x0000000008005e94                RCC_GetSystemClockFreq
 .text.RCC_GetHCLKClockFreq
                0x0000000008005ef4       0x2c Drivers/STM32F0xx_HAL_Driver/Src/stm32f0xx_ll_rcc.o
                0x0000000008005ef4                RCC_GetHCLKClockFreq
 .text.RCC_GetPCLK1ClockFreq
                0x0000000008005f20       0x28 Drivers/STM32F0xx_HAL_Driver/Src/stm32f0xx_ll_rcc.o
                0x0000000008005f20                RCC_GetPCLK1ClockFreq
 .text.RCC_PLL_GetFreqDomain_SYS
                0x0000000008005f48       0x94 Drivers/STM32F0xx_HAL_Driver/Src/stm32f0xx_ll_rcc.o
                0x0000000008005f48                RCC_PLL_GetFreqDomain_SYS
 .text.LL_TIM_SetPrescaler
                0x0000000008005fdc       0x18 Drivers/STM32F0xx_HAL_Driver/Src/stm32f0xx_ll_tim.o
 .text.LL_TIM_SetAutoReload
                0x0000000008005ff4       0x18 Drivers/STM32F0xx_HAL_Driver/Src/stm32f0xx_ll_tim.o
 .text.LL_TIM_SetRepetitionCounter
                0x000000000800600c       0x18 Drivers/STM32F0xx_HAL_Driver/Src/stm32f0xx_ll_tim.o
 .text.LL_TIM_GenerateEvent_UPDATE
                0x0000000008006024       0x1c Drivers/STM32F0xx_HAL_Driver/Src/stm32f0xx_ll_tim.o
 .text.LL_TIM_Init
                0x0000000008006040       0xf0 Drivers/STM32F0xx_HAL_Driver/Src/stm32f0xx_ll_tim.o
                0x0000000008006040                LL_TIM_Init
 .text.LL_USART_IsEnabled
                0x0000000008006130       0x22 Drivers/STM32F0xx_HAL_Driver/Src/stm32f0xx_ll_usart.o
 *fill*         0x0000000008006152        0x2 
 .text.LL_USART_SetStopBitsLength
                0x0000000008006154       0x28 Drivers/STM32F0xx_HAL_Driver/Src/stm32f0xx_ll_usart.o
 .text.LL_USART_SetHWFlowCtrl
                0x000000000800617c       0x28 Drivers/STM32F0xx_HAL_Driver/Src/stm32f0xx_ll_usart.o
 .text.LL_USART_SetBaudRate
                0x00000000080061a4       0x78 Drivers/STM32F0xx_HAL_Driver/Src/stm32f0xx_ll_usart.o
 .text.LL_USART_Init
                0x000000000800621c       0xd0 Drivers/STM32F0xx_HAL_Driver/Src/stm32f0xx_ll_usart.o
                0x000000000800621c                LL_USART_Init
 .text.LL_InitTick
                0x00000000080062ec       0x34 Drivers/STM32F0xx_HAL_Driver/Src/stm32f0xx_ll_utils.o
 .text.LL_Init1msTick
                0x0000000008006320       0x1e Drivers/STM32F0xx_HAL_Driver/Src/stm32f0xx_ll_utils.o
                0x0000000008006320                LL_Init1msTick
 *fill*         0x000000000800633e        0x2 
 .text.LL_mDelay
                0x0000000008006340       0x44 Drivers/STM32F0xx_HAL_Driver/Src/stm32f0xx_ll_utils.o
                0x0000000008006340                LL_mDelay
 .text.LL_SetSystemCoreClock
                0x0000000008006384       0x1c Drivers/STM32F0xx_HAL_Driver/Src/stm32f0xx_ll_utils.o
                0x0000000008006384                LL_SetSystemCoreClock
 .text.__errno  0x00000000080063a0        0xc c:/st/stm32cubeide_1.4.0/stm32cubeide/plugins/com.st.stm32cube.ide.mcu.externaltools.gnu-tools-for-stm32.9-2020-q2-update.win32_1.5.0.202011040924/tools/bin/../lib/gcc/arm-none-eabi/9.3.1/../../../../arm-none-eabi/lib/thumb/v6-m/nofp\libc_nano.a(lib_a-errno.o)
                0x00000000080063a0                __errno
 .text.__libc_init_array
                0x00000000080063ac       0x48 c:/st/stm32cubeide_1.4.0/stm32cubeide/plugins/com.st.stm32cube.ide.mcu.externaltools.gnu-tools-for-stm32.9-2020-q2-update.win32_1.5.0.202011040924/tools/bin/../lib/gcc/arm-none-eabi/9.3.1/../../../../arm-none-eabi/lib/thumb/v6-m/nofp\libc_nano.a(lib_a-init.o)
                0x00000000080063ac                __libc_init_array
 .text.memcpy   0x00000000080063f4       0x12 c:/st/stm32cubeide_1.4.0/stm32cubeide/plugins/com.st.stm32cube.ide.mcu.externaltools.gnu-tools-for-stm32.9-2020-q2-update.win32_1.5.0.202011040924/tools/bin/../lib/gcc/arm-none-eabi/9.3.1/../../../../arm-none-eabi/lib/thumb/v6-m/nofp\libc_nano.a(lib_a-memcpy-stub.o)
                0x00000000080063f4                memcpy
 .text.memset   0x0000000008006406       0x10 c:/st/stm32cubeide_1.4.0/stm32cubeide/plugins/com.st.stm32cube.ide.mcu.externaltools.gnu-tools-for-stm32.9-2020-q2-update.win32_1.5.0.202011040924/tools/bin/../lib/gcc/arm-none-eabi/9.3.1/../../../../arm-none-eabi/lib/thumb/v6-m/nofp\libc_nano.a(lib_a-memset.o)
                0x0000000008006406                memset
 *fill*         0x0000000008006416        0x2 
 .text.rand     0x0000000008006418       0x7c c:/st/stm32cubeide_1.4.0/stm32cubeide/plugins/com.st.stm32cube.ide.mcu.externaltools.gnu-tools-for-stm32.9-2020-q2-update.win32_1.5.0.202011040924/tools/bin/../lib/gcc/arm-none-eabi/9.3.1/../../../../arm-none-eabi/lib/thumb/v6-m/nofp\libc_nano.a(lib_a-rand.o)
                0x0000000008006418                rand
 .text.__assert_func
                0x0000000008006494       0x3c c:/st/stm32cubeide_1.4.0/stm32cubeide/plugins/com.st.stm32cube.ide.mcu.externaltools.gnu-tools-for-stm32.9-2020-q2-update.win32_1.5.0.202011040924/tools/bin/../lib/gcc/arm-none-eabi/9.3.1/../../../../arm-none-eabi/lib/thumb/v6-m/nofp\libc_nano.a(lib_a-assert.o)
                0x0000000008006494                __assert_func
 .text.fprintf  0x00000000080064d0       0x20 c:/st/stm32cubeide_1.4.0/stm32cubeide/plugins/com.st.stm32cube.ide.mcu.externaltools.gnu-tools-for-stm32.9-2020-q2-update.win32_1.5.0.202011040924/tools/bin/../lib/gcc/arm-none-eabi/9.3.1/../../../../arm-none-eabi/lib/thumb/v6-m/nofp\libc_nano.a(lib_a-fprintf.o)
                0x00000000080064d0                fiprintf
                0x00000000080064d0                fprintf
 .text.malloc   0x00000000080064f0       0x14 c:/st/stm32cubeide_1.4.0/stm32cubeide/plugins/com.st.stm32cube.ide.mcu.externaltools.gnu-tools-for-stm32.9-2020-q2-update.win32_1.5.0.202011040924/tools/bin/../lib/gcc/arm-none-eabi/9.3.1/../../../../arm-none-eabi/lib/thumb/v6-m/nofp\libc_nano.a(lib_a-malloc.o)
                0x00000000080064f0                malloc
 .text._free_r  0x0000000008006504       0x94 c:/st/stm32cubeide_1.4.0/stm32cubeide/plugins/com.st.stm32cube.ide.mcu.externaltools.gnu-tools-for-stm32.9-2020-q2-update.win32_1.5.0.202011040924/tools/bin/../lib/gcc/arm-none-eabi/9.3.1/../../../../arm-none-eabi/lib/thumb/v6-m/nofp\libc_nano.a(lib_a-nano-freer.o)
                0x0000000008006504                _free_r
 .text._malloc_r
                0x0000000008006598       0xbc c:/st/stm32cubeide_1.4.0/stm32cubeide/plugins/com.st.stm32cube.ide.mcu.externaltools.gnu-tools-for-stm32.9-2020-q2-update.win32_1.5.0.202011040924/tools/bin/../lib/gcc/arm-none-eabi/9.3.1/../../../../arm-none-eabi/lib/thumb/v6-m/nofp\libc_nano.a(lib_a-nano-mallocr.o)
                0x0000000008006598                _malloc_r
 .text.__sfputc_r
                0x0000000008006654       0x2a c:/st/stm32cubeide_1.4.0/stm32cubeide/plugins/com.st.stm32cube.ide.mcu.externaltools.gnu-tools-for-stm32.9-2020-q2-update.win32_1.5.0.202011040924/tools/bin/../lib/gcc/arm-none-eabi/9.3.1/../../../../arm-none-eabi/lib/thumb/v6-m/nofp\libc_nano.a(lib_a-nano-vfprintf.o)
 .text.__sfputs_r
                0x000000000800667e       0x24 c:/st/stm32cubeide_1.4.0/stm32cubeide/plugins/com.st.stm32cube.ide.mcu.externaltools.gnu-tools-for-stm32.9-2020-q2-update.win32_1.5.0.202011040924/tools/bin/../lib/gcc/arm-none-eabi/9.3.1/../../../../arm-none-eabi/lib/thumb/v6-m/nofp\libc_nano.a(lib_a-nano-vfprintf.o)
                0x000000000800667e                __sfputs_r
 *fill*         0x00000000080066a2        0x2 
 .text._vfprintf_r
                0x00000000080066a4      0x274 c:/st/stm32cubeide_1.4.0/stm32cubeide/plugins/com.st.stm32cube.ide.mcu.externaltools.gnu-tools-for-stm32.9-2020-q2-update.win32_1.5.0.202011040924/tools/bin/../lib/gcc/arm-none-eabi/9.3.1/../../../../arm-none-eabi/lib/thumb/v6-m/nofp\libc_nano.a(lib_a-nano-vfprintf.o)
                0x00000000080066a4                _vfprintf_r
                0x00000000080066a4                _vfiprintf_r
 .text._printf_common
                0x0000000008006918       0xde c:/st/stm32cubeide_1.4.0/stm32cubeide/plugins/com.st.stm32cube.ide.mcu.externaltools.gnu-tools-for-stm32.9-2020-q2-update.win32_1.5.0.202011040924/tools/bin/../lib/gcc/arm-none-eabi/9.3.1/../../../../arm-none-eabi/lib/thumb/v6-m/nofp\libc_nano.a(lib_a-nano-vfprintf_i.o)
                0x0000000008006918                _printf_common
 *fill*         0x00000000080069f6        0x2 
 .text._printf_i
                0x00000000080069f8      0x224 c:/st/stm32cubeide_1.4.0/stm32cubeide/plugins/com.st.stm32cube.ide.mcu.externaltools.gnu-tools-for-stm32.9-2020-q2-update.win32_1.5.0.202011040924/tools/bin/../lib/gcc/arm-none-eabi/9.3.1/../../../../arm-none-eabi/lib/thumb/v6-m/nofp\libc_nano.a(lib_a-nano-vfprintf_i.o)
                0x00000000080069f8                _printf_i
 .text._sbrk_r  0x0000000008006c1c       0x24 c:/st/stm32cubeide_1.4.0/stm32cubeide/plugins/com.st.stm32cube.ide.mcu.externaltools.gnu-tools-for-stm32.9-2020-q2-update.win32_1.5.0.202011040924/tools/bin/../lib/gcc/arm-none-eabi/9.3.1/../../../../arm-none-eabi/lib/thumb/v6-m/nofp\libc_nano.a(lib_a-sbrkr.o)
                0x0000000008006c1c                _sbrk_r
 .text.__swbuf_r
                0x0000000008006c40       0xac c:/st/stm32cubeide_1.4.0/stm32cubeide/plugins/com.st.stm32cube.ide.mcu.externaltools.gnu-tools-for-stm32.9-2020-q2-update.win32_1.5.0.202011040924/tools/bin/../lib/gcc/arm-none-eabi/9.3.1/../../../../arm-none-eabi/lib/thumb/v6-m/nofp\libc_nano.a(lib_a-wbuf.o)
                0x0000000008006c40                __swbuf_r
 .text.__swsetup_r
                0x0000000008006cec       0xf0 c:/st/stm32cubeide_1.4.0/stm32cubeide/plugins/com.st.stm32cube.ide.mcu.externaltools.gnu-tools-for-stm32.9-2020-q2-update.win32_1.5.0.202011040924/tools/bin/../lib/gcc/arm-none-eabi/9.3.1/../../../../arm-none-eabi/lib/thumb/v6-m/nofp\libc_nano.a(lib_a-wsetup.o)
                0x0000000008006cec                __swsetup_r
 .text.abort    0x0000000008006ddc        0xe c:/st/stm32cubeide_1.4.0/stm32cubeide/plugins/com.st.stm32cube.ide.mcu.externaltools.gnu-tools-for-stm32.9-2020-q2-update.win32_1.5.0.202011040924/tools/bin/../lib/gcc/arm-none-eabi/9.3.1/../../../../arm-none-eabi/lib/thumb/v6-m/nofp\libc_nano.a(lib_a-abort.o)
                0x0000000008006ddc                abort
 *fill*         0x0000000008006dea        0x2 
 .text.__sflush_r
                0x0000000008006dec      0x118 c:/st/stm32cubeide_1.4.0/stm32cubeide/plugins/com.st.stm32cube.ide.mcu.externaltools.gnu-tools-for-stm32.9-2020-q2-update.win32_1.5.0.202011040924/tools/bin/../lib/gcc/arm-none-eabi/9.3.1/../../../../arm-none-eabi/lib/thumb/v6-m/nofp\libc_nano.a(lib_a-fflush.o)
                0x0000000008006dec                __sflush_r
 .text._fflush_r
                0x0000000008006f04       0x80 c:/st/stm32cubeide_1.4.0/stm32cubeide/plugins/com.st.stm32cube.ide.mcu.externaltools.gnu-tools-for-stm32.9-2020-q2-update.win32_1.5.0.202011040924/tools/bin/../lib/gcc/arm-none-eabi/9.3.1/../../../../arm-none-eabi/lib/thumb/v6-m/nofp\libc_nano.a(lib_a-fflush.o)
                0x0000000008006f04                _fflush_r
 .text.std      0x0000000008006f84       0x48 c:/st/stm32cubeide_1.4.0/stm32cubeide/plugins/com.st.stm32cube.ide.mcu.externaltools.gnu-tools-for-stm32.9-2020-q2-update.win32_1.5.0.202011040924/tools/bin/../lib/gcc/arm-none-eabi/9.3.1/../../../../arm-none-eabi/lib/thumb/v6-m/nofp\libc_nano.a(lib_a-findfp.o)
 .text._cleanup_r
                0x0000000008006fcc       0x10 c:/st/stm32cubeide_1.4.0/stm32cubeide/plugins/com.st.stm32cube.ide.mcu.externaltools.gnu-tools-for-stm32.9-2020-q2-update.win32_1.5.0.202011040924/tools/bin/../lib/gcc/arm-none-eabi/9.3.1/../../../../arm-none-eabi/lib/thumb/v6-m/nofp\libc_nano.a(lib_a-findfp.o)
                0x0000000008006fcc                _cleanup_r
 .text.__sfmoreglue
                0x0000000008006fdc       0x2c c:/st/stm32cubeide_1.4.0/stm32cubeide/plugins/com.st.stm32cube.ide.mcu.externaltools.gnu-tools-for-stm32.9-2020-q2-update.win32_1.5.0.202011040924/tools/bin/../lib/gcc/arm-none-eabi/9.3.1/../../../../arm-none-eabi/lib/thumb/v6-m/nofp\libc_nano.a(lib_a-findfp.o)
                0x0000000008006fdc                __sfmoreglue
 .text.__sfp_lock_acquire
                0x0000000008007008       0x10 c:/st/stm32cubeide_1.4.0/stm32cubeide/plugins/com.st.stm32cube.ide.mcu.externaltools.gnu-tools-for-stm32.9-2020-q2-update.win32_1.5.0.202011040924/tools/bin/../lib/gcc/arm-none-eabi/9.3.1/../../../../arm-none-eabi/lib/thumb/v6-m/nofp\libc_nano.a(lib_a-findfp.o)
                0x0000000008007008                __sfp_lock_acquire
 .text.__sfp_lock_release
                0x0000000008007018       0x10 c:/st/stm32cubeide_1.4.0/stm32cubeide/plugins/com.st.stm32cube.ide.mcu.externaltools.gnu-tools-for-stm32.9-2020-q2-update.win32_1.5.0.202011040924/tools/bin/../lib/gcc/arm-none-eabi/9.3.1/../../../../arm-none-eabi/lib/thumb/v6-m/nofp\libc_nano.a(lib_a-findfp.o)
                0x0000000008007018                __sfp_lock_release
 .text.__sinit_lock_acquire
                0x0000000008007028       0x10 c:/st/stm32cubeide_1.4.0/stm32cubeide/plugins/com.st.stm32cube.ide.mcu.externaltools.gnu-tools-for-stm32.9-2020-q2-update.win32_1.5.0.202011040924/tools/bin/../lib/gcc/arm-none-eabi/9.3.1/../../../../arm-none-eabi/lib/thumb/v6-m/nofp\libc_nano.a(lib_a-findfp.o)
                0x0000000008007028                __sinit_lock_acquire
 .text.__sinit_lock_release
                0x0000000008007038       0x10 c:/st/stm32cubeide_1.4.0/stm32cubeide/plugins/com.st.stm32cube.ide.mcu.externaltools.gnu-tools-for-stm32.9-2020-q2-update.win32_1.5.0.202011040924/tools/bin/../lib/gcc/arm-none-eabi/9.3.1/../../../../arm-none-eabi/lib/thumb/v6-m/nofp\libc_nano.a(lib_a-findfp.o)
                0x0000000008007038                __sinit_lock_release
 .text.__sinit  0x0000000008007048       0x70 c:/st/stm32cubeide_1.4.0/stm32cubeide/plugins/com.st.stm32cube.ide.mcu.externaltools.gnu-tools-for-stm32.9-2020-q2-update.win32_1.5.0.202011040924/tools/bin/../lib/gcc/arm-none-eabi/9.3.1/../../../../arm-none-eabi/lib/thumb/v6-m/nofp\libc_nano.a(lib_a-findfp.o)
                0x0000000008007048                __sinit
 .text.__sfp    0x00000000080070b8       0x90 c:/st/stm32cubeide_1.4.0/stm32cubeide/plugins/com.st.stm32cube.ide.mcu.externaltools.gnu-tools-for-stm32.9-2020-q2-update.win32_1.5.0.202011040924/tools/bin/../lib/gcc/arm-none-eabi/9.3.1/../../../../arm-none-eabi/lib/thumb/v6-m/nofp\libc_nano.a(lib_a-findfp.o)
                0x00000000080070b8                __sfp
 .text._fwalk_reent
                0x0000000008007148       0x40 c:/st/stm32cubeide_1.4.0/stm32cubeide/plugins/com.st.stm32cube.ide.mcu.externaltools.gnu-tools-for-stm32.9-2020-q2-update.win32_1.5.0.202011040924/tools/bin/../lib/gcc/arm-none-eabi/9.3.1/../../../../arm-none-eabi/lib/thumb/v6-m/nofp\libc_nano.a(lib_a-fwalk.o)
                0x0000000008007148                _fwalk_reent
 .text.__retarget_lock_init_recursive
                0x0000000008007188        0x2 c:/st/stm32cubeide_1.4.0/stm32cubeide/plugins/com.st.stm32cube.ide.mcu.externaltools.gnu-tools-for-stm32.9-2020-q2-update.win32_1.5.0.202011040924/tools/bin/../lib/gcc/arm-none-eabi/9.3.1/../../../../arm-none-eabi/lib/thumb/v6-m/nofp\libc_nano.a(lib_a-lock.o)
                0x0000000008007188                __retarget_lock_init_recursive
 .text.__retarget_lock_acquire_recursive
                0x000000000800718a        0x2 c:/st/stm32cubeide_1.4.0/stm32cubeide/plugins/com.st.stm32cube.ide.mcu.externaltools.gnu-tools-for-stm32.9-2020-q2-update.win32_1.5.0.202011040924/tools/bin/../lib/gcc/arm-none-eabi/9.3.1/../../../../arm-none-eabi/lib/thumb/v6-m/nofp\libc_nano.a(lib_a-lock.o)
                0x000000000800718a                __retarget_lock_acquire_recursive
 .text.__retarget_lock_release_recursive
                0x000000000800718c        0x2 c:/st/stm32cubeide_1.4.0/stm32cubeide/plugins/com.st.stm32cube.ide.mcu.externaltools.gnu-tools-for-stm32.9-2020-q2-update.win32_1.5.0.202011040924/tools/bin/../lib/gcc/arm-none-eabi/9.3.1/../../../../arm-none-eabi/lib/thumb/v6-m/nofp\libc_nano.a(lib_a-lock.o)
                0x000000000800718c                __retarget_lock_release_recursive
 *fill*         0x000000000800718e        0x2 
 .text.__swhatbuf_r
                0x0000000008007190       0x50 c:/st/stm32cubeide_1.4.0/stm32cubeide/plugins/com.st.stm32cube.ide.mcu.externaltools.gnu-tools-for-stm32.9-2020-q2-update.win32_1.5.0.202011040924/tools/bin/../lib/gcc/arm-none-eabi/9.3.1/../../../../arm-none-eabi/lib/thumb/v6-m/nofp\libc_nano.a(lib_a-makebuf.o)
                0x0000000008007190                __swhatbuf_r
 .text.__smakebuf_r
                0x00000000080071e0       0x88 c:/st/stm32cubeide_1.4.0/stm32cubeide/plugins/com.st.stm32cube.ide.mcu.externaltools.gnu-tools-for-stm32.9-2020-q2-update.win32_1.5.0.202011040924/tools/bin/../lib/gcc/arm-none-eabi/9.3.1/../../../../arm-none-eabi/lib/thumb/v6-m/nofp\libc_nano.a(lib_a-makebuf.o)
                0x00000000080071e0                __smakebuf_r
 .text.memchr   0x0000000008007268       0x16 c:/st/stm32cubeide_1.4.0/stm32cubeide/plugins/com.st.stm32cube.ide.mcu.externaltools.gnu-tools-for-stm32.9-2020-q2-update.win32_1.5.0.202011040924/tools/bin/../lib/gcc/arm-none-eabi/9.3.1/../../../../arm-none-eabi/lib/thumb/v6-m/nofp\libc_nano.a(lib_a-memchr-stub.o)
                0x0000000008007268                memchr
 *fill*         0x000000000800727e        0x2 
 .text.__malloc_lock
                0x0000000008007280       0x10 c:/st/stm32cubeide_1.4.0/stm32cubeide/plugins/com.st.stm32cube.ide.mcu.externaltools.gnu-tools-for-stm32.9-2020-q2-update.win32_1.5.0.202011040924/tools/bin/../lib/gcc/arm-none-eabi/9.3.1/../../../../arm-none-eabi/lib/thumb/v6-m/nofp\libc_nano.a(lib_a-mlock.o)
                0x0000000008007280                __malloc_lock
 .text.__malloc_unlock
                0x0000000008007290       0x10 c:/st/stm32cubeide_1.4.0/stm32cubeide/plugins/com.st.stm32cube.ide.mcu.externaltools.gnu-tools-for-stm32.9-2020-q2-update.win32_1.5.0.202011040924/tools/bin/../lib/gcc/arm-none-eabi/9.3.1/../../../../arm-none-eabi/lib/thumb/v6-m/nofp\libc_nano.a(lib_a-mlock.o)
                0x0000000008007290                __malloc_unlock
 .text._raise_r
                0x00000000080072a0       0x54 c:/st/stm32cubeide_1.4.0/stm32cubeide/plugins/com.st.stm32cube.ide.mcu.externaltools.gnu-tools-for-stm32.9-2020-q2-update.win32_1.5.0.202011040924/tools/bin/../lib/gcc/arm-none-eabi/9.3.1/../../../../arm-none-eabi/lib/thumb/v6-m/nofp\libc_nano.a(lib_a-signal.o)
                0x00000000080072a0                _raise_r
 .text.raise    0x00000000080072f4       0x14 c:/st/stm32cubeide_1.4.0/stm32cubeide/plugins/com.st.stm32cube.ide.mcu.externaltools.gnu-tools-for-stm32.9-2020-q2-update.win32_1.5.0.202011040924/tools/bin/../lib/gcc/arm-none-eabi/9.3.1/../../../../arm-none-eabi/lib/thumb/v6-m/nofp\libc_nano.a(lib_a-signal.o)
                0x00000000080072f4                raise
 .text._kill_r  0x0000000008007308       0x24 c:/st/stm32cubeide_1.4.0/stm32cubeide/plugins/com.st.stm32cube.ide.mcu.externaltools.gnu-tools-for-stm32.9-2020-q2-update.win32_1.5.0.202011040924/tools/bin/../lib/gcc/arm-none-eabi/9.3.1/../../../../arm-none-eabi/lib/thumb/v6-m/nofp\libc_nano.a(lib_a-signalr.o)
                0x0000000008007308                _kill_r
 .text._getpid_r
                0x000000000800732c        0x8 c:/st/stm32cubeide_1.4.0/stm32cubeide/plugins/com.st.stm32cube.ide.mcu.externaltools.gnu-tools-for-stm32.9-2020-q2-update.win32_1.5.0.202011040924/tools/bin/../lib/gcc/arm-none-eabi/9.3.1/../../../../arm-none-eabi/lib/thumb/v6-m/nofp\libc_nano.a(lib_a-signalr.o)
                0x000000000800732c                _getpid_r
 .text.__sread  0x0000000008007334       0x28 c:/st/stm32cubeide_1.4.0/stm32cubeide/plugins/com.st.stm32cube.ide.mcu.externaltools.gnu-tools-for-stm32.9-2020-q2-update.win32_1.5.0.202011040924/tools/bin/../lib/gcc/arm-none-eabi/9.3.1/../../../../arm-none-eabi/lib/thumb/v6-m/nofp\libc_nano.a(lib_a-stdio.o)
                0x0000000008007334                __sread
 .text.__swrite
                0x000000000800735c       0x38 c:/st/stm32cubeide_1.4.0/stm32cubeide/plugins/com.st.stm32cube.ide.mcu.externaltools.gnu-tools-for-stm32.9-2020-q2-update.win32_1.5.0.202011040924/tools/bin/../lib/gcc/arm-none-eabi/9.3.1/../../../../arm-none-eabi/lib/thumb/v6-m/nofp\libc_nano.a(lib_a-stdio.o)
                0x000000000800735c                __swrite
 .text.__sseek  0x0000000008007394       0x2c c:/st/stm32cubeide_1.4.0/stm32cubeide/plugins/com.st.stm32cube.ide.mcu.externaltools.gnu-tools-for-stm32.9-2020-q2-update.win32_1.5.0.202011040924/tools/bin/../lib/gcc/arm-none-eabi/9.3.1/../../../../arm-none-eabi/lib/thumb/v6-m/nofp\libc_nano.a(lib_a-stdio.o)
                0x0000000008007394                __sseek
 .text.__sclose
                0x00000000080073c0        0xc c:/st/stm32cubeide_1.4.0/stm32cubeide/plugins/com.st.stm32cube.ide.mcu.externaltools.gnu-tools-for-stm32.9-2020-q2-update.win32_1.5.0.202011040924/tools/bin/../lib/gcc/arm-none-eabi/9.3.1/../../../../arm-none-eabi/lib/thumb/v6-m/nofp\libc_nano.a(lib_a-stdio.o)
                0x00000000080073c0                __sclose
 .text._write_r
                0x00000000080073cc       0x28 c:/st/stm32cubeide_1.4.0/stm32cubeide/plugins/com.st.stm32cube.ide.mcu.externaltools.gnu-tools-for-stm32.9-2020-q2-update.win32_1.5.0.202011040924/tools/bin/../lib/gcc/arm-none-eabi/9.3.1/../../../../arm-none-eabi/lib/thumb/v6-m/nofp\libc_nano.a(lib_a-writer.o)
                0x00000000080073cc                _write_r
 .text._close_r
                0x00000000080073f4       0x24 c:/st/stm32cubeide_1.4.0/stm32cubeide/plugins/com.st.stm32cube.ide.mcu.externaltools.gnu-tools-for-stm32.9-2020-q2-update.win32_1.5.0.202011040924/tools/bin/../lib/gcc/arm-none-eabi/9.3.1/../../../../arm-none-eabi/lib/thumb/v6-m/nofp\libc_nano.a(lib_a-closer.o)
                0x00000000080073f4                _close_r
 .text._fstat_r
                0x0000000008007418       0x24 c:/st/stm32cubeide_1.4.0/stm32cubeide/plugins/com.st.stm32cube.ide.mcu.externaltools.gnu-tools-for-stm32.9-2020-q2-update.win32_1.5.0.202011040924/tools/bin/../lib/gcc/arm-none-eabi/9.3.1/../../../../arm-none-eabi/lib/thumb/v6-m/nofp\libc_nano.a(lib_a-fstatr.o)
                0x0000000008007418                _fstat_r
 .text._isatty_r
                0x000000000800743c       0x24 c:/st/stm32cubeide_1.4.0/stm32cubeide/plugins/com.st.stm32cube.ide.mcu.externaltools.gnu-tools-for-stm32.9-2020-q2-update.win32_1.5.0.202011040924/tools/bin/../lib/gcc/arm-none-eabi/9.3.1/../../../../arm-none-eabi/lib/thumb/v6-m/nofp\libc_nano.a(lib_a-isattyr.o)
                0x000000000800743c                _isatty_r
 .text._lseek_r
                0x0000000008007460       0x28 c:/st/stm32cubeide_1.4.0/stm32cubeide/plugins/com.st.stm32cube.ide.mcu.externaltools.gnu-tools-for-stm32.9-2020-q2-update.win32_1.5.0.202011040924/tools/bin/../lib/gcc/arm-none-eabi/9.3.1/../../../../arm-none-eabi/lib/thumb/v6-m/nofp\libc_nano.a(lib_a-lseekr.o)
                0x0000000008007460                _lseek_r
 .text._read_r  0x0000000008007488       0x28 c:/st/stm32cubeide_1.4.0/stm32cubeide/plugins/com.st.stm32cube.ide.mcu.externaltools.gnu-tools-for-stm32.9-2020-q2-update.win32_1.5.0.202011040924/tools/bin/../lib/gcc/arm-none-eabi/9.3.1/../../../../arm-none-eabi/lib/thumb/v6-m/nofp\libc_nano.a(lib_a-readr.o)
                0x0000000008007488                _read_r
 *(.glue_7)
 .glue_7        0x00000000080074b0        0x0 linker stubs
 *(.glue_7t)
 .glue_7t       0x00000000080074b0        0x0 linker stubs
 *(.eh_frame)
 .eh_frame      0x00000000080074b0        0x0 c:/st/stm32cubeide_1.4.0/stm32cubeide/plugins/com.st.stm32cube.ide.mcu.externaltools.gnu-tools-for-stm32.9-2020-q2-update.win32_1.5.0.202011040924/tools/bin/../lib/gcc/arm-none-eabi/9.3.1/thumb/v6-m/nofp/crtbegin.o
 *(.init)
 .init          0x00000000080074b0        0x4 c:/st/stm32cubeide_1.4.0/stm32cubeide/plugins/com.st.stm32cube.ide.mcu.externaltools.gnu-tools-for-stm32.9-2020-q2-update.win32_1.5.0.202011040924/tools/bin/../lib/gcc/arm-none-eabi/9.3.1/thumb/v6-m/nofp/crti.o
                0x00000000080074b0                _init
 .init          0x00000000080074b4        0x8 c:/st/stm32cubeide_1.4.0/stm32cubeide/plugins/com.st.stm32cube.ide.mcu.externaltools.gnu-tools-for-stm32.9-2020-q2-update.win32_1.5.0.202011040924/tools/bin/../lib/gcc/arm-none-eabi/9.3.1/thumb/v6-m/nofp/crtn.o
 *(.fini)
 .fini          0x00000000080074bc        0x4 c:/st/stm32cubeide_1.4.0/stm32cubeide/plugins/com.st.stm32cube.ide.mcu.externaltools.gnu-tools-for-stm32.9-2020-q2-update.win32_1.5.0.202011040924/tools/bin/../lib/gcc/arm-none-eabi/9.3.1/thumb/v6-m/nofp/crti.o
                0x00000000080074bc                _fini
 .fini          0x00000000080074c0        0x8 c:/st/stm32cubeide_1.4.0/stm32cubeide/plugins/com.st.stm32cube.ide.mcu.externaltools.gnu-tools-for-stm32.9-2020-q2-update.win32_1.5.0.202011040924/tools/bin/../lib/gcc/arm-none-eabi/9.3.1/thumb/v6-m/nofp/crtn.o
                0x00000000080074c8                . = ALIGN (0x4)
                0x00000000080074c8                _etext = .

.vfp11_veneer   0x00000000080074c8        0x0
 .vfp11_veneer  0x00000000080074c8        0x0 linker stubs

.v4_bx          0x00000000080074c8        0x0
 .v4_bx         0x00000000080074c8        0x0 linker stubs

.iplt           0x00000000080074c8        0x0
 .iplt          0x00000000080074c8        0x0 c:/st/stm32cubeide_1.4.0/stm32cubeide/plugins/com.st.stm32cube.ide.mcu.externaltools.gnu-tools-for-stm32.9-2020-q2-update.win32_1.5.0.202011040924/tools/bin/../lib/gcc/arm-none-eabi/9.3.1/thumb/v6-m/nofp/crtbegin.o

.rodata         0x00000000080074c8      0x77c
                0x00000000080074c8                . = ALIGN (0x4)
 *(.rodata)
 .rodata        0x00000000080074c8       0x30 Core/Src/AX5243.o
 .rodata        0x00000000080074f8      0x353 Core/Src/main.o
 *fill*         0x000000000800784b        0x1 
 .rodata        0x000000000800784c        0x3 Core/Src/encrypt/OpenUNBEncrypterHL.o
 *(.rodata*)
 *fill*         0x000000000800784f        0x1 
 .rodata.PREAMB
                0x0000000008007850        0x4 Core/Src/main.o
                0x0000000008007850                PREAMB
 .rodata.AHBPrescTable
                0x0000000008007854       0x10 Core/Src/system_stm32f0xx.o
                0x0000000008007854                AHBPrescTable
 .rodata.APBPrescTable
                0x0000000008007864        0x8 Core/Src/system_stm32f0xx.o
                0x0000000008007864                APBPrescTable
 .rodata.sbox   0x000000000800786c      0x100 Core/Src/encrypt/aes.o
 .rodata.Rcon   0x000000000800796c        0xb Core/Src/encrypt/aes.o
 *fill*         0x0000000008007977        0x1 
 .rodata.frozen_indicator_64
                0x0000000008007978       0x80 Core/Src/polar/OpenUNBEncoderLL.o
                0x0000000008007978                frozen_indicator_64
 .rodata.frozen_indicator_96
                0x00000000080079f8      0x100 Core/Src/polar/OpenUNBEncoderLL.o
                0x00000000080079f8                frozen_indicator_96
 .rodata._global_impure_ptr
                0x0000000008007af8        0x4 c:/st/stm32cubeide_1.4.0/stm32cubeide/plugins/com.st.stm32cube.ide.mcu.externaltools.gnu-tools-for-stm32.9-2020-q2-update.win32_1.5.0.202011040924/tools/bin/../lib/gcc/arm-none-eabi/9.3.1/../../../../arm-none-eabi/lib/thumb/v6-m/nofp\libc_nano.a(lib_a-impure.o)
                0x0000000008007af8                _global_impure_ptr
 .rodata.srand.str1.1
                0x0000000008007afc       0x76 c:/st/stm32cubeide_1.4.0/stm32cubeide/plugins/com.st.stm32cube.ide.mcu.externaltools.gnu-tools-for-stm32.9-2020-q2-update.win32_1.5.0.202011040924/tools/bin/../lib/gcc/arm-none-eabi/9.3.1/../../../../arm-none-eabi/lib/thumb/v6-m/nofp\libc_nano.a(lib_a-rand.o)
 .rodata.__assert_func.str1.1
                0x0000000008007b72       0x3c c:/st/stm32cubeide_1.4.0/stm32cubeide/plugins/com.st.stm32cube.ide.mcu.externaltools.gnu-tools-for-stm32.9-2020-q2-update.win32_1.5.0.202011040924/tools/bin/../lib/gcc/arm-none-eabi/9.3.1/../../../../arm-none-eabi/lib/thumb/v6-m/nofp\libc_nano.a(lib_a-assert.o)
                                         0x3d (size before relaxing)
 .rodata._vfprintf_r.str1.1
                0x0000000008007bae       0x11 c:/st/stm32cubeide_1.4.0/stm32cubeide/plugins/com.st.stm32cube.ide.mcu.externaltools.gnu-tools-for-stm32.9-2020-q2-update.win32_1.5.0.202011040924/tools/bin/../lib/gcc/arm-none-eabi/9.3.1/../../../../arm-none-eabi/lib/thumb/v6-m/nofp\libc_nano.a(lib_a-nano-vfprintf.o)
 .rodata._printf_i.str1.1
                0x0000000008007bbf       0x22 c:/st/stm32cubeide_1.4.0/stm32cubeide/plugins/com.st.stm32cube.ide.mcu.externaltools.gnu-tools-for-stm32.9-2020-q2-update.win32_1.5.0.202011040924/tools/bin/../lib/gcc/arm-none-eabi/9.3.1/../../../../arm-none-eabi/lib/thumb/v6-m/nofp\libc_nano.a(lib_a-nano-vfprintf_i.o)
 *fill*         0x0000000008007be1        0x3 
 .rodata.__sf_fake_stderr
                0x0000000008007be4       0x20 c:/st/stm32cubeide_1.4.0/stm32cubeide/plugins/com.st.stm32cube.ide.mcu.externaltools.gnu-tools-for-stm32.9-2020-q2-update.win32_1.5.0.202011040924/tools/bin/../lib/gcc/arm-none-eabi/9.3.1/../../../../arm-none-eabi/lib/thumb/v6-m/nofp\libc_nano.a(lib_a-findfp.o)
                0x0000000008007be4                __sf_fake_stderr
 .rodata.__sf_fake_stdin
                0x0000000008007c04       0x20 c:/st/stm32cubeide_1.4.0/stm32cubeide/plugins/com.st.stm32cube.ide.mcu.externaltools.gnu-tools-for-stm32.9-2020-q2-update.win32_1.5.0.202011040924/tools/bin/../lib/gcc/arm-none-eabi/9.3.1/../../../../arm-none-eabi/lib/thumb/v6-m/nofp\libc_nano.a(lib_a-findfp.o)
                0x0000000008007c04                __sf_fake_stdin
 .rodata.__sf_fake_stdout
                0x0000000008007c24       0x20 c:/st/stm32cubeide_1.4.0/stm32cubeide/plugins/com.st.stm32cube.ide.mcu.externaltools.gnu-tools-for-stm32.9-2020-q2-update.win32_1.5.0.202011040924/tools/bin/../lib/gcc/arm-none-eabi/9.3.1/../../../../arm-none-eabi/lib/thumb/v6-m/nofp\libc_nano.a(lib_a-findfp.o)
                0x0000000008007c24                __sf_fake_stdout
                0x0000000008007c44                . = ALIGN (0x4)

.ARM.extab      0x0000000008007c44        0x0
                0x0000000008007c44                . = ALIGN (0x4)
 *(.ARM.extab* .gnu.linkonce.armextab.*)
                0x0000000008007c44                . = ALIGN (0x4)

.ARM            0x0000000008007c44        0x8
                0x0000000008007c44                . = ALIGN (0x4)
                0x0000000008007c44                __exidx_start = .
 *(.ARM.exidx*)
 .ARM.exidx     0x0000000008007c44        0x8 c:/st/stm32cubeide_1.4.0/stm32cubeide/plugins/com.st.stm32cube.ide.mcu.externaltools.gnu-tools-for-stm32.9-2020-q2-update.win32_1.5.0.202011040924/tools/bin/../lib/gcc/arm-none-eabi/9.3.1/thumb/v6-m/nofp\libgcc.a(_udivmoddi4.o)
 .ARM.exidx     0x0000000008007c4c        0x0 c:/st/stm32cubeide_1.4.0/stm32cubeide/plugins/com.st.stm32cube.ide.mcu.externaltools.gnu-tools-for-stm32.9-2020-q2-update.win32_1.5.0.202011040924/tools/bin/../lib/gcc/arm-none-eabi/9.3.1/thumb/v6-m/nofp\libgcc.a(_divdi3.o)
                                          0x8 (size before relaxing)
                0x0000000008007c4c                __exidx_end = .
                0x0000000008007c4c                . = ALIGN (0x4)

.rel.dyn        0x0000000008007c4c        0x0
 .rel.iplt      0x0000000008007c4c        0x0 c:/st/stm32cubeide_1.4.0/stm32cubeide/plugins/com.st.stm32cube.ide.mcu.externaltools.gnu-tools-for-stm32.9-2020-q2-update.win32_1.5.0.202011040924/tools/bin/../lib/gcc/arm-none-eabi/9.3.1/thumb/v6-m/nofp/crtbegin.o

.preinit_array  0x0000000008007c4c        0x0
                0x0000000008007c4c                . = ALIGN (0x4)
                0x0000000008007c4c                PROVIDE (__preinit_array_start = .)
 *(.preinit_array*)
                0x0000000008007c4c                PROVIDE (__preinit_array_end = .)
                0x0000000008007c4c                . = ALIGN (0x4)

.init_array     0x0000000008007c4c        0x4
                0x0000000008007c4c                . = ALIGN (0x4)
                0x0000000008007c4c                PROVIDE (__init_array_start = .)
 *(SORT_BY_NAME(.init_array.*))
 *(.init_array*)
 .init_array    0x0000000008007c4c        0x4 c:/st/stm32cubeide_1.4.0/stm32cubeide/plugins/com.st.stm32cube.ide.mcu.externaltools.gnu-tools-for-stm32.9-2020-q2-update.win32_1.5.0.202011040924/tools/bin/../lib/gcc/arm-none-eabi/9.3.1/thumb/v6-m/nofp/crtbegin.o
                0x0000000008007c50                PROVIDE (__init_array_end = .)
                0x0000000008007c50                . = ALIGN (0x4)

.fini_array     0x0000000008007c50        0x4
                0x0000000008007c50                . = ALIGN (0x4)
                [!provide]                        PROVIDE (__fini_array_start = .)
 *(SORT_BY_NAME(.fini_array.*))
 *(.fini_array*)
 .fini_array    0x0000000008007c50        0x4 c:/st/stm32cubeide_1.4.0/stm32cubeide/plugins/com.st.stm32cube.ide.mcu.externaltools.gnu-tools-for-stm32.9-2020-q2-update.win32_1.5.0.202011040924/tools/bin/../lib/gcc/arm-none-eabi/9.3.1/thumb/v6-m/nofp/crtbegin.o
                [!provide]                        PROVIDE (__fini_array_end = .)
                0x0000000008007c54                . = ALIGN (0x4)
                0x0000000008007c54                _sidata = LOADADDR (.data)

.data           0x0000000020000000       0x78 load address 0x0000000008007c54
                0x0000000020000000                . = ALIGN (0x4)
                0x0000000020000000                _sdata = .
 *(.data)
 *(.data*)
 .data.f_xtal   0x0000000020000000        0x4 Core/Src/AX5243.o
                0x0000000020000000                f_xtal
 .data.def_PWR_dbm
                0x0000000020000004        0x2 Core/Src/AX5243.o
                0x0000000020000004                def_PWR_dbm
 *fill*         0x0000000020000006        0x2 
 .data.def_f_carrier
                0x0000000020000008        0x4 Core/Src/AX5243.o
                0x0000000020000008                def_f_carrier
 .data.f_carrier_calibration
                0x000000002000000c        0x4 Core/Src/AX5243.o
                0x000000002000000c                f_carrier_calibration
 .data.SystemCoreClock
                0x0000000020000010        0x4 Core/Src/system_stm32f0xx.o
                0x0000000020000010                SystemCoreClock
 .data._impure_ptr
                0x0000000020000014        0x4 c:/st/stm32cubeide_1.4.0/stm32cubeide/plugins/com.st.stm32cube.ide.mcu.externaltools.gnu-tools-for-stm32.9-2020-q2-update.win32_1.5.0.202011040924/tools/bin/../lib/gcc/arm-none-eabi/9.3.1/../../../../arm-none-eabi/lib/thumb/v6-m/nofp\libc_nano.a(lib_a-impure.o)
                0x0000000020000014                _impure_ptr
 .data.impure_data
                0x0000000020000018       0x60 c:/st/stm32cubeide_1.4.0/stm32cubeide/plugins/com.st.stm32cube.ide.mcu.externaltools.gnu-tools-for-stm32.9-2020-q2-update.win32_1.5.0.202011040924/tools/bin/../lib/gcc/arm-none-eabi/9.3.1/../../../../arm-none-eabi/lib/thumb/v6-m/nofp\libc_nano.a(lib_a-impure.o)
 *(.RamFunc)
 *(.RamFunc*)
                0x0000000020000078                . = ALIGN (0x4)
                0x0000000020000078                _edata = .

.igot.plt       0x0000000020000078        0x0 load address 0x0000000008007ccc
 .igot.plt      0x0000000020000078        0x0 c:/st/stm32cubeide_1.4.0/stm32cubeide/plugins/com.st.stm32cube.ide.mcu.externaltools.gnu-tools-for-stm32.9-2020-q2-update.win32_1.5.0.202011040924/tools/bin/../lib/gcc/arm-none-eabi/9.3.1/thumb/v6-m/nofp/crtbegin.o
                0x0000000020000078                . = ALIGN (0x4)

.bss            0x0000000020000078      0x38c load address 0x0000000008007ccc
                0x0000000020000078                _sbss = .
                0x0000000020000078                __bss_start__ = _sbss
 *(.bss)
 .bss           0x0000000020000078       0x1c c:/st/stm32cubeide_1.4.0/stm32cubeide/plugins/com.st.stm32cube.ide.mcu.externaltools.gnu-tools-for-stm32.9-2020-q2-update.win32_1.5.0.202011040924/tools/bin/../lib/gcc/arm-none-eabi/9.3.1/thumb/v6-m/nofp/crtbegin.o
 *(.bss*)
 .bss.error_flag
                0x0000000020000094        0x1 Core/Src/main.o
                0x0000000020000094                error_flag
 *fill*         0x0000000020000095        0x3 
 .bss.__sbrk_heap_end
                0x0000000020000098        0x4 Core/Src/sysmem.o
 .bss.__malloc_free_list
                0x000000002000009c        0x4 c:/st/stm32cubeide_1.4.0/stm32cubeide/plugins/com.st.stm32cube.ide.mcu.externaltools.gnu-tools-for-stm32.9-2020-q2-update.win32_1.5.0.202011040924/tools/bin/../lib/gcc/arm-none-eabi/9.3.1/../../../../arm-none-eabi/lib/thumb/v6-m/nofp\libc_nano.a(lib_a-nano-mallocr.o)
                0x000000002000009c                __malloc_free_list
 .bss.__malloc_sbrk_start
                0x00000000200000a0        0x4 c:/st/stm32cubeide_1.4.0/stm32cubeide/plugins/com.st.stm32cube.ide.mcu.externaltools.gnu-tools-for-stm32.9-2020-q2-update.win32_1.5.0.202011040924/tools/bin/../lib/gcc/arm-none-eabi/9.3.1/../../../../arm-none-eabi/lib/thumb/v6-m/nofp\libc_nano.a(lib_a-nano-mallocr.o)
                0x00000000200000a0                __malloc_sbrk_start
 *(COMMON)
 COMMON         0x00000000200000a4        0x6 Core/Src/AX5243.o
                0x00000000200000a4                FREQA
                0x00000000200000a8                TXPWRCOEFFB
 *fill*         0x00000000200000aa        0x2 
 COMMON         0x00000000200000ac      0x34b Core/Src/main.o
                0x00000000200000ac                f_carrier
                0x00000000200000b0                RX_Data_Size
                0x00000000200000b2                Reg_addr
                0x00000000200000b4                u2_rx_buff
                0x00000000200002a8                Dev_addr
                0x00000000200002ac                data_after_preapare
                0x00000000200002ec                p_d
                0x00000000200002ed                Reg_data
                0x00000000200002ee                PWR_dbm
                0x00000000200002f0                tx_buff
                0x00000000200003f0                msTicks
                0x00000000200003f4                RX_STR_Size
                0x00000000200003f6                shaping_filter
 COMMON         0x00000000200003f7        0x9 c:/st/stm32cubeide_1.4.0/stm32cubeide/plugins/com.st.stm32cube.ide.mcu.externaltools.gnu-tools-for-stm32.9-2020-q2-update.win32_1.5.0.202011040924/tools/bin/../lib/gcc/arm-none-eabi/9.3.1/../../../../arm-none-eabi/lib/thumb/v6-m/nofp\libc_nano.a(lib_a-lock.o)
                0x00000000200003f7                __lock___atexit_recursive_mutex
                0x00000000200003f8                __lock___arc4random_mutex
                0x00000000200003f9                __lock___env_recursive_mutex
                0x00000000200003fa                __lock___sinit_recursive_mutex
                0x00000000200003fb                __lock___malloc_recursive_mutex
                0x00000000200003fc                __lock___at_quick_exit_mutex
                0x00000000200003fd                __lock___dd_hash_mutex
                0x00000000200003fe                __lock___tz_mutex
                0x00000000200003ff                __lock___sfp_recursive_mutex
 COMMON         0x0000000020000400        0x4 c:/st/stm32cubeide_1.4.0/stm32cubeide/plugins/com.st.stm32cube.ide.mcu.externaltools.gnu-tools-for-stm32.9-2020-q2-update.win32_1.5.0.202011040924/tools/bin/../lib/gcc/arm-none-eabi/9.3.1/../../../../arm-none-eabi/lib/thumb/v6-m/nofp\libc_nano.a(lib_a-reent.o)
                0x0000000020000400                errno
                0x0000000020000404                . = ALIGN (0x4)
                0x0000000020000404                _ebss = .
                0x0000000020000404                __bss_end__ = _ebss

._user_heap_stack
                0x0000000020000404      0x604 load address 0x0000000008007ccc
                0x0000000020000408                . = ALIGN (0x8)
 *fill*         0x0000000020000404        0x4 
                [!provide]                        PROVIDE (end = .)
                0x0000000020000408                PROVIDE (_end = .)
                0x0000000020000608                . = (. + _Min_Heap_Size)
 *fill*         0x0000000020000408      0x200 
                0x0000000020000a08                . = (. + _Min_Stack_Size)
 *fill*         0x0000000020000608      0x400 
                0x0000000020000a08                . = ALIGN (0x8)

/DISCARD/
 libc.a(*)
 libm.a(*)
 libgcc.a(*)

.ARM.attributes
                0x0000000000000000       0x28
 *(.ARM.attributes)
 .ARM.attributes
                0x0000000000000000       0x1e c:/st/stm32cubeide_1.4.0/stm32cubeide/plugins/com.st.stm32cube.ide.mcu.externaltools.gnu-tools-for-stm32.9-2020-q2-update.win32_1.5.0.202011040924/tools/bin/../lib/gcc/arm-none-eabi/9.3.1/thumb/v6-m/nofp/crti.o
 .ARM.attributes
                0x000000000000001e       0x2c c:/st/stm32cubeide_1.4.0/stm32cubeide/plugins/com.st.stm32cube.ide.mcu.externaltools.gnu-tools-for-stm32.9-2020-q2-update.win32_1.5.0.202011040924/tools/bin/../lib/gcc/arm-none-eabi/9.3.1/thumb/v6-m/nofp/crtbegin.o
 .ARM.attributes
                0x000000000000004a       0x2c Core/Src/AX5243.o
 .ARM.attributes
                0x0000000000000076       0x2c Core/Src/SW_interfaces.o
 .ARM.attributes
                0x00000000000000a2       0x2c Core/Src/main.o
 .ARM.attributes
                0x00000000000000ce       0x2c Core/Src/phy.o
 .ARM.attributes
                0x00000000000000fa       0x2c Core/Src/stm32f0xx_it.o
 .ARM.attributes
                0x0000000000000126       0x2c Core/Src/syscalls.o
 .ARM.attributes
                0x0000000000000152       0x2c Core/Src/sysmem.o
 .ARM.attributes
                0x000000000000017e       0x2c Core/Src/system_stm32f0xx.o
 .ARM.attributes
                0x00000000000001aa       0x2c Core/Src/encrypt/OpenUNBEncrypterHL.o
 .ARM.attributes
                0x00000000000001d6       0x2c Core/Src/encrypt/OpenUNBEncrypterLL.o
 .ARM.attributes
                0x0000000000000202       0x2c Core/Src/encrypt/aes.o
 .ARM.attributes
                0x000000000000022e       0x2c Core/Src/encrypt/crc24.o
 .ARM.attributes
                0x000000000000025a       0x2c Core/Src/polar/OpenUNBEncoderLL.o
 .ARM.attributes
                0x0000000000000286       0x21 Core/Startup/startup_stm32f042f6px.o
 .ARM.attributes
                0x00000000000002a7       0x2c Drivers/STM32F0xx_HAL_Driver/Src/stm32f0xx_ll_gpio.o
 .ARM.attributes
                0x00000000000002d3       0x2c Drivers/STM32F0xx_HAL_Driver/Src/stm32f0xx_ll_rcc.o
 .ARM.attributes
                0x00000000000002ff       0x2c Drivers/STM32F0xx_HAL_Driver/Src/stm32f0xx_ll_tim.o
 .ARM.attributes
                0x000000000000032b       0x2c Drivers/STM32F0xx_HAL_Driver/Src/stm32f0xx_ll_usart.o
 .ARM.attributes
                0x0000000000000357       0x2c Drivers/STM32F0xx_HAL_Driver/Src/stm32f0xx_ll_utils.o
 .ARM.attributes
                0x0000000000000383       0x2c c:/st/stm32cubeide_1.4.0/stm32cubeide/plugins/com.st.stm32cube.ide.mcu.externaltools.gnu-tools-for-stm32.9-2020-q2-update.win32_1.5.0.202011040924/tools/bin/../lib/gcc/arm-none-eabi/9.3.1/../../../../arm-none-eabi/lib/thumb/v6-m/nofp\libc_nano.a(lib_a-errno.o)
 .ARM.attributes
                0x00000000000003af       0x2c c:/st/stm32cubeide_1.4.0/stm32cubeide/plugins/com.st.stm32cube.ide.mcu.externaltools.gnu-tools-for-stm32.9-2020-q2-update.win32_1.5.0.202011040924/tools/bin/../lib/gcc/arm-none-eabi/9.3.1/../../../../arm-none-eabi/lib/thumb/v6-m/nofp\libc_nano.a(lib_a-impure.o)
 .ARM.attributes
                0x00000000000003db       0x2c c:/st/stm32cubeide_1.4.0/stm32cubeide/plugins/com.st.stm32cube.ide.mcu.externaltools.gnu-tools-for-stm32.9-2020-q2-update.win32_1.5.0.202011040924/tools/bin/../lib/gcc/arm-none-eabi/9.3.1/../../../../arm-none-eabi/lib/thumb/v6-m/nofp\libc_nano.a(lib_a-init.o)
 .ARM.attributes
                0x0000000000000407       0x2c c:/st/stm32cubeide_1.4.0/stm32cubeide/plugins/com.st.stm32cube.ide.mcu.externaltools.gnu-tools-for-stm32.9-2020-q2-update.win32_1.5.0.202011040924/tools/bin/../lib/gcc/arm-none-eabi/9.3.1/../../../../arm-none-eabi/lib/thumb/v6-m/nofp\libc_nano.a(lib_a-memcpy-stub.o)
 .ARM.attributes
                0x0000000000000433       0x2c c:/st/stm32cubeide_1.4.0/stm32cubeide/plugins/com.st.stm32cube.ide.mcu.externaltools.gnu-tools-for-stm32.9-2020-q2-update.win32_1.5.0.202011040924/tools/bin/../lib/gcc/arm-none-eabi/9.3.1/../../../../arm-none-eabi/lib/thumb/v6-m/nofp\libc_nano.a(lib_a-memset.o)
 .ARM.attributes
                0x000000000000045f       0x2c c:/st/stm32cubeide_1.4.0/stm32cubeide/plugins/com.st.stm32cube.ide.mcu.externaltools.gnu-tools-for-stm32.9-2020-q2-update.win32_1.5.0.202011040924/tools/bin/../lib/gcc/arm-none-eabi/9.3.1/../../../../arm-none-eabi/lib/thumb/v6-m/nofp\libc_nano.a(lib_a-rand.o)
 .ARM.attributes
                0x000000000000048b       0x1c c:/st/stm32cubeide_1.4.0/stm32cubeide/plugins/com.st.stm32cube.ide.mcu.externaltools.gnu-tools-for-stm32.9-2020-q2-update.win32_1.5.0.202011040924/tools/bin/../lib/gcc/arm-none-eabi/9.3.1/../../../../arm-none-eabi/lib/thumb/v6-m/nofp\libc_nano.a(lib_a-strlen.o)
 .ARM.attributes
                0x00000000000004a7       0x2c c:/st/stm32cubeide_1.4.0/stm32cubeide/plugins/com.st.stm32cube.ide.mcu.externaltools.gnu-tools-for-stm32.9-2020-q2-update.win32_1.5.0.202011040924/tools/bin/../lib/gcc/arm-none-eabi/9.3.1/../../../../arm-none-eabi/lib/thumb/v6-m/nofp\libc_nano.a(lib_a-assert.o)
 .ARM.attributes
                0x00000000000004d3       0x2c c:/st/stm32cubeide_1.4.0/stm32cubeide/plugins/com.st.stm32cube.ide.mcu.externaltools.gnu-tools-for-stm32.9-2020-q2-update.win32_1.5.0.202011040924/tools/bin/../lib/gcc/arm-none-eabi/9.3.1/../../../../arm-none-eabi/lib/thumb/v6-m/nofp\libc_nano.a(lib_a-fprintf.o)
 .ARM.attributes
                0x00000000000004ff       0x2c c:/st/stm32cubeide_1.4.0/stm32cubeide/plugins/com.st.stm32cube.ide.mcu.externaltools.gnu-tools-for-stm32.9-2020-q2-update.win32_1.5.0.202011040924/tools/bin/../lib/gcc/arm-none-eabi/9.3.1/../../../../arm-none-eabi/lib/thumb/v6-m/nofp\libc_nano.a(lib_a-malloc.o)
 .ARM.attributes
                0x000000000000052b       0x2c c:/st/stm32cubeide_1.4.0/stm32cubeide/plugins/com.st.stm32cube.ide.mcu.externaltools.gnu-tools-for-stm32.9-2020-q2-update.win32_1.5.0.202011040924/tools/bin/../lib/gcc/arm-none-eabi/9.3.1/../../../../arm-none-eabi/lib/thumb/v6-m/nofp\libc_nano.a(lib_a-nano-freer.o)
 .ARM.attributes
                0x0000000000000557       0x2c c:/st/stm32cubeide_1.4.0/stm32cubeide/plugins/com.st.stm32cube.ide.mcu.externaltools.gnu-tools-for-stm32.9-2020-q2-update.win32_1.5.0.202011040924/tools/bin/../lib/gcc/arm-none-eabi/9.3.1/../../../../arm-none-eabi/lib/thumb/v6-m/nofp\libc_nano.a(lib_a-nano-mallocr.o)
 .ARM.attributes
                0x0000000000000583       0x2c c:/st/stm32cubeide_1.4.0/stm32cubeide/plugins/com.st.stm32cube.ide.mcu.externaltools.gnu-tools-for-stm32.9-2020-q2-update.win32_1.5.0.202011040924/tools/bin/../lib/gcc/arm-none-eabi/9.3.1/../../../../arm-none-eabi/lib/thumb/v6-m/nofp\libc_nano.a(lib_a-nano-vfprintf.o)
 .ARM.attributes
                0x00000000000005af       0x2c c:/st/stm32cubeide_1.4.0/stm32cubeide/plugins/com.st.stm32cube.ide.mcu.externaltools.gnu-tools-for-stm32.9-2020-q2-update.win32_1.5.0.202011040924/tools/bin/../lib/gcc/arm-none-eabi/9.3.1/../../../../arm-none-eabi/lib/thumb/v6-m/nofp\libc_nano.a(lib_a-nano-vfprintf_i.o)
 .ARM.attributes
                0x00000000000005db       0x2c c:/st/stm32cubeide_1.4.0/stm32cubeide/plugins/com.st.stm32cube.ide.mcu.externaltools.gnu-tools-for-stm32.9-2020-q2-update.win32_1.5.0.202011040924/tools/bin/../lib/gcc/arm-none-eabi/9.3.1/../../../../arm-none-eabi/lib/thumb/v6-m/nofp\libc_nano.a(lib_a-sbrkr.o)
 .ARM.attributes
                0x0000000000000607       0x2c c:/st/stm32cubeide_1.4.0/stm32cubeide/plugins/com.st.stm32cube.ide.mcu.externaltools.gnu-tools-for-stm32.9-2020-q2-update.win32_1.5.0.202011040924/tools/bin/../lib/gcc/arm-none-eabi/9.3.1/../../../../arm-none-eabi/lib/thumb/v6-m/nofp\libc_nano.a(lib_a-wbuf.o)
 .ARM.attributes
                0x0000000000000633       0x2c c:/st/stm32cubeide_1.4.0/stm32cubeide/plugins/com.st.stm32cube.ide.mcu.externaltools.gnu-tools-for-stm32.9-2020-q2-update.win32_1.5.0.202011040924/tools/bin/../lib/gcc/arm-none-eabi/9.3.1/../../../../arm-none-eabi/lib/thumb/v6-m/nofp\libc_nano.a(lib_a-wsetup.o)
 .ARM.attributes
                0x000000000000065f       0x2c c:/st/stm32cubeide_1.4.0/stm32cubeide/plugins/com.st.stm32cube.ide.mcu.externaltools.gnu-tools-for-stm32.9-2020-q2-update.win32_1.5.0.202011040924/tools/bin/../lib/gcc/arm-none-eabi/9.3.1/../../../../arm-none-eabi/lib/thumb/v6-m/nofp\libc_nano.a(lib_a-abort.o)
 .ARM.attributes
                0x000000000000068b       0x2c c:/st/stm32cubeide_1.4.0/stm32cubeide/plugins/com.st.stm32cube.ide.mcu.externaltools.gnu-tools-for-stm32.9-2020-q2-update.win32_1.5.0.202011040924/tools/bin/../lib/gcc/arm-none-eabi/9.3.1/../../../../arm-none-eabi/lib/thumb/v6-m/nofp\libc_nano.a(lib_a-fflush.o)
 .ARM.attributes
                0x00000000000006b7       0x2c c:/st/stm32cubeide_1.4.0/stm32cubeide/plugins/com.st.stm32cube.ide.mcu.externaltools.gnu-tools-for-stm32.9-2020-q2-update.win32_1.5.0.202011040924/tools/bin/../lib/gcc/arm-none-eabi/9.3.1/../../../../arm-none-eabi/lib/thumb/v6-m/nofp\libc_nano.a(lib_a-findfp.o)
 .ARM.attributes
                0x00000000000006e3       0x2c c:/st/stm32cubeide_1.4.0/stm32cubeide/plugins/com.st.stm32cube.ide.mcu.externaltools.gnu-tools-for-stm32.9-2020-q2-update.win32_1.5.0.202011040924/tools/bin/../lib/gcc/arm-none-eabi/9.3.1/../../../../arm-none-eabi/lib/thumb/v6-m/nofp\libc_nano.a(lib_a-fwalk.o)
 .ARM.attributes
                0x000000000000070f       0x2c c:/st/stm32cubeide_1.4.0/stm32cubeide/plugins/com.st.stm32cube.ide.mcu.externaltools.gnu-tools-for-stm32.9-2020-q2-update.win32_1.5.0.202011040924/tools/bin/../lib/gcc/arm-none-eabi/9.3.1/../../../../arm-none-eabi/lib/thumb/v6-m/nofp\libc_nano.a(lib_a-lock.o)
 .ARM.attributes
                0x000000000000073b       0x2c c:/st/stm32cubeide_1.4.0/stm32cubeide/plugins/com.st.stm32cube.ide.mcu.externaltools.gnu-tools-for-stm32.9-2020-q2-update.win32_1.5.0.202011040924/tools/bin/../lib/gcc/arm-none-eabi/9.3.1/../../../../arm-none-eabi/lib/thumb/v6-m/nofp\libc_nano.a(lib_a-makebuf.o)
 .ARM.attributes
                0x0000000000000767       0x2c c:/st/stm32cubeide_1.4.0/stm32cubeide/plugins/com.st.stm32cube.ide.mcu.externaltools.gnu-tools-for-stm32.9-2020-q2-update.win32_1.5.0.202011040924/tools/bin/../lib/gcc/arm-none-eabi/9.3.1/../../../../arm-none-eabi/lib/thumb/v6-m/nofp\libc_nano.a(lib_a-memchr-stub.o)
 .ARM.attributes
                0x0000000000000793       0x2c c:/st/stm32cubeide_1.4.0/stm32cubeide/plugins/com.st.stm32cube.ide.mcu.externaltools.gnu-tools-for-stm32.9-2020-q2-update.win32_1.5.0.202011040924/tools/bin/../lib/gcc/arm-none-eabi/9.3.1/../../../../arm-none-eabi/lib/thumb/v6-m/nofp\libc_nano.a(lib_a-mlock.o)
 .ARM.attributes
                0x00000000000007bf       0x2c c:/st/stm32cubeide_1.4.0/stm32cubeide/plugins/com.st.stm32cube.ide.mcu.externaltools.gnu-tools-for-stm32.9-2020-q2-update.win32_1.5.0.202011040924/tools/bin/../lib/gcc/arm-none-eabi/9.3.1/../../../../arm-none-eabi/lib/thumb/v6-m/nofp\libc_nano.a(lib_a-reent.o)
 .ARM.attributes
                0x00000000000007eb       0x2c c:/st/stm32cubeide_1.4.0/stm32cubeide/plugins/com.st.stm32cube.ide.mcu.externaltools.gnu-tools-for-stm32.9-2020-q2-update.win32_1.5.0.202011040924/tools/bin/../lib/gcc/arm-none-eabi/9.3.1/../../../../arm-none-eabi/lib/thumb/v6-m/nofp\libc_nano.a(lib_a-signal.o)
 .ARM.attributes
                0x0000000000000817       0x2c c:/st/stm32cubeide_1.4.0/stm32cubeide/plugins/com.st.stm32cube.ide.mcu.externaltools.gnu-tools-for-stm32.9-2020-q2-update.win32_1.5.0.202011040924/tools/bin/../lib/gcc/arm-none-eabi/9.3.1/../../../../arm-none-eabi/lib/thumb/v6-m/nofp\libc_nano.a(lib_a-signalr.o)
 .ARM.attributes
                0x0000000000000843       0x2c c:/st/stm32cubeide_1.4.0/stm32cubeide/plugins/com.st.stm32cube.ide.mcu.externaltools.gnu-tools-for-stm32.9-2020-q2-update.win32_1.5.0.202011040924/tools/bin/../lib/gcc/arm-none-eabi/9.3.1/../../../../arm-none-eabi/lib/thumb/v6-m/nofp\libc_nano.a(lib_a-stdio.o)
 .ARM.attributes
                0x000000000000086f       0x2c c:/st/stm32cubeide_1.4.0/stm32cubeide/plugins/com.st.stm32cube.ide.mcu.externaltools.gnu-tools-for-stm32.9-2020-q2-update.win32_1.5.0.202011040924/tools/bin/../lib/gcc/arm-none-eabi/9.3.1/../../../../arm-none-eabi/lib/thumb/v6-m/nofp\libc_nano.a(lib_a-writer.o)
 .ARM.attributes
                0x000000000000089b       0x2c c:/st/stm32cubeide_1.4.0/stm32cubeide/plugins/com.st.stm32cube.ide.mcu.externaltools.gnu-tools-for-stm32.9-2020-q2-update.win32_1.5.0.202011040924/tools/bin/../lib/gcc/arm-none-eabi/9.3.1/../../../../arm-none-eabi/lib/thumb/v6-m/nofp\libc_nano.a(lib_a-closer.o)
 .ARM.attributes
                0x00000000000008c7       0x2c c:/st/stm32cubeide_1.4.0/stm32cubeide/plugins/com.st.stm32cube.ide.mcu.externaltools.gnu-tools-for-stm32.9-2020-q2-update.win32_1.5.0.202011040924/tools/bin/../lib/gcc/arm-none-eabi/9.3.1/../../../../arm-none-eabi/lib/thumb/v6-m/nofp\libc_nano.a(lib_a-fstatr.o)
 .ARM.attributes
                0x00000000000008f3       0x2c c:/st/stm32cubeide_1.4.0/stm32cubeide/plugins/com.st.stm32cube.ide.mcu.externaltools.gnu-tools-for-stm32.9-2020-q2-update.win32_1.5.0.202011040924/tools/bin/../lib/gcc/arm-none-eabi/9.3.1/../../../../arm-none-eabi/lib/thumb/v6-m/nofp\libc_nano.a(lib_a-isattyr.o)
 .ARM.attributes
                0x000000000000091f       0x2c c:/st/stm32cubeide_1.4.0/stm32cubeide/plugins/com.st.stm32cube.ide.mcu.externaltools.gnu-tools-for-stm32.9-2020-q2-update.win32_1.5.0.202011040924/tools/bin/../lib/gcc/arm-none-eabi/9.3.1/../../../../arm-none-eabi/lib/thumb/v6-m/nofp\libc_nano.a(lib_a-lseekr.o)
 .ARM.attributes
                0x000000000000094b       0x2c c:/st/stm32cubeide_1.4.0/stm32cubeide/plugins/com.st.stm32cube.ide.mcu.externaltools.gnu-tools-for-stm32.9-2020-q2-update.win32_1.5.0.202011040924/tools/bin/../lib/gcc/arm-none-eabi/9.3.1/../../../../arm-none-eabi/lib/thumb/v6-m/nofp\libc_nano.a(lib_a-readr.o)
 .ARM.attributes
                0x0000000000000977       0x1e c:/st/stm32cubeide_1.4.0/stm32cubeide/plugins/com.st.stm32cube.ide.mcu.externaltools.gnu-tools-for-stm32.9-2020-q2-update.win32_1.5.0.202011040924/tools/bin/../lib/gcc/arm-none-eabi/9.3.1/thumb/v6-m/nofp\libgcc.a(_thumb1_case_shi.o)
 .ARM.attributes
                0x0000000000000995       0x1e c:/st/stm32cubeide_1.4.0/stm32cubeide/plugins/com.st.stm32cube.ide.mcu.externaltools.gnu-tools-for-stm32.9-2020-q2-update.win32_1.5.0.202011040924/tools/bin/../lib/gcc/arm-none-eabi/9.3.1/thumb/v6-m/nofp\libgcc.a(_udivsi3.o)
 .ARM.attributes
                0x00000000000009b3       0x1e c:/st/stm32cubeide_1.4.0/stm32cubeide/plugins/com.st.stm32cube.ide.mcu.externaltools.gnu-tools-for-stm32.9-2020-q2-update.win32_1.5.0.202011040924/tools/bin/../lib/gcc/arm-none-eabi/9.3.1/thumb/v6-m/nofp\libgcc.a(_divsi3.o)
 .ARM.attributes
                0x00000000000009d1       0x1e c:/st/stm32cubeide_1.4.0/stm32cubeide/plugins/com.st.stm32cube.ide.mcu.externaltools.gnu-tools-for-stm32.9-2020-q2-update.win32_1.5.0.202011040924/tools/bin/../lib/gcc/arm-none-eabi/9.3.1/thumb/v6-m/nofp\libgcc.a(_dvmd_tls.o)
 .ARM.attributes
                0x00000000000009ef       0x1e c:/st/stm32cubeide_1.4.0/stm32cubeide/plugins/com.st.stm32cube.ide.mcu.externaltools.gnu-tools-for-stm32.9-2020-q2-update.win32_1.5.0.202011040924/tools/bin/../lib/gcc/arm-none-eabi/9.3.1/thumb/v6-m/nofp\libgcc.a(_aeabi_ldivmod.o)
 .ARM.attributes
                0x0000000000000a0d       0x1e c:/st/stm32cubeide_1.4.0/stm32cubeide/plugins/com.st.stm32cube.ide.mcu.externaltools.gnu-tools-for-stm32.9-2020-q2-update.win32_1.5.0.202011040924/tools/bin/../lib/gcc/arm-none-eabi/9.3.1/thumb/v6-m/nofp\libgcc.a(_aeabi_uldivmod.o)
 .ARM.attributes
                0x0000000000000a2b       0x2c c:/st/stm32cubeide_1.4.0/stm32cubeide/plugins/com.st.stm32cube.ide.mcu.externaltools.gnu-tools-for-stm32.9-2020-q2-update.win32_1.5.0.202011040924/tools/bin/../lib/gcc/arm-none-eabi/9.3.1/thumb/v6-m/nofp\libgcc.a(_muldi3.o)
 .ARM.attributes
                0x0000000000000a57       0x2c c:/st/stm32cubeide_1.4.0/stm32cubeide/plugins/com.st.stm32cube.ide.mcu.externaltools.gnu-tools-for-stm32.9-2020-q2-update.win32_1.5.0.202011040924/tools/bin/../lib/gcc/arm-none-eabi/9.3.1/thumb/v6-m/nofp\libgcc.a(_udivmoddi4.o)
 .ARM.attributes
                0x0000000000000a83       0x2c c:/st/stm32cubeide_1.4.0/stm32cubeide/plugins/com.st.stm32cube.ide.mcu.externaltools.gnu-tools-for-stm32.9-2020-q2-update.win32_1.5.0.202011040924/tools/bin/../lib/gcc/arm-none-eabi/9.3.1/thumb/v6-m/nofp\libgcc.a(bpabi.o)
 .ARM.attributes
                0x0000000000000aaf       0x1e c:/st/stm32cubeide_1.4.0/stm32cubeide/plugins/com.st.stm32cube.ide.mcu.externaltools.gnu-tools-for-stm32.9-2020-q2-update.win32_1.5.0.202011040924/tools/bin/../lib/gcc/arm-none-eabi/9.3.1/thumb/v6-m/nofp\libgcc.a(_clzdi2.o)
 .ARM.attributes
                0x0000000000000acd       0x2c c:/st/stm32cubeide_1.4.0/stm32cubeide/plugins/com.st.stm32cube.ide.mcu.externaltools.gnu-tools-for-stm32.9-2020-q2-update.win32_1.5.0.202011040924/tools/bin/../lib/gcc/arm-none-eabi/9.3.1/thumb/v6-m/nofp\libgcc.a(_divdi3.o)
 .ARM.attributes
                0x0000000000000af9       0x1e c:/st/stm32cubeide_1.4.0/stm32cubeide/plugins/com.st.stm32cube.ide.mcu.externaltools.gnu-tools-for-stm32.9-2020-q2-update.win32_1.5.0.202011040924/tools/bin/../lib/gcc/arm-none-eabi/9.3.1/thumb/v6-m/nofp\libgcc.a(_clzsi2.o)
 .ARM.attributes
                0x0000000000000b17       0x1e c:/st/stm32cubeide_1.4.0/stm32cubeide/plugins/com.st.stm32cube.ide.mcu.externaltools.gnu-tools-for-stm32.9-2020-q2-update.win32_1.5.0.202011040924/tools/bin/../lib/gcc/arm-none-eabi/9.3.1/thumb/v6-m/nofp/crtn.o
OUTPUT(OpenUNBv2.elf elf32-littlearm)
LOAD linker stubs
LOAD c:/st/stm32cubeide_1.4.0/stm32cubeide/plugins/com.st.stm32cube.ide.mcu.externaltools.gnu-tools-for-stm32.9-2020-q2-update.win32_1.5.0.202011040924/tools/bin/../lib/gcc/arm-none-eabi/9.3.1/../../../../arm-none-eabi/lib/thumb/v6-m/nofp\libc.a
LOAD c:/st/stm32cubeide_1.4.0/stm32cubeide/plugins/com.st.stm32cube.ide.mcu.externaltools.gnu-tools-for-stm32.9-2020-q2-update.win32_1.5.0.202011040924/tools/bin/../lib/gcc/arm-none-eabi/9.3.1/../../../../arm-none-eabi/lib/thumb/v6-m/nofp\libm.a
LOAD c:/st/stm32cubeide_1.4.0/stm32cubeide/plugins/com.st.stm32cube.ide.mcu.externaltools.gnu-tools-for-stm32.9-2020-q2-update.win32_1.5.0.202011040924/tools/bin/../lib/gcc/arm-none-eabi/9.3.1/thumb/v6-m/nofp\libgcc.a

.debug_info     0x0000000000000000     0xb5a3
 .debug_info    0x0000000000000000      0x739 Core/Src/AX5243.o
 .debug_info    0x0000000000000739      0x58c Core/Src/SW_interfaces.o
 .debug_info    0x0000000000000cc5     0x2194 Core/Src/main.o
 .debug_info    0x0000000000002e59      0x140 Core/Src/phy.o
 .debug_info    0x0000000000002f99      0x1da Core/Src/stm32f0xx_it.o
 .debug_info    0x0000000000003173      0xfa8 Core/Src/syscalls.o
 .debug_info    0x000000000000411b      0xa25 Core/Src/sysmem.o
 .debug_info    0x0000000000004b40      0x262 Core/Src/system_stm32f0xx.o
 .debug_info    0x0000000000004da2      0xce7 Core/Src/encrypt/OpenUNBEncrypterHL.o
 .debug_info    0x0000000000005a89     0x103c Core/Src/encrypt/OpenUNBEncrypterLL.o
 .debug_info    0x0000000000006ac5     0x1064 Core/Src/encrypt/aes.o
 .debug_info    0x0000000000007b29      0x99a Core/Src/encrypt/crc24.o
 .debug_info    0x00000000000084c3      0x605 Core/Src/polar/OpenUNBEncoderLL.o
 .debug_info    0x0000000000008ac8       0x22 Core/Startup/startup_stm32f042f6px.o
 .debug_info    0x0000000000008aea      0x5d5 Drivers/STM32F0xx_HAL_Driver/Src/stm32f0xx_ll_gpio.o
 .debug_info    0x00000000000090bf      0x692 Drivers/STM32F0xx_HAL_Driver/Src/stm32f0xx_ll_rcc.o
 .debug_info    0x0000000000009751      0xee3 Drivers/STM32F0xx_HAL_Driver/Src/stm32f0xx_ll_tim.o
 .debug_info    0x000000000000a634      0x702 Drivers/STM32F0xx_HAL_Driver/Src/stm32f0xx_ll_usart.o
 .debug_info    0x000000000000ad36      0x86d Drivers/STM32F0xx_HAL_Driver/Src/stm32f0xx_ll_utils.o

.debug_abbrev   0x0000000000000000     0x2381
 .debug_abbrev  0x0000000000000000      0x225 Core/Src/AX5243.o
 .debug_abbrev  0x0000000000000225      0x188 Core/Src/SW_interfaces.o
 .debug_abbrev  0x00000000000003ad      0x4c4 Core/Src/main.o
 .debug_abbrev  0x0000000000000871       0x9d Core/Src/phy.o
 .debug_abbrev  0x000000000000090e       0x93 Core/Src/stm32f0xx_it.o
 .debug_abbrev  0x00000000000009a1      0x286 Core/Src/syscalls.o
 .debug_abbrev  0x0000000000000c27      0x1bf Core/Src/sysmem.o
 .debug_abbrev  0x0000000000000de6      0x116 Core/Src/system_stm32f0xx.o
 .debug_abbrev  0x0000000000000efc      0x24c Core/Src/encrypt/OpenUNBEncrypterHL.o
 .debug_abbrev  0x0000000000001148      0x283 Core/Src/encrypt/OpenUNBEncrypterLL.o
 .debug_abbrev  0x00000000000013cb      0x2a1 Core/Src/encrypt/aes.o
 .debug_abbrev  0x000000000000166c      0x1c9 Core/Src/encrypt/crc24.o
 .debug_abbrev  0x0000000000001835      0x158 Core/Src/polar/OpenUNBEncoderLL.o
 .debug_abbrev  0x000000000000198d       0x12 Core/Startup/startup_stm32f042f6px.o
 .debug_abbrev  0x000000000000199f      0x1b5 Drivers/STM32F0xx_HAL_Driver/Src/stm32f0xx_ll_gpio.o
 .debug_abbrev  0x0000000000001b54      0x1f8 Drivers/STM32F0xx_HAL_Driver/Src/stm32f0xx_ll_rcc.o
 .debug_abbrev  0x0000000000001d4c      0x218 Drivers/STM32F0xx_HAL_Driver/Src/stm32f0xx_ll_tim.o
 .debug_abbrev  0x0000000000001f64      0x1de Drivers/STM32F0xx_HAL_Driver/Src/stm32f0xx_ll_usart.o
 .debug_abbrev  0x0000000000002142      0x23f Drivers/STM32F0xx_HAL_Driver/Src/stm32f0xx_ll_utils.o

.debug_aranges  0x0000000000000000      0xa60
 .debug_aranges
                0x0000000000000000       0x70 Core/Src/AX5243.o
 .debug_aranges
                0x0000000000000070       0x50 Core/Src/SW_interfaces.o
 .debug_aranges
                0x00000000000000c0      0x1f0 Core/Src/main.o
 .debug_aranges
                0x00000000000002b0       0x20 Core/Src/phy.o
 .debug_aranges
                0x00000000000002d0       0x40 Core/Src/stm32f0xx_it.o
 .debug_aranges
                0x0000000000000310       0xa8 Core/Src/syscalls.o
 .debug_aranges
                0x00000000000003b8       0x20 Core/Src/sysmem.o
 .debug_aranges
                0x00000000000003d8       0x28 Core/Src/system_stm32f0xx.o
 .debug_aranges
                0x0000000000000400       0x48 Core/Src/encrypt/OpenUNBEncrypterHL.o
 .debug_aranges
                0x0000000000000448       0x88 Core/Src/encrypt/OpenUNBEncrypterLL.o
 .debug_aranges