Archive member included to satisfy reference by file (symbol)

c:/st/stm32cubeide_1.4.0/stm32cubeide/plugins/com.st.stm32cube.ide.mcu.externaltools.gnu-tools-for-stm32.9-2020-q2-update.win32_1.5.0.202011040924/tools/bin/../lib/gcc/arm-none-eabi/9.3.1/../../../../arm-none-eabi/lib/thumb/v6-m/nofp\libc_nano.a(lib_a-errno.o)
                              Core/Src/syscalls.o (__errno)
c:/st/stm32cubeide_1.4.0/stm32cubeide/plugins/com.st.stm32cube.ide.mcu.externaltools.gnu-tools-for-stm32.9-2020-q2-update.win32_1.5.0.202011040924/tools/bin/../lib/gcc/arm-none-eabi/9.3.1/../../../../arm-none-eabi/lib/thumb/v6-m/nofp\libc_nano.a(lib_a-exit.o)
                              c:/st/stm32cubeide_1.4.0/stm32cubeide/plugins/com.st.stm32cube.ide.mcu.externaltools.gnu-tools-for-stm32.9-2020-q2-update.win32_1.5.0.202011040924/tools/bin/../lib/gcc/arm-none-eabi/9.3.1/../../../../arm-none-eabi/lib/thumb/v6-m/nofp/crt0.o (exit)
c:/st/stm32cubeide_1.4.0/stm32cubeide/plugins/com.st.stm32cube.ide.mcu.externaltools.gnu-tools-for-stm32.9-2020-q2-update.win32_1.5.0.202011040924/tools/bin/../lib/gcc/arm-none-eabi/9.3.1/../../../../arm-none-eabi/lib/thumb/v6-m/nofp\libc_nano.a(lib_a-impure.o)
                              c:/st/stm32cubeide_1.4.0/stm32cubeide/plugins/com.st.stm32cube.ide.mcu.externaltools.gnu-tools-for-stm32.9-2020-q2-update.win32_1.5.0.202011040924/tools/bin/../lib/gcc/arm-none-eabi/9.3.1/../../../../arm-none-eabi/lib/thumb/v6-m/nofp\libc_nano.a(lib_a-exit.o) (_global_impure_ptr)
c:/st/stm32cubeide_1.4.0/stm32cubeide/plugins/com.st.stm32cube.ide.mcu.externaltools.gnu-tools-for-stm32.9-2020-q2-update.win32_1.5.0.202011040924/tools/bin/../lib/gcc/arm-none-eabi/9.3.1/../../../../arm-none-eabi/lib/thumb/v6-m/nofp\libc_nano.a(lib_a-init.o)
                              c:/st/stm32cubeide_1.4.0/stm32cubeide/plugins/com.st.stm32cube.ide.mcu.externaltools.gnu-tools-for-stm32.9-2020-q2-update.win32_1.5.0.202011040924/tools/bin/../lib/gcc/arm-none-eabi/9.3.1/../../../../arm-none-eabi/lib/thumb/v6-m/nofp/crt0.o (__libc_init_array)
c:/st/stm32cubeide_1.4.0/stm32cubeide/plugins/com.st.stm32cube.ide.mcu.externaltools.gnu-tools-for-stm32.9-2020-q2-update.win32_1.5.0.202011040924/tools/bin/../lib/gcc/arm-none-eabi/9.3.1/../../../../arm-none-eabi/lib/thumb/v6-m/nofp\libc_nano.a(lib_a-memcpy-stub.o)
                              Core/Src/main.o (memcpy)
c:/st/stm32cubeide_1.4.0/stm32cubeide/plugins/com.st.stm32cube.ide.mcu.externaltools.gnu-tools-for-stm32.9-2020-q2-update.win32_1.5.0.202011040924/tools/bin/../lib/gcc/arm-none-eabi/9.3.1/../../../../arm-none-eabi/lib/thumb/v6-m/nofp\libc_nano.a(lib_a-memset.o)
                              c:/st/stm32cubeide_1.4.0/stm32cubeide/plugins/com.st.stm32cube.ide.mcu.externaltools.gnu-tools-for-stm32.9-2020-q2-update.win32_1.5.0.202011040924/tools/bin/../lib/gcc/arm-none-eabi/9.3.1/../../../../arm-none-eabi/lib/thumb/v6-m/nofp/crt0.o (memset)
c:/st/stm32cubeide_1.4.0/stm32cubeide/plugins/com.st.stm32cube.ide.mcu.externaltools.gnu-tools-for-stm32.9-2020-q2-update.win32_1.5.0.202011040924/tools/bin/../lib/gcc/arm-none-eabi/9.3.1/../../../../arm-none-eabi/lib/thumb/v6-m/nofp\libc_nano.a(lib_a-strlen.o)
                              Core/Src/main.o (strlen)
c:/st/stm32cubeide_1.4.0/stm32cubeide/plugins/com.st.stm32cube.ide.mcu.externaltools.gnu-tools-for-stm32.9-2020-q2-update.win32_1.5.0.202011040924/tools/bin/../lib/gcc/arm-none-eabi/9.3.1/thumb/v6-m/nofp\libgcc.a(_udivsi3.o)
                              Core/Src/AX5243.o (__aeabi_uidiv)
c:/st/stm32cubeide_1.4.0/stm32cubeide/plugins/com.st.stm32cube.ide.mcu.externaltools.gnu-tools-for-stm32.9-2020-q2-update.win32_1.5.0.202011040924/tools/bin/../lib/gcc/arm-none-eabi/9.3.1/thumb/v6-m/nofp\libgcc.a(_divsi3.o)
                              Core/Src/system_stm32f0xx.o (__aeabi_idiv)
c:/st/stm32cubeide_1.4.0/stm32cubeide/plugins/com.st.stm32cube.ide.mcu.externaltools.gnu-tools-for-stm32.9-2020-q2-update.win32_1.5.0.202011040924/tools/bin/../lib/gcc/arm-none-eabi/9.3.1/thumb/v6-m/nofp\libgcc.a(_dvmd_tls.o)
                              c:/st/stm32cubeide_1.4.0/stm32cubeide/plugins/com.st.stm32cube.ide.mcu.externaltools.gnu-tools-for-stm32.9-2020-q2-update.win32_1.5.0.202011040924/tools/bin/../lib/gcc/arm-none-eabi/9.3.1/thumb/v6-m/nofp\libgcc.a(_udivsi3.o) (__aeabi_idiv0)
c:/st/stm32cubeide_1.4.0/stm32cubeide/plugins/com.st.stm32cube.ide.mcu.externaltools.gnu-tools-for-stm32.9-2020-q2-update.win32_1.5.0.202011040924/tools/bin/../lib/gcc/arm-none-eabi/9.3.1/thumb/v6-m/nofp\libgcc.a(_aeabi_ldivmod.o)
                              Core/Src/AX5243.o (__aeabi_ldivmod)
c:/st/stm32cubeide_1.4.0/stm32cubeide/plugins/com.st.stm32cube.ide.mcu.externaltools.gnu-tools-for-stm32.9-2020-q2-update.win32_1.5.0.202011040924/tools/bin/../lib/gcc/arm-none-eabi/9.3.1/thumb/v6-m/nofp\libgcc.a(_aeabi_uldivmod.o)
                              Core/Src/AX5243.o (__aeabi_uldivmod)
[...]
Memory Configuration

Name             Origin             Length             Attributes
RAM              0x0000000020000000 0x0000000000001000 xrw
FLASH            0x0000000008000000 0x0000000000004000 xr
*default*        0x0000000000000000 0xffffffffffffffff

Linker script and memory map

LOAD c:/st/stm32cubeide_1.4.0/stm32cubeide/plugins/com.st.stm32cube.ide.mcu.externaltools.gnu-tools-for-stm32.9-2020-q2-update.win32_1.5.0.202011040924/tools/bin/../lib/gcc/arm-none-eabi/9.3.1/thumb/v6-m/nofp/crti.o
LOAD c:/st/stm32cubeide_1.4.0/stm32cubeide/plugins/com.st.stm32cube.ide.mcu.externaltools.gnu-tools-for-stm32.9-2020-q2-update.win32_1.5.0.202011040924/tools/bin/../lib/gcc/arm-none-eabi/9.3.1/thumb/v6-m/nofp/crtbegin.o
LOAD c:/st/stm32cubeide_1.4.0/stm32cubeide/plugins/com.st.stm32cube.ide.mcu.externaltools.gnu-tools-for-stm32.9-2020-q2-update.win32_1.5.0.202011040924/tools/bin/../lib/gcc/arm-none-eabi/9.3.1/../../../../arm-none-eabi/lib/thumb/v6-m/nofp/crt0.o
LOAD Core/Src/AX5243.o
LOAD Core/Src/SW_interfaces.o
LOAD Core/Src/main.o
LOAD Core/Src/phy.o
LOAD Core/Src/stm32f0xx_it.o
LOAD Core/Src/syscalls.o
LOAD Core/Src/sysmem.o
LOAD Core/Src/system_stm32f0xx.o
LOAD Core/Src/encrypt/OpenUNBEncrypterLL.o
LOAD Core/Src/encrypt/aes.o
LOAD Core/Src/encrypt/crc24.o
LOAD Core/Src/polar/OpenUNBEncoderLL.o
LOAD Core/Startup/startup_stm32f030f4px.o
LOAD Drivers/STM32F0xx_HAL_Driver/Src/stm32f0xx_ll_dma.o
LOAD Drivers/STM32F0xx_HAL_Driver/Src/stm32f0xx_ll_exti.o
LOAD Drivers/STM32F0xx_HAL_Driver/Src/stm32f0xx_ll_gpio.o
LOAD Drivers/STM32F0xx_HAL_Driver/Src/stm32f0xx_ll_pwr.o
LOAD Drivers/STM32F0xx_HAL_Driver/Src/stm32f0xx_ll_rcc.o
LOAD Drivers/STM32F0xx_HAL_Driver/Src/stm32f0xx_ll_tim.o
LOAD Drivers/STM32F0xx_HAL_Driver/Src/stm32f0xx_ll_usart.o
LOAD Drivers/STM32F0xx_HAL_Driver/Src/stm32f0xx_ll_utils.o
START GROUP
LOAD c:/st/stm32cubeide_1.4.0/stm32cubeide/plugins/com.st.stm32cube.ide.mcu.externaltools.gnu-tools-for-stm32.9-2020-q2-update.win32_1.5.0.202011040924/tools/bin/../lib/gcc/arm-none-eabi/9.3.1/../../../../arm-none-eabi/lib/thumb/v6-m/nofp\libc_nano.a
LOAD c:/st/stm32cubeide_1.4.0/stm32cubeide/plugins/com.st.stm32cube.ide.mcu.externaltools.gnu-tools-for-stm32.9-2020-q2-update.win32_1.5.0.202011040924/tools/bin/../lib/gcc/arm-none-eabi/9.3.1/../../../../arm-none-eabi/lib/thumb/v6-m/nofp\libm.a
END GROUP
START GROUP
LOAD c:/st/stm32cubeide_1.4.0/stm32cubeide/plugins/com.st.stm32cube.ide.mcu.externaltools.gnu-tools-for-stm32.9-2020-q2-update.win32_1.5.0.202011040924/tools/bin/../lib/gcc/arm-none-eabi/9.3.1/thumb/v6-m/nofp\libgcc.a
LOAD c:/st/stm32cubeide_1.4.0/stm32cubeide/plugins/com.st.stm32cube.ide.mcu.externaltools.gnu-tools-for-stm32.9-2020-q2-update.win32_1.5.0.202011040924/tools/bin/../lib/gcc/arm-none-eabi/9.3.1/../../../../arm-none-eabi/lib/thumb/v6-m/nofp\libc_nano.a
END GROUP
START GROUP
LOAD c:/st/stm32cubeide_1.4.0/stm32cubeide/plugins/com.st.stm32cube.ide.mcu.externaltools.gnu-tools-for-stm32.9-2020-q2-update.win32_1.5.0.202011040924/tools/bin/../lib/gcc/arm-none-eabi/9.3.1/thumb/v6-m/nofp\libgcc.a
LOAD c:/st/stm32cubeide_1.4.0/stm32cubeide/plugins/com.st.stm32cube.ide.mcu.externaltools.gnu-tools-for-stm32.9-2020-q2-update.win32_1.5.0.202011040924/tools/bin/../lib/gcc/arm-none-eabi/9.3.1/../../../../arm-none-eabi/lib/thumb/v6-m/nofp\libc_nano.a
LOAD c:/st/stm32cubeide_1.4.0/stm32cubeide/plugins/com.st.stm32cube.ide.mcu.externaltools.gnu-tools-for-stm32.9-2020-q2-update.win32_1.5.0.202011040924/tools/bin/../lib/gcc/arm-none-eabi/9.3.1/../../../../arm-none-eabi/lib/thumb/v6-m/nofp\libnosys.a
END GROUP
START GROUP
LOAD c:/st/stm32cubeide_1.4.0/stm32cubeide/plugins/com.st.stm32cube.ide.mcu.externaltools.gnu-tools-for-stm32.9-2020-q2-update.win32_1.5.0.202011040924/tools/bin/../lib/gcc/arm-none-eabi/9.3.1/thumb/v6-m/nofp\libgcc.a
LOAD c:/st/stm32cubeide_1.4.0/stm32cubeide/plugins/com.st.stm32cube.ide.mcu.externaltools.gnu-tools-for-stm32.9-2020-q2-update.win32_1.5.0.202011040924/tools/bin/../lib/gcc/arm-none-eabi/9.3.1/../../../../arm-none-eabi/lib/thumb/v6-m/nofp\libc_nano.a
LOAD c:/st/stm32cubeide_1.4.0/stm32cubeide/plugins/com.st.stm32cube.ide.mcu.externaltools.gnu-tools-for-stm32.9-2020-q2-update.win32_1.5.0.202011040924/tools/bin/../lib/gcc/arm-none-eabi/9.3.1/../../../../arm-none-eabi/lib/thumb/v6-m/nofp\libnosys.a
END GROUP
LOAD c:/st/stm32cubeide_1.4.0/stm32cubeide/plugins/com.st.stm32cube.ide.mcu.externaltools.gnu-tools-for-stm32.9-2020-q2-update.win32_1.5.0.202011040924/tools/bin/../lib/gcc/arm-none-eabi/9.3.1/thumb/v6-m/nofp/crtend.o
LOAD c:/st/stm32cubeide_1.4.0/stm32cubeide/plugins/com.st.stm32cube.ide.mcu.externaltools.gnu-tools-for-stm32.9-2020-q2-update.win32_1.5.0.202011040924/tools/bin/../lib/gcc/arm-none-eabi/9.3.1/thumb/v6-m/nofp/crtn.o
                0x0000000020001000                _estack = (ORIGIN (RAM) + LENGTH (RAM))
                0x0000000000000200                _Min_Heap_Size = 0x200
                0x0000000000000400                _Min_Stack_Size = 0x400

.isr_vector     0x0000000008000000       0xc0
                0x0000000008000000                . = ALIGN (0x4)
 *(.isr_vector)
 .isr_vector    0x0000000008000000       0xc0 Core/Startup/startup_stm32f030f4px.o
                0x0000000008000000                g_pfnVectors
                0x00000000080000c0                . = ALIGN (0x4)

.text           0x00000000080000c0     0x34f0
                0x00000000080000c0                . = ALIGN (0x4)
 *(.text)
 .text          0x00000000080000c0       0x48 c:/st/stm32cubeide_1.4.0/stm32cubeide/plugins/com.st.stm32cube.ide.mcu.externaltools.gnu-tools-for-stm32.9-2020-q2-update.win32_1.5.0.202011040924/tools/bin/../lib/gcc/arm-none-eabi/9.3.1/thumb/v6-m/nofp/crtbegin.o
 .text          0x0000000008000108        0xe c:/st/stm32cubeide_1.4.0/stm32cubeide/plugins/com.st.stm32cube.ide.mcu.externaltools.gnu-tools-for-stm32.9-2020-q2-update.win32_1.5.0.202011040924/tools/bin/../lib/gcc/arm-none-eabi/9.3.1/../../../../arm-none-eabi/lib/thumb/v6-m/nofp\libc_nano.a(lib_a-strlen.o)
                0x0000000008000108                strlen
 *fill*         0x0000000008000116        0x2 
 .text          0x0000000008000118      0x114 c:/st/stm32cubeide_1.4.0/stm32cubeide/plugins/com.st.stm32cube.ide.mcu.externaltools.gnu-tools-for-stm32.9-2020-q2-update.win32_1.5.0.202011040924/tools/bin/../lib/gcc/arm-none-eabi/9.3.1/thumb/v6-m/nofp\libgcc.a(_udivsi3.o)
                0x0000000008000118                __aeabi_uidiv
                0x0000000008000118                __udivsi3
                0x0000000008000224                __aeabi_uidivmod
 .text          0x000000000800022c        0x4 c:/st/stm32cubeide_1.4.0/stm32cubeide/plugins/com.st.stm32cube.ide.mcu.externaltools.gnu-tools-for-stm32.9-2020-q2-update.win32_1.5.0.202011040924/tools/bin/../lib/gcc/arm-none-eabi/9.3.1/thumb/v6-m/nofp\libgcc.a(_dvmd_tls.o)
                0x000000000800022c                __aeabi_idiv0
                0x000000000800022c                __aeabi_ldiv0
 .text          0x0000000008000230       0x48 c:/st/stm32cubeide_1.4.0/stm32cubeide/plugins/com.st.stm32cube.ide.mcu.externaltools.gnu-tools-for-stm32.9-2020-q2-update.win32_1.5.0.202011040924/tools/bin/../lib/gcc/arm-none-eabi/9.3.1/thumb/v6-m/nofp\libgcc.a(_aeabi_ldivmod.o)
                0x0000000008000230                __aeabi_ldivmod
 .text          0x0000000008000278       0x40 c:/st/stm32cubeide_1.4.0/stm32cubeide/plugins/com.st.stm32cube.ide.mcu.externaltools.gnu-tools-for-stm32.9-2020-q2-update.win32_1.5.0.202011040924/tools/bin/../lib/gcc/arm-none-eabi/9.3.1/thumb/v6-m/nofp\libgcc.a(_aeabi_uldivmod.o)
                0x0000000008000278                __aeabi_uldivmod
 .text          0x00000000080002b8       0x50 c:/st/stm32cubeide_1.4.0/stm32cubeide/plugins/com.st.stm32cube.ide.mcu.externaltools.gnu-tools-for-stm32.9-2020-q2-update.win32_1.5.0.202011040924/tools/bin/../lib/gcc/arm-none-eabi/9.3.1/thumb/v6-m/nofp\libgcc.a(_muldi3.o)
                0x00000000080002b8                __muldi3
                0x00000000080002b8                __aeabi_lmul
 .text          0x0000000008000308      0x198 c:/st/stm32cubeide_1.4.0/stm32cubeide/plugins/com.st.stm32cube.ide.mcu.externaltools.gnu-tools-for-stm32.9-2020-q2-update.win32_1.5.0.202011040924/tools/bin/../lib/gcc/arm-none-eabi/9.3.1/thumb/v6-m/nofp\libgcc.a(_udivmoddi4.o)
                0x0000000008000308                __udivmoddi4
 .text          0x00000000080004a0       0x3c c:/st/stm32cubeide_1.4.0/stm32cubeide/plugins/com.st.stm32cube.ide.mcu.externaltools.gnu-tools-for-stm32.9-2020-q2-update.win32_1.5.0.202011040924/tools/bin/../lib/gcc/arm-none-eabi/9.3.1/thumb/v6-m/nofp\libgcc.a(bpabi.o)
                0x00000000080004a0                __gnu_ldivmod_helper
 .text          0x00000000080004dc       0x18 c:/st/stm32cubeide_1.4.0/stm32cubeide/plugins/com.st.stm32cube.ide.mcu.externaltools.gnu-tools-for-stm32.9-2020-q2-update.win32_1.5.0.202011040924/tools/bin/../lib/gcc/arm-none-eabi/9.3.1/thumb/v6-m/nofp\libgcc.a(_clzdi2.o)
                0x00000000080004dc                __clzdi2
 .text          0x00000000080004f4      0x1cc c:/st/stm32cubeide_1.4.0/stm32cubeide/plugins/com.st.stm32cube.ide.mcu.externaltools.gnu-tools-for-stm32.9-2020-q2-update.win32_1.5.0.202011040924/tools/bin/../lib/gcc/arm-none-eabi/9.3.1/thumb/v6-m/nofp\libgcc.a(_divdi3.o)
                0x00000000080004f4                __divdi3
 .text          0x00000000080006c0       0x3c c:/st/stm32cubeide_1.4.0/stm32cubeide/plugins/com.st.stm32cube.ide.mcu.externaltools.gnu-tools-for-stm32.9-2020-q2-update.win32_1.5.0.202011040924/tools/bin/../lib/gcc/arm-none-eabi/9.3.1/thumb/v6-m/nofp\libgcc.a(_clzsi2.o)
                0x00000000080006c0                __clzsi2
 *(.text*)
 .text.SPI_TR_24
                0x00000000080006fc       0x94 Core/Src/AX5243.o
                0x00000000080006fc                SPI_TR_24
 .text.SPI_TR_16
                0x0000000008000790       0x98 Core/Src/AX5243.o
                0x0000000008000790                SPI_TR_16
 .text.AX5243_init
                0x0000000008000828      0x290 Core/Src/AX5243.o
                0x0000000008000828                AX5243_init
 .text.AX5243_transmit
                0x0000000008000ab8      0x1c0 Core/Src/AX5243.o
                0x0000000008000ab8                AX5243_transmit
 .text.AX5243_set_fr
                0x0000000008000c78       0xc8 Core/Src/AX5243.o
                0x0000000008000c78                AX5243_set_fr
 .text.AX5243_set_pw
                0x0000000008000d40       0xb8 Core/Src/AX5243.o
                0x0000000008000d40                AX5243_set_pw
 .text.AX5243_set_fl
                0x0000000008000df8       0x3c Core/Src/AX5243.o
                0x0000000008000df8                AX5243_set_fl
 .text.AX5243_set_pd
                0x0000000008000e34       0x54 Core/Src/AX5243.o
                0x0000000008000e34                AX5243_set_pd
 .text.AX5243_rs
                0x0000000008000e88        0x8 Core/Src/AX5243.o
                0x0000000008000e88                AX5243_rs
 .text.I2C_Start
                0x0000000008000e90       0x98 Core/Src/SW_interfaces.o
                0x0000000008000e90                I2C_Start
 .text.I2C_Stop
                0x0000000008000f28       0x44 Core/Src/SW_interfaces.o
                0x0000000008000f28                I2C_Stop
 .text.I2C_Write_Byte
                0x0000000008000f6c       0x78 Core/Src/SW_interfaces.o
                0x0000000008000f6c                I2C_Write_Byte
 .text.I2C_Read_Byte
                0x0000000008000fe4       0x8c Core/Src/SW_interfaces.o
                0x0000000008000fe4                I2C_Read_Byte
 .text.SPI2_Write_Byte
                0x0000000008001070       0x70 Core/Src/SW_interfaces.o
                0x0000000008001070                SPI2_Write_Byte
 .text.SPI2_Read_Byte
                0x00000000080010e0       0xd4 Core/Src/SW_interfaces.o
                0x00000000080010e0                SPI2_Read_Byte
 .text.Ascii2ToHex.part.0
                0x00000000080011b4       0xd0 Core/Src/main.o
 .text.SystemClock_Config
                0x0000000008001284       0xb0 Core/Src/main.o
                0x0000000008001284                SystemClock_Config
 .text.preapare_msg_16bit
                0x0000000008001334       0x40 Core/Src/main.o
                0x0000000008001334                preapare_msg_16bit
 .text.preapare_msg_48bit
                0x0000000008001374       0x40 Core/Src/main.o
                0x0000000008001374                preapare_msg_48bit
 .text.preapare_msg_activate
                0x00000000080013b4       0x3c Core/Src/main.o
                0x00000000080013b4                preapare_msg_activate
 .text.USART_TX_Str
                0x00000000080013f0       0x2c Core/Src/main.o
                0x00000000080013f0                USART_TX_Str
 .text.USART_TX_h_VAL
                0x000000000800141c       0x94 Core/Src/main.o
                0x000000000800141c                USART_TX_h_VAL
 .text.USART_TX_d_VAL
                0x00000000080014b0       0xd4 Core/Src/main.o
                0x00000000080014b0                USART_TX_d_VAL
 .text.USART_RX_Str
                0x0000000008001584       0x64 Core/Src/main.o
                0x0000000008001584                USART_RX_Str
 .text.AsciiToHex
                0x00000000080015e8       0x7c Core/Src/main.o
                0x00000000080015e8                AsciiToHex
 .text.startup.main
                0x0000000008001664      0x9ec Core/Src/main.o
                0x0000000008001664                main
 .text.to_diff  0x0000000008002050       0x64 Core/Src/phy.o
                0x0000000008002050                to_diff
 .text.NMI_Handler
                0x00000000080020b4        0x4 Core/Src/stm32f0xx_it.o
                0x00000000080020b4                NMI_Handler
 .text.HardFault_Handler
                0x00000000080020b8        0x4 Core/Src/stm32f0xx_it.o
                0x00000000080020b8                HardFault_Handler
 .text.SVC_Handler
                0x00000000080020bc        0x4 Core/Src/stm32f0xx_it.o
                0x00000000080020bc                SVC_Handler
 .text.PendSV_Handler
                0x00000000080020c0        0x4 Core/Src/stm32f0xx_it.o
                0x00000000080020c0                PendSV_Handler
 .text.SysTick_Handler
                0x00000000080020c4       0x10 Core/Src/stm32f0xx_it.o
                0x00000000080020c4                SysTick_Handler
 .text.SystemInit
                0x00000000080020d4        0x4 Core/Src/system_stm32f0xx.o
                0x00000000080020d4                SystemInit
 .text.aesCTR_a
                0x00000000080020d8       0x44 Core/Src/encrypt/OpenUNBEncrypterLL.o
                0x00000000080020d8                aesCTR_a
 .text.aesECB   0x000000000800211c       0x40 Core/Src/encrypt/OpenUNBEncrypterLL.o
                0x000000000800211c                aesECB
 .text.getMIC16
                0x000000000800215c      0x164 Core/Src/encrypt/OpenUNBEncrypterLL.o
                0x000000000800215c                getMIC16
 .text.getMIC48
                0x00000000080022c0      0x164 Core/Src/encrypt/OpenUNBEncrypterLL.o
                0x00000000080022c0                getMIC48
 .text.encECB   0x0000000008002424       0x48 Core/Src/encrypt/OpenUNBEncrypterLL.o
                0x0000000008002424                encECB
 .text.getDevAddr
                0x000000000800246c       0x60 Core/Src/encrypt/OpenUNBEncrypterLL.o
                0x000000000800246c                getDevAddr
 .text.encCTR   0x00000000080024cc       0x84 Core/Src/encrypt/OpenUNBEncrypterLL.o
                0x00000000080024cc                encCTR
 .text.getKa    0x0000000008002550       0x94 Core/Src/encrypt/OpenUNBEncrypterLL.o
                0x0000000008002550                getKa
 .text.initEncrypter
                0x00000000080025e4       0x70 Core/Src/encrypt/OpenUNBEncrypterLL.o
                0x00000000080025e4                initEncrypter
 .text.getKm    0x0000000008002654       0x90 Core/Src/encrypt/OpenUNBEncrypterLL.o
                0x0000000008002654                getKm
 .text.getKe    0x00000000080026e4       0x90 Core/Src/encrypt/OpenUNBEncrypterLL.o
                0x00000000080026e4                getKe
 .text.encodeActivateMsg
                0x0000000008002774       0xe8 Core/Src/encrypt/OpenUNBEncrypterLL.o
                0x0000000008002774                encodeActivateMsg
 .text.cryptoMacPayload16
                0x000000000800285c       0x94 Core/Src/encrypt/OpenUNBEncrypterLL.o
                0x000000000800285c                cryptoMacPayload16
 .text.encode16Bit
                0x00000000080028f0      0x120 Core/Src/encrypt/OpenUNBEncrypterLL.o
                0x00000000080028f0                encode16Bit
 .text.cryptoMacPayload48
                0x0000000008002a10       0x88 Core/Src/encrypt/OpenUNBEncrypterLL.o
                0x0000000008002a10                cryptoMacPayload48
 .text.encode48Bit
                0x0000000008002a98      0x12c Core/Src/encrypt/OpenUNBEncrypterLL.o
                0x0000000008002a98                encode48Bit
 .text.KeyExpansion
                0x0000000008002bc4       0x84 Core/Src/encrypt/aes.o
 .text.Cipher   0x0000000008002c48      0x1ac Core/Src/encrypt/aes.o
 .text.AES_init_ctx
                0x0000000008002df4        0x8 Core/Src/encrypt/aes.o
                0x0000000008002df4                AES_init_ctx
 .text.AES_init_ctx_iv
                0x0000000008002dfc       0x18 Core/Src/encrypt/aes.o
                0x0000000008002dfc                AES_init_ctx_iv
 .text.AES_ECB_encrypt
                0x0000000008002e14       0x10 Core/Src/encrypt/aes.o
                0x0000000008002e14                AES_ECB_encrypt
 .text.AES_CTR_xcrypt_buffer
                0x0000000008002e24       0x70 Core/Src/encrypt/aes.o
                0x0000000008002e24                AES_CTR_xcrypt_buffer
 .text.crc24    0x0000000008002e94       0x40 Core/Src/encrypt/crc24.o
                0x0000000008002e94                crc24
 .text.bits_to_byties
                0x0000000008002ed4       0x3c Core/Src/polar/OpenUNBEncoderLL.o
                0x0000000008002ed4                bits_to_byties
 .text.solve_recursively
                0x0000000008002f10       0xd4 Core/Src/polar/OpenUNBEncoderLL.o
                0x0000000008002f10                solve_recursively
 .text.stdpolar_encode_systematic_noperm
                0x0000000008002fe4       0xb0 Core/Src/polar/OpenUNBEncoderLL.o
                0x0000000008002fe4                stdpolar_encode_systematic_noperm
 .text.add_crc  0x0000000008003094       0x3c Core/Src/polar/OpenUNBEncoderLL.o
                0x0000000008003094                add_crc
 .text.encode96
                0x00000000080030d0       0x70 Core/Src/polar/OpenUNBEncoderLL.o
                0x00000000080030d0                encode96
 .text.encode64
                0x0000000008003140       0x60 Core/Src/polar/OpenUNBEncoderLL.o
                0x0000000008003140                encode64
 .text.Reset_Handler
                0x00000000080031a0       0x50 Core/Startup/startup_stm32f030f4px.o
                0x00000000080031a0                Reset_Handler
 .text.Default_Handler
                0x00000000080031f0        0x2 Core/Startup/startup_stm32f030f4px.o
                0x00000000080031f0                TIM1_CC_IRQHandler
                0x00000000080031f0                I2C1_IRQHandler
                0x00000000080031f0                SPI1_IRQHandler
                0x00000000080031f0                EXTI2_3_IRQHandler
                0x00000000080031f0                ADC1_IRQHandler
                0x00000000080031f0                TIM17_IRQHandler
                0x00000000080031f0                RTC_IRQHandler
                0x00000000080031f0                TIM16_IRQHandler
                0x00000000080031f0                TIM3_IRQHandler
                0x00000000080031f0                EXTI4_15_IRQHandler
                0x00000000080031f0                RCC_IRQHandler
                0x00000000080031f0                DMA1_Channel1_IRQHandler
                0x00000000080031f0                Default_Handler
                0x00000000080031f0                TIM14_IRQHandler
                0x00000000080031f0                DMA1_Channel4_5_IRQHandler
                0x00000000080031f0                EXTI0_1_IRQHandler
                0x00000000080031f0                WWDG_IRQHandler
                0x00000000080031f0                DMA1_Channel2_3_IRQHandler
                0x00000000080031f0                FLASH_IRQHandler
                0x00000000080031f0                USART1_IRQHandler
                0x00000000080031f0                TIM1_BRK_UP_TRG_COM_IRQHandler
 *fill*         0x00000000080031f2        0x2 
 .text.LL_GPIO_Init
                0x00000000080031f4       0xec Drivers/STM32F0xx_HAL_Driver/Src/stm32f0xx_ll_gpio.o
                0x00000000080031f4                LL_GPIO_Init
 .text.RCC_GetSystemClockFreq
                0x00000000080032e0       0x5c Drivers/STM32F0xx_HAL_Driver/Src/stm32f0xx_ll_rcc.o
                0x00000000080032e0                RCC_GetSystemClockFreq
 .text.LL_RCC_GetUSARTClockFreq
                0x000000000800333c       0x74 Drivers/STM32F0xx_HAL_Driver/Src/stm32f0xx_ll_rcc.o
                0x000000000800333c                LL_RCC_GetUSARTClockFreq
 .text.LL_TIM_Init
                0x00000000080033b0       0x80 Drivers/STM32F0xx_HAL_Driver/Src/stm32f0xx_ll_tim.o
                0x00000000080033b0                LL_TIM_Init
 .text.LL_USART_Init
                0x0000000008003430       0xa0 Drivers/STM32F0xx_HAL_Driver/Src/stm32f0xx_ll_usart.o
                0x0000000008003430                LL_USART_Init
 .text.LL_Init1msTick
                0x00000000080034d0       0x20 Drivers/STM32F0xx_HAL_Driver/Src/stm32f0xx_ll_utils.o
                0x00000000080034d0                LL_Init1msTick
 .text.LL_mDelay
                0x00000000080034f0       0x30 Drivers/STM32F0xx_HAL_Driver/Src/stm32f0xx_ll_utils.o
                0x00000000080034f0                LL_mDelay
 .text.LL_SetSystemCoreClock
                0x0000000008003520        0xc Drivers/STM32F0xx_HAL_Driver/Src/stm32f0xx_ll_utils.o
                0x0000000008003520                LL_SetSystemCoreClock
 .text.__libc_init_array
                0x000000000800352c       0x48 c:/st/stm32cubeide_1.4.0/stm32cubeide/plugins/com.st.stm32cube.ide.mcu.externaltools.gnu-tools-for-stm32.9-2020-q2-update.win32_1.5.0.202011040924/tools/bin/../lib/gcc/arm-none-eabi/9.3.1/../../../../arm-none-eabi/lib/thumb/v6-m/nofp\libc_nano.a(lib_a-init.o)
                0x000000000800352c                __libc_init_array
 .text.memcpy   0x0000000008003574       0x12 c:/st/stm32cubeide_1.4.0/stm32cubeide/plugins/com.st.stm32cube.ide.mcu.externaltools.gnu-tools-for-stm32.9-2020-q2-update.win32_1.5.0.202011040924/tools/bin/../lib/gcc/arm-none-eabi/9.3.1/../../../../arm-none-eabi/lib/thumb/v6-m/nofp\libc_nano.a(lib_a-memcpy-stub.o)
                0x0000000008003574                memcpy
 .text.memset   0x0000000008003586       0x10 c:/st/stm32cubeide_1.4.0/stm32cubeide/plugins/com.st.stm32cube.ide.mcu.externaltools.gnu-tools-for-stm32.9-2020-q2-update.win32_1.5.0.202011040924/tools/bin/../lib/gcc/arm-none-eabi/9.3.1/../../../../arm-none-eabi/lib/thumb/v6-m/nofp\libc_nano.a(lib_a-memset.o)
                0x0000000008003586                memset
 *(.glue_7)
 .glue_7        0x0000000008003596        0x0 linker stubs
 *(.glue_7t)
 .glue_7t       0x0000000008003596        0x0 linker stubs
 *(.eh_frame)
 *fill*         0x0000000008003596        0x2 
 .eh_frame      0x0000000008003598        0x0 c:/st/stm32cubeide_1.4.0/stm32cubeide/plugins/com.st.stm32cube.ide.mcu.externaltools.gnu-tools-for-stm32.9-2020-q2-update.win32_1.5.0.202011040924/tools/bin/../lib/gcc/arm-none-eabi/9.3.1/thumb/v6-m/nofp/crtbegin.o
 *(.init)
 .init          0x0000000008003598        0x4 c:/st/stm32cubeide_1.4.0/stm32cubeide/plugins/com.st.stm32cube.ide.mcu.externaltools.gnu-tools-for-stm32.9-2020-q2-update.win32_1.5.0.202011040924/tools/bin/../lib/gcc/arm-none-eabi/9.3.1/thumb/v6-m/nofp/crti.o
                0x0000000008003598                _init
 .init          0x000000000800359c        0x8 c:/st/stm32cubeide_1.4.0/stm32cubeide/plugins/com.st.stm32cube.ide.mcu.externaltools.gnu-tools-for-stm32.9-2020-q2-update.win32_1.5.0.202011040924/tools/bin/../lib/gcc/arm-none-eabi/9.3.1/thumb/v6-m/nofp/crtn.o
 *(.fini)
 .fini          0x00000000080035a4        0x4 c:/st/stm32cubeide_1.4.0/stm32cubeide/plugins/com.st.stm32cube.ide.mcu.externaltools.gnu-tools-for-stm32.9-2020-q2-update.win32_1.5.0.202011040924/tools/bin/../lib/gcc/arm-none-eabi/9.3.1/thumb/v6-m/nofp/crti.o
                0x00000000080035a4                _fini
 .fini          0x00000000080035a8        0x8 c:/st/stm32cubeide_1.4.0/stm32cubeide/plugins/com.st.stm32cube.ide.mcu.externaltools.gnu-tools-for-stm32.9-2020-q2-update.win32_1.5.0.202011040924/tools/bin/../lib/gcc/arm-none-eabi/9.3.1/thumb/v6-m/nofp/crtn.o
                0x00000000080035b0                . = ALIGN (0x4)
                0x00000000080035b0                _etext = .

.vfp11_veneer   0x00000000080035b0        0x0
 .vfp11_veneer  0x00000000080035b0        0x0 linker stubs

.v4_bx          0x00000000080035b0        0x0
 .v4_bx         0x00000000080035b0        0x0 linker stubs

.iplt           0x00000000080035b0        0x0
 .iplt          0x00000000080035b0        0x0 c:/st/stm32cubeide_1.4.0/stm32cubeide/plugins/com.st.stm32cube.ide.mcu.externaltools.gnu-tools-for-stm32.9-2020-q2-update.win32_1.5.0.202011040924/tools/bin/../lib/gcc/arm-none-eabi/9.3.1/thumb/v6-m/nofp/crtbegin.o

.rodata         0x00000000080035b0      0x79c
                0x00000000080035b0                . = ALIGN (0x4)
 *(.rodata)
 .rodata        0x00000000080035b0       0x30 Core/Src/AX5243.o
 .rodata        0x00000000080035e0       0x10 Core/Src/main.o
 .rodata        0x00000000080035f0       0x20 Core/Src/encrypt/OpenUNBEncrypterLL.o
 *(.rodata*)
 .rodata.main.str1.4
                0x0000000008003610      0x492 Core/Src/main.o
 *fill*         0x0000000008003aa2        0x2 
 .rodata.PREAMB
                0x0000000008003aa4        0x4 Core/Src/main.o
                0x0000000008003aa4                PREAMB
 .rodata.AHBPrescTable
                0x0000000008003aa8       0x10 Core/Src/system_stm32f0xx.o
                0x0000000008003aa8                AHBPrescTable
 .rodata.APBPrescTable
                0x0000000008003ab8        0x8 Core/Src/system_stm32f0xx.o
                0x0000000008003ab8                APBPrescTable
 .rodata.Rcon   0x0000000008003ac0        0xb Core/Src/encrypt/aes.o
 *fill*         0x0000000008003acb        0x1 
 .rodata.sbox   0x0000000008003acc      0x100 Core/Src/encrypt/aes.o
 .rodata.frozen_indicator_64
                0x0000000008003bcc       0x80 Core/Src/polar/OpenUNBEncoderLL.o
                0x0000000008003bcc                frozen_indicator_64
 .rodata.frozen_indicator_96
                0x0000000008003c4c      0x100 Core/Src/polar/OpenUNBEncoderLL.o
                0x0000000008003c4c                frozen_indicator_96
                0x0000000008003d4c                . = ALIGN (0x4)

.ARM.extab      0x0000000008003d4c        0x0
                0x0000000008003d4c                . = ALIGN (0x4)
 *(.ARM.extab* .gnu.linkonce.armextab.*)
                0x0000000008003d4c                . = ALIGN (0x4)

.ARM            0x0000000008003d4c        0x8
                0x0000000008003d4c                . = ALIGN (0x4)
                0x0000000008003d4c                __exidx_start = .
 *(.ARM.exidx*)
 .ARM.exidx     0x0000000008003d4c        0x8 c:/st/stm32cubeide_1.4.0/stm32cubeide/plugins/com.st.stm32cube.ide.mcu.externaltools.gnu-tools-for-stm32.9-2020-q2-update.win32_1.5.0.202011040924/tools/bin/../lib/gcc/arm-none-eabi/9.3.1/thumb/v6-m/nofp\libgcc.a(_udivmoddi4.o)
 .ARM.exidx     0x0000000008003d54        0x0 c:/st/stm32cubeide_1.4.0/stm32cubeide/plugins/com.st.stm32cube.ide.mcu.externaltools.gnu-tools-for-stm32.9-2020-q2-update.win32_1.5.0.202011040924/tools/bin/../lib/gcc/arm-none-eabi/9.3.1/thumb/v6-m/nofp\libgcc.a(_divdi3.o)
                                          0x8 (size before relaxing)
                0x0000000008003d54                __exidx_end = .
                0x0000000008003d54                . = ALIGN (0x4)

.rel.dyn        0x0000000008003d54        0x0
 .rel.iplt      0x0000000008003d54        0x0 c:/st/stm32cubeide_1.4.0/stm32cubeide/plugins/com.st.stm32cube.ide.mcu.externaltools.gnu-tools-for-stm32.9-2020-q2-update.win32_1.5.0.202011040924/tools/bin/../lib/gcc/arm-none-eabi/9.3.1/thumb/v6-m/nofp/crtbegin.o

.preinit_array  0x0000000008003d54        0x0
                0x0000000008003d54                . = ALIGN (0x4)
                0x0000000008003d54                PROVIDE (__preinit_array_start = .)
 *(.preinit_array*)
                0x0000000008003d54                PROVIDE (__preinit_array_end = .)
                0x0000000008003d54                . = ALIGN (0x4)

.init_array     0x0000000008003d54        0x4
                0x0000000008003d54                . = ALIGN (0x4)
                0x0000000008003d54                PROVIDE (__init_array_start = .)
 *(SORT_BY_NAME(.init_array.*))
 *(.init_array*)
 .init_array    0x0000000008003d54        0x4 c:/st/stm32cubeide_1.4.0/stm32cubeide/plugins/com.st.stm32cube.ide.mcu.externaltools.gnu-tools-for-stm32.9-2020-q2-update.win32_1.5.0.202011040924/tools/bin/../lib/gcc/arm-none-eabi/9.3.1/thumb/v6-m/nofp/crtbegin.o
                0x0000000008003d58                PROVIDE (__init_array_end = .)
                0x0000000008003d58                . = ALIGN (0x4)

.fini_array     0x0000000008003d58        0x4
                0x0000000008003d58                . = ALIGN (0x4)
                [!provide]                        PROVIDE (__fini_array_start = .)
 *(SORT_BY_NAME(.fini_array.*))
 *(.fini_array*)
 .fini_array    0x0000000008003d58        0x4 c:/st/stm32cubeide_1.4.0/stm32cubeide/plugins/com.st.stm32cube.ide.mcu.externaltools.gnu-tools-for-stm32.9-2020-q2-update.win32_1.5.0.202011040924/tools/bin/../lib/gcc/arm-none-eabi/9.3.1/thumb/v6-m/nofp/crtbegin.o
                [!provide]                        PROVIDE (__fini_array_end = .)
                0x0000000008003d5c                . = ALIGN (0x4)
                0x0000000008003d5c                _sidata = LOADADDR (.data)

.data           0x0000000020000000       0x14 load address 0x0000000008003d5c
                0x0000000020000000                . = ALIGN (0x4)
                0x0000000020000000                _sdata = .
 *(.data)
 *(.data*)
 .data.def_PWR_dbm
                0x0000000020000000        0x2 Core/Src/AX5243.o
                0x0000000020000000                def_PWR_dbm
 *fill*         0x0000000020000002        0x2 
 .data.def_f_carrier
                0x0000000020000004        0x4 Core/Src/AX5243.o
                0x0000000020000004                def_f_carrier
 .data.f_carrier_calibration
                0x0000000020000008        0x4 Core/Src/AX5243.o
                0x0000000020000008                f_carrier_calibration
 .data.f_xtal   0x000000002000000c        0x4 Core/Src/AX5243.o
                0x000000002000000c                f_xtal
 .data.SystemCoreClock
                0x0000000020000010        0x4 Core/Src/system_stm32f0xx.o
                0x0000000020000010                SystemCoreClock
 *(.RamFunc)
 *(.RamFunc*)
                0x0000000020000014                . = ALIGN (0x4)
                0x0000000020000014                _edata = .

.igot.plt       0x0000000020000014        0x0 load address 0x0000000008003d70
 .igot.plt      0x0000000020000014        0x0 c:/st/stm32cubeide_1.4.0/stm32cubeide/plugins/com.st.stm32cube.ide.mcu.externaltools.gnu-tools-for-stm32.9-2020-q2-update.win32_1.5.0.202011040924/tools/bin/../lib/gcc/arm-none-eabi/9.3.1/thumb/v6-m/nofp/crtbegin.o
                0x0000000020000014                . = ALIGN (0x4)

.bss            0x0000000020000014      0x374 load address 0x0000000008003d70
                0x0000000020000014                _sbss = .
                0x0000000020000014                __bss_start__ = _sbss
 *(.bss)
 .bss           0x0000000020000014       0x1c c:/st/stm32cubeide_1.4.0/stm32cubeide/plugins/com.st.stm32cube.ide.mcu.externaltools.gnu-tools-for-stm32.9-2020-q2-update.win32_1.5.0.202011040924/tools/bin/../lib/gcc/arm-none-eabi/9.3.1/thumb/v6-m/nofp/crtbegin.o
 *(.bss*)
 .bss.error_flag
                0x0000000020000030        0x1 Core/Src/main.o
                0x0000000020000030                error_flag
 *(COMMON)
 *fill*         0x0000000020000031        0x3 
 COMMON         0x0000000020000034        0x6 Core/Src/AX5243.o
                0x0000000020000034                FREQA
                0x0000000020000038                TXPWRCOEFFB
 *fill*         0x000000002000003a        0x2 
 COMMON         0x000000002000003c      0x34b Core/Src/main.o
                0x000000002000003c                f_carrier
                0x0000000020000040                RX_Data_Size
                0x0000000020000042                Reg_addr
                0x0000000020000044                u2_rx_buff
                0x0000000020000238                Dev_addr
                0x000000002000023c                data_after_preapare
                0x000000002000027c                p_d
                0x000000002000027d                Reg_data
                0x000000002000027e                PWR_dbm
                0x0000000020000280                tx_buff
                0x0000000020000380                msTicks
                0x0000000020000384                RX_STR_Size
                0x0000000020000386                shaping_filter
                0x0000000020000388                . = ALIGN (0x4)
 *fill*         0x0000000020000387        0x1 
                0x0000000020000388                _ebss = .
                0x0000000020000388                __bss_end__ = _ebss

._user_heap_stack
                0x0000000020000388      0x600 load address 0x0000000008003d70
                0x0000000020000388                . = ALIGN (0x8)
                [!provide]                        PROVIDE (end = .)
                0x0000000020000388                PROVIDE (_end = .)
                0x0000000020000588                . = (. + _Min_Heap_Size)
 *fill*         0x0000000020000388      0x200 
                0x0000000020000988                . = (. + _Min_Stack_Size)
 *fill*         0x0000000020000588      0x400 
                0x0000000020000988                . = ALIGN (0x8)

/DISCARD/
 libc.a(*)
 libm.a(*)
 libgcc.a(*)

.ARM.attributes
                0x0000000000000000       0x28
 *(.ARM.attributes)
 .ARM.attributes
                0x0000000000000000       0x1e c:/st/stm32cubeide_1.4.0/stm32cubeide/plugins/com.st.stm32cube.ide.mcu.externaltools.gnu-tools-for-stm32.9-2020-q2-update.win32_1.5.0.202011040924/tools/bin/../lib/gcc/arm-none-eabi/9.3.1/thumb/v6-m/nofp/crti.o
 .ARM.attributes
                0x000000000000001e       0x2c c:/st/stm32cubeide_1.4.0/stm32cubeide/plugins/com.st.stm32cube.ide.mcu.externaltools.gnu-tools-for-stm32.9-2020-q2-update.win32_1.5.0.202011040924/tools/bin/../lib/gcc/arm-none-eabi/9.3.1/thumb/v6-m/nofp/crtbegin.o
 .ARM.attributes
                0x000000000000004a       0x2c Core/Src/AX5243.o
 .ARM.attributes
                0x0000000000000076       0x2c Core/Src/SW_interfaces.o
 .ARM.attributes
                0x00000000000000a2       0x2c Core/Src/main.o
 .ARM.attributes
                0x00000000000000ce       0x2c Core/Src/phy.o
 .ARM.attributes
                0x00000000000000fa       0x2c Core/Src/stm32f0xx_it.o
 .ARM.attributes
                0x0000000000000126       0x2c Core/Src/system_stm32f0xx.o
 .ARM.attributes
                0x0000000000000152       0x2c Core/Src/encrypt/OpenUNBEncrypterLL.o
 .ARM.attributes
                0x000000000000017e       0x2c Core/Src/encrypt/aes.o
 .ARM.attributes
                0x00000000000001aa       0x2c Core/Src/encrypt/crc24.o
 .ARM.attributes
                0x00000000000001d6       0x2c Core/Src/polar/OpenUNBEncoderLL.o
 .ARM.attributes
                0x0000000000000202       0x21 Core/Startup/startup_stm32f030f4px.o
 .ARM.attributes
                0x0000000000000223       0x2c Drivers/STM32F0xx_HAL_Driver/Src/stm32f0xx_ll_gpio.o
 .ARM.attributes
                0x000000000000024f       0x2c Drivers/STM32F0xx_HAL_Driver/Src/stm32f0xx_ll_rcc.o
 .ARM.attributes
                0x000000000000027b       0x2c Drivers/STM32F0xx_HAL_Driver/Src/stm32f0xx_ll_tim.o
 .ARM.attributes
                0x00000000000002a7       0x2c Drivers/STM32F0xx_HAL_Driver/Src/stm32f0xx_ll_usart.o
 .ARM.attributes
                0x00000000000002d3       0x2c Drivers/STM32F0xx_HAL_Driver/Src/stm32f0xx_ll_utils.o
 .ARM.attributes
                0x00000000000002ff       0x2c c:/st/stm32cubeide_1.4.0/stm32cubeide/plugins/com.st.stm32cube.ide.mcu.externaltools.gnu-tools-for-stm32.9-2020-q2-update.win32_1.5.0.202011040924/tools/bin/../lib/gcc/arm-none-eabi/9.3.1/../../../../arm-none-eabi/lib/thumb/v6-m/nofp\libc_nano.a(lib_a-init.o)
 .ARM.attributes
                0x000000000000032b       0x2c c:/st/stm32cubeide_1.4.0/stm32cubeide/plugins/com.st.stm32cube.ide.mcu.externaltools.gnu-tools-for-stm32.9-2020-q2-update.win32_1.5.0.202011040924/tools/bin/../lib/gcc/arm-none-eabi/9.3.1/../../../../arm-none-eabi/lib/thumb/v6-m/nofp\libc_nano.a(lib_a-memcpy-stub.o)
 .ARM.attributes
                0x0000000000000357       0x2c c:/st/stm32cubeide_1.4.0/stm32cubeide/plugins/com.st.stm32cube.ide.mcu.externaltools.gnu-tools-for-stm32.9-2020-q2-update.win32_1.5.0.202011040924/tools/bin/../lib/gcc/arm-none-eabi/9.3.1/../../../../arm-none-eabi/lib/thumb/v6-m/nofp\libc_nano.a(lib_a-memset.o)
 .ARM.attributes
                0x0000000000000383       0x1c c:/st/stm32cubeide_1.4.0/stm32cubeide/plugins/com.st.stm32cube.ide.mcu.externaltools.gnu-tools-for-stm32.9-2020-q2-update.win32_1.5.0.202011040924/tools/bin/../lib/gcc/arm-none-eabi/9.3.1/../../../../arm-none-eabi/lib/thumb/v6-m/nofp\libc_nano.a(lib_a-strlen.o)
 .ARM.attributes
                0x000000000000039f       0x1e c:/st/stm32cubeide_1.4.0/stm32cubeide/plugins/com.st.stm32cube.ide.mcu.externaltools.gnu-tools-for-stm32.9-2020-q2-update.win32_1.5.0.202011040924/tools/bin/../lib/gcc/arm-none-eabi/9.3.1/thumb/v6-m/nofp\libgcc.a(_udivsi3.o)
 .ARM.attributes
                0x00000000000003bd       0x1e c:/st/stm32cubeide_1.4.0/stm32cubeide/plugins/com.st.stm32cube.ide.mcu.externaltools.gnu-tools-for-stm32.9-2020-q2-update.win32_1.5.0.202011040924/tools/bin/../lib/gcc/arm-none-eabi/9.3.1/thumb/v6-m/nofp\libgcc.a(_dvmd_tls.o)
 .ARM.attributes
                0x00000000000003db       0x1e c:/st/stm32cubeide_1.4.0/stm32cubeide/plugins/com.st.stm32cube.ide.mcu.externaltools.gnu-tools-for-stm32.9-2020-q2-update.win32_1.5.0.202011040924/tools/bin/../lib/gcc/arm-none-eabi/9.3.1/thumb/v6-m/nofp\libgcc.a(_aeabi_ldivmod.o)
 .ARM.attributes
                0x00000000000003f9       0x1e c:/st/stm32cubeide_1.4.0/stm32cubeide/plugins/com.st.stm32cube.ide.mcu.externaltools.gnu-tools-for-stm32.9-2020-q2-update.win32_1.5.0.202011040924/tools/bin/../lib/gcc/arm-none-eabi/9.3.1/thumb/v6-m/nofp\libgcc.a(_aeabi_uldivmod.o)
 .ARM.attributes
                0x0000000000000417       0x2c c:/st/stm32cubeide_1.4.0/stm32cubeide/plugins/com.st.stm32cube.ide.mcu.externaltools.gnu-tools-for-stm32.9-2020-q2-update.win32_1.5.0.202011040924/tools/bin/../lib/gcc/arm-none-eabi/9.3.1/thumb/v6-m/nofp\libgcc.a(_muldi3.o)
 .ARM.attributes
                0x0000000000000443       0x2c c:/st/stm32cubeide_1.4.0/stm32cubeide/plugins/com.st.stm32cube.ide.mcu.externaltools.gnu-tools-for-stm32.9-2020-q2-update.win32_1.5.0.202011040924/tools/bin/../lib/gcc/arm-none-eabi/9.3.1/thumb/v6-m/nofp\libgcc.a(_udivmoddi4.o)
 .ARM.attributes
                0x000000000000046f       0x2c c:/st/stm32cubeide_1.4.0/stm32cubeide/plugins/com.st.stm32cube.ide.mcu.externaltools.gnu-tools-for-stm32.9-2020-q2-update.win32_1.5.0.202011040924/tools/bin/../lib/gcc/arm-none-eabi/9.3.1/thumb/v6-m/nofp\libgcc.a(bpabi.o)
 .ARM.attributes
                0x000000000000049b       0x1e c:/st/stm32cubeide_1.4.0/stm32cubeide/plugins/com.st.stm32cube.ide.mcu.externaltools.gnu-tools-for-stm32.9-2020-q2-update.win32_1.5.0.202011040924/tools/bin/../lib/gcc/arm-none-eabi/9.3.1/thumb/v6-m/nofp\libgcc.a(_clzdi2.o)
 .ARM.attributes
                0x00000000000004b9       0x2c c:/st/stm32cubeide_1.4.0/stm32cubeide/plugins/com.st.stm32cube.ide.mcu.externaltools.gnu-tools-for-stm32.9-2020-q2-update.win32_1.5.0.202011040924/tools/bin/../lib/gcc/arm-none-eabi/9.3.1/thumb/v6-m/nofp\libgcc.a(_divdi3.o)
 .ARM.attributes
                0x00000000000004e5       0x1e c:/st/stm32cubeide_1.4.0/stm32cubeide/plugins/com.st.stm32cube.ide.mcu.externaltools.gnu-tools-for-stm32.9-2020-q2-update.win32_1.5.0.202011040924/tools/bin/../lib/gcc/arm-none-eabi/9.3.1/thumb/v6-m/nofp\libgcc.a(_clzsi2.o)
 .ARM.attributes
                0x0000000000000503       0x1e c:/st/stm32cubeide_1.4.0/stm32cubeide/plugins/com.st.stm32cube.ide.mcu.externaltools.gnu-tools-for-stm32.9-2020-q2-update.win32_1.5.0.202011040924/tools/bin/../lib/gcc/arm-none-eabi/9.3.1/thumb/v6-m/nofp/crtn.o
OUTPUT(OpenUNBv2forf4.elf elf32-littlearm)
LOAD linker stubs
LOAD c:/st/stm32cubeide_1.4.0/stm32cubeide/plugins/com.st.stm32cube.ide.mcu.externaltools.gnu-tools-for-stm32.9-2020-q2-update.win32_1.5.0.202011040924/tools/bin/../lib/gcc/arm-none-eabi/9.3.1/../../../../arm-none-eabi/lib/thumb/v6-m/nofp\libc.a
LOAD c:/st/stm32cubeide_1.4.0/stm32cubeide/plugins/com.st.stm32cube.ide.mcu.externaltools.gnu-tools-for-stm32.9-2020-q2-update.win32_1.5.0.202011040924/tools/bin/../lib/gcc/arm-none-eabi/9.3.1/../../../../arm-none-eabi/lib/thumb/v6-m/nofp\libm.a
LOAD c:/st/stm32cubeide_1.4.0/stm32cubeide/plugins/com.st.stm32cube.ide.mcu.externaltools.gnu-tools-for-stm32.9-2020-q2-update.win32_1.5.0.202011040924/tools/bin/../lib/gcc/arm-none-eabi/9.3.1/thumb/v6-m/nofp\libgcc.a

.debug_info     0x0000000000000000     0xdbb4
 .debug_info    0x0000000000000000     0x14ca Core/Src/AX5243.o
 .debug_info    0x00000000000014ca      0x938 Core/Src/SW_interfaces.o
 .debug_info    0x0000000000001e02     0x3541 Core/Src/main.o
 .debug_info    0x0000000000005343      0x15b Core/Src/phy.o
 .debug_info    0x000000000000549e      0x1f5 Core/Src/stm32f0xx_it.o
 .debug_info    0x0000000000005693      0x276 Core/Src/system_stm32f0xx.o
 .debug_info    0x0000000000005909     0x1e4c Core/Src/encrypt/OpenUNBEncrypterLL.o
 .debug_info    0x0000000000007755     0x1759 Core/Src/encrypt/aes.o
 .debug_info    0x0000000000008eae      0x9ae Core/Src/encrypt/crc24.o
 .debug_info    0x000000000000985c      0xa95 Core/Src/polar/OpenUNBEncoderLL.o
 .debug_info    0x000000000000a2f1       0x22 Core/Startup/startup_stm32f030f4px.o
 .debug_info    0x000000000000a313      0x83c Drivers/STM32F0xx_HAL_Driver/Src/stm32f0xx_ll_gpio.o
 .debug_info    0x000000000000ab4f      0x8be Drivers/STM32F0xx_HAL_Driver/Src/stm32f0xx_ll_rcc.o
 .debug_info    0x000000000000b40d     0x13a4 Drivers/STM32F0xx_HAL_Driver/Src/stm32f0xx_ll_tim.o
 .debug_info    0x000000000000c7b1      0x7c9 Drivers/STM32F0xx_HAL_Driver/Src/stm32f0xx_ll_usart.o
 .debug_info    0x000000000000cf7a      0xc3a Drivers/STM32F0xx_HAL_Driver/Src/stm32f0xx_ll_utils.o

.debug_abbrev   0x0000000000000000     0x2950
 .debug_abbrev  0x0000000000000000      0x384 Core/Src/AX5243.o
 .debug_abbrev  0x0000000000000384      0x245 Core/Src/SW_interfaces.o
 .debug_abbrev  0x00000000000005c9      0x5b9 Core/Src/main.o
 .debug_abbrev  0x0000000000000b82       0xad Core/Src/phy.o
 .debug_abbrev  0x0000000000000c2f       0xc7 Core/Src/stm32f0xx_it.o
 .debug_abbrev  0x0000000000000cf6      0x11c Core/Src/system_stm32f0xx.o
 .debug_abbrev  0x0000000000000e12      0x402 Core/Src/encrypt/OpenUNBEncrypterLL.o
 .debug_abbrev  0x0000000000001214      0x3fd Core/Src/encrypt/aes.o
 .debug_abbrev  0x0000000000001611      0x1d2 Core/Src/encrypt/crc24.o
 .debug_abbrev  0x00000000000017e3      0x291 Core/Src/polar/OpenUNBEncoderLL.o
 .debug_abbrev  0x0000000000001a74       0x12 Core/Startup/startup_stm32f030f4px.o
 .debug_abbrev  0x0000000000001a86      0x213 Drivers/STM32F0xx_HAL_Driver/Src/stm32f0xx_ll_gpio.o
 .debug_abbrev  0x0000000000001c99      0x352 Drivers/STM32F0xx_HAL_Driver/Src/stm32f0xx_ll_rcc.o
 .debug_abbrev  0x0000000000001feb      0x2e0 Drivers/STM32F0xx_HAL_Driver/Src/stm32f0xx_ll_tim.o
 .debug_abbrev  0x00000000000022cb      0x2da Drivers/STM32F0xx_HAL_Driver/Src/stm32f0xx_ll_usart.o
 .debug_abbrev  0x00000000000025a5      0x3ab Drivers/STM32F0xx_HAL_Driver/Src/stm32f0xx_ll_utils.o

.debug_loc      0x0000000000000000     0x6d93
 .debug_loc     0x0000000000000000      0x7db Core/Src/AX5243.o
 .debug_loc     0x00000000000007db      0x514 Core/Src/SW_interfaces.o
 .debug_loc     0x0000000000000cef     0x14ce Core/Src/main.o
 .debug_loc     0x00000000000021bd      0x148 Core/Src/phy.o
 .debug_loc     0x0000000000002305      0x12f Core/Src/system_stm32f0xx.o
 .debug_loc     0x0000000000002434      0x8fd Core/Src/encrypt/OpenUNBEncrypterLL.o
 .debug_loc     0x0000000000002d31      0xeb6 Core/Src/encrypt/aes.o
 .debug_loc     0x0000000000003be7      0x16b Core/Src/encrypt/crc24.o
 .debug_loc     0x0000000000003d52      0x956 Core/Src/polar/OpenUNBEncoderLL.o
 .debug_loc     0x00000000000046a8      0x487 Drivers/STM32F0xx_HAL_Driver/Src/stm32f0xx_ll_gpio.o
 .debug_loc     0x0000000000004b2f      0x33b Drivers/STM32F0xx_HAL_Driver/Src/stm32f0xx_ll_rcc.o
 .debug_loc     0x0000000000004e6a     0x1466 Drivers/STM32F0xx_HAL_Driver/Src/stm32f0xx_ll_tim.o
 .debug_loc     0x00000000000062d0      0x35f Drivers/STM32F0xx_HAL_Driver/Src/stm32f0xx_ll_usart.o
 .debug_loc     0x000000000000662f      0x764 Drivers/STM32F0xx_HAL_Driver/Src/stm32f0xx_ll_utils.o

.debug_aranges  0x0000000000000000      0x528
 .debug_aranges
                0x0000000000000000       0x68 Core/Src/AX5243.o
 .debug_aranges
                0x0000000000000068       0x50 Core/Src/SW_interfaces.o
 .debug_aranges
                0x00000000000000b8       0x90 Core/Src/main.o
 .debug_aranges
                0x0000000000000148       0x20 Core/Src/phy.o
 .debug_aranges
                0x0000000000000168       0x38 Core/Src/stm32f0xx_it.o
 .debug_aranges
                0x00000000000001a0       0x28 Core/Src/system_stm32f0xx.o
 .debug_aranges
                0x00000000000001c8       0xb0 Core/Src/encrypt/OpenUNBEncrypterLL.o
 .debug_aranges
                0x0000000000000278       0x70 Core/Src/encrypt/aes.o
 .debug_aranges
                0x00000000000002e8       0x20 Core/Src/encrypt/crc24.o
 .debug_aranges
                0x0000000000000308       0x58 Core/Src/polar/OpenUNBEncoderLL.o
 .debug_aranges
                0x0000000000000360       0x28 Core/Startup/startup_stm32f030f4px.o
 .debug_aranges
                0x0000000000000388       0x30 Drivers/STM32F0xx_HAL_Driver/Src/stm32f0xx_ll_gpio.o
 .debug_aranges
                0x00000000000003b8       0x58 Drivers/STM32F0xx_HAL_Driver/Src/stm32f0xx_ll_rcc.o
 .debug_aranges
                0x0000000000000410       0x80 Drivers/STM32F0xx_HAL_Driver/Src/stm32f0xx_ll_tim.o
 .debug_aranges
                0x0000000000000490       0x40 Drivers/STM32F0xx_HAL_Driver/Src/stm32f0xx_ll_usart.o
 .debug_aranges
                0x00000000000004d0       0x58 Drivers/STM32F0xx_HAL_Driver/Src/stm32f0xx_ll_utils.o

.debug_ranges   0x0000000000000000     0x1b38
 .debug_ranges  0x0000000000000000      0x130 Core/Src/AX5243.o
 .debug_ranges  0x0000000000000130      0x198 Core/Src/SW_interfaces.o
 .debug_ranges  0x00000000000002c8      0x8e8 Core/Src/main.o
 .debug_ranges  0x0000000000000bb0       0x40 Core/Src/phy.o
 .debug_ranges  0x0000000000000bf0       0x28 Core/Src/stm32f0xx_it.o
 .debug_ranges  0x0000000000000c18       0x18 Core/Src/system_stm32f0xx.o
 .debug_ranges  0x0000000000000c30      0x150 Core/Src/encrypt/OpenUNBEncrypterLL.o
 .debug_ranges  0x0000000000000d80      0x408 Core/Src/encrypt/aes.o
 .debug_ranges  0x0000000000001188       0x10 Core/Src/encrypt/crc24.o
 .debug_ranges  0x0000000000001198      0x120 Core/Src/polar/OpenUNBEncoderLL.o
 .debug_ranges  0x00000000000012b8       0x20 Core/Startup/startup_stm32f030f4px.o
 .debug_ranges  0x00000000000012d8      0x108 Drivers/STM32F0xx_HAL_Driver/Src/stm32f0xx_ll_gpio.o
 .debug_ranges  0x00000000000013e0      0x298 Drivers/STM32F0xx_HAL_Driver/Src/stm32f0xx_ll_rcc.o
 .debug_ranges  0x0000000000001678      0x1d0 Drivers/STM32F0xx_HAL_Driver/Src/stm32f0xx_ll_tim.o
 .debug_ranges  0x0000000000001848       0x80 Drivers/STM32F0xx_HAL_Driver/Src/stm32f0xx_ll_usart.o
 .debug_ranges  0x00000000000018c8      0x270 Drivers/STM32F0xx_HAL_Driver/Src/stm32f0xx_ll_utils.o

.debug_macro    0x0000000000000000     0xc5a4
 .debug_macro   0x0000000000000000      0x144 Core/Src/AX5243.o
 .debug_macro   0x0000000000000144      0xaba Core/Src/AX5243.o
 .debug_macro   0x0000000000000bfe       0x2e Core/Src/AX5243.o
 .debug_macro   0x0000000000000c2c       0x22 Core/Src/AX5243.o
 .debug_macro   0x0000000000000c4e       0x22 Core/Src/AX5243.o
 .debug_macro   0x0000000000000c70       0x8e Core/Src/AX5243.o
 .debug_macro   0x0000000000000cfe       0x51 Core/Src/AX5243.o
 .debug_macro   0x0000000000000d4f      0x103 Core/Src/AX5243.o
 .debug_macro   0x0000000000000e52       0x6a Core/Src/AX5243.o
 .debug_macro   0x0000000000000ebc      0x1df Core/Src/AX5243.o
 .debug_macro   0x000000000000109b       0x1c Core/Src/AX5243.o
 .debug_macro   0x00000000000010b7       0x22 Core/Src/AX5243.o
 .debug_macro   0x00000000000010d9       0xb5 Core/Src/AX5243.o
 .debug_macro   0x000000000000118e      0x391 Core/Src/AX5243.o
 .debug_macro   0x000000000000151f     0x6e60 Core/Src/AX5243.o
 .debug_macro   0x000000000000837f       0x3c Core/Src/AX5243.o
 .debug_macro   0x00000000000083bb      0x40c Core/Src/AX5243.o
 .debug_macro   0x00000000000087c7       0xab Core/Src/AX5243.o
 .debug_macro   0x0000000000008872      0x17d Core/Src/AX5243.o
 .debug_macro   0x00000000000089ef       0xd0 Core/Src/AX5243.o
 .debug_macro   0x0000000000008abf       0x16 Core/Src/AX5243.o
 .debug_macro   0x0000000000008ad5       0x2a Core/Src/AX5243.o
 .debug_macro   0x0000000000008aff       0x68 Core/Src/AX5243.o
 .debug_macro   0x0000000000008b67      0x215 Core/Src/AX5243.o
 .debug_macro   0x0000000000008d7c      0x5bd Core/Src/AX5243.o
 .debug_macro   0x0000000000009339      0x264 Core/Src/AX5243.o
 .debug_macro   0x000000000000959d      0x11f Core/Src/AX5243.o
 .debug_macro   0x00000000000096bc       0x22 Core/Src/AX5243.o
 .debug_macro   0x00000000000096de       0x6a Core/Src/AX5243.o
 .debug_macro   0x0000000000009748      0x144 Core/Src/SW_interfaces.o
 .debug_macro   0x000000000000988c       0x5e Core/Src/SW_interfaces.o
 .debug_macro   0x00000000000098ea      0x335 Core/Src/main.o
 .debug_macro   0x0000000000009c1f       0x52 Core/Src/main.o
 .debug_macro   0x0000000000009c71       0x18 Core/Src/main.o
 .debug_macro   0x0000000000009c89       0x3c Core/Src/main.o
 .debug_macro   0x0000000000009cc5       0x34 Core/Src/main.o
 .debug_macro   0x0000000000009cf9      0x174 Core/Src/main.o
 .debug_macro   0x0000000000009e6d       0x16 Core/Src/main.o
 .debug_macro   0x0000000000009e83       0x43 Core/Src/main.o
 .debug_macro   0x0000000000009ec6       0x34 Core/Src/main.o
 .debug_macro   0x0000000000009efa       0x10 Core/Src/main.o
 .debug_macro   0x0000000000009f0a       0x58 Core/Src/main.o
 .debug_macro   0x0000000000009f62       0x71 Core/Src/main.o
 .debug_macro   0x0000000000009fd3       0x1c Core/Src/main.o
 .debug_macro   0x0000000000009fef      0x12a Core/Src/main.o
 .debug_macro   0x000000000000a119      0x333 Core/Src/main.o
 .debug_macro   0x000000000000a44c       0x10 Core/Src/main.o
 .debug_macro   0x000000000000a45c       0x35 Core/Src/main.o
 .debug_macro   0x000000000000a491       0x20 Core/Src/main.o
 .debug_macro   0x000000000000a4b1       0x1c Core/Src/main.o
 .debug_macro   0x000000000000a4cd       0x10 Core/Src/main.o
 .debug_macro   0x000000000000a4dd       0x10 Core/Src/main.o
 .debug_macro   0x000000000000a4ed       0x1c Core/Src/main.o
 .debug_macro   0x000000000000a509       0x52 Core/Src/main.o
 .debug_macro   0x000000000000a55b       0x22 Core/Src/main.o
 .debug_macro   0x000000000000a57d       0x10 Core/Src/main.o
 .debug_macro   0x000000000000a58d       0x40 Core/Src/main.o
 .debug_macro   0x000000000000a5cd       0xd5 Core/Src/main.o
 .debug_macro   0x000000000000a6a2       0x1c Core/Src/main.o
 .debug_macro   0x000000000000a6be       0x3d Core/Src/main.o
 .debug_macro   0x000000000000a6fb       0x16 Core/Src/main.o
 .debug_macro   0x000000000000a711      0x145 Core/Src/main.o
 .debug_macro   0x000000000000a856       0x64 Core/Src/main.o
 .debug_macro   0x000000000000a8ba       0x2e Core/Src/main.o
 .debug_macro   0x000000000000a8e8       0x16 Core/Src/main.o
 .debug_macro   0x000000000000a8fe       0x10 Core/Src/main.o
 .debug_macro   0x000000000000a90e       0x41 Core/Src/main.o
 .debug_macro   0x000000000000a94f       0x10 Core/Src/main.o
 .debug_macro   0x000000000000a95f       0x34 Core/Src/main.o
 .debug_macro   0x000000000000a993       0x10 Core/Src/main.o
 .debug_macro   0x000000000000a9a3       0x67 Core/Src/phy.o
 .debug_macro   0x000000000000aa0a      0x13f Core/Src/stm32f0xx_it.o
 .debug_macro   0x000000000000ab49       0xbf Core/Src/system_stm32f0xx.o
 .debug_macro   0x000000000000ac08      0x208 Core/Src/encrypt/OpenUNBEncrypterLL.o
 .debug_macro   0x000000000000ae10      0x16c Core/Src/encrypt/aes.o
 .debug_macro   0x000000000000af7c       0x28 Core/Src/encrypt/aes.o
 .debug_macro   0x000000000000afa4      0x150 Core/Src/encrypt/crc24.o
 .debug_macro   0x000000000000b0f4      0x10e Core/Src/encrypt/crc24.o
 .debug_macro   0x000000000000b202       0x8d Core/Src/encrypt/crc24.o
 .debug_macro   0x000000000000b28f       0x72 Core/Src/polar/OpenUNBEncoderLL.o
 .debug_macro   0x000000000000b301       0xfb Drivers/STM32F0xx_HAL_Driver/Src/stm32f0xx_ll_gpio.o
 .debug_macro   0x000000000000b3fc      0x119 Drivers/STM32F0xx_HAL_Driver/Src/stm32f0xx_ll_gpio.o
 .debug_macro   0x000000000000b515       0xda Drivers/STM32F0xx_HAL_Driver/Src/stm32f0xx_ll_rcc.o
 .debug_macro   0x000000000000b5ef      0x406 Drivers/STM32F0xx_HAL_Driver/Src/stm32f0xx_ll_rcc.o
 .debug_macro   0x000000000000b9f5      0x144 Drivers/STM32F0xx_HAL_Driver/Src/stm32f0xx_ll_tim.o
 .debug_macro   0x000000000000bb39      0x5b7 Drivers/STM32F0xx_HAL_Driver/Src/stm32f0xx_ll_tim.o
 .debug_macro   0x000000000000c0f0      0x12e Drivers/STM32F0xx_HAL_Driver/Src/stm32f0xx_ll_usart.o
 .debug_macro   0x000000000000c21e      0x25e Drivers/STM32F0xx_HAL_Driver/Src/stm32f0xx_ll_usart.o
 .debug_macro   0x000000000000c47c      0x128 Drivers/STM32F0xx_HAL_Driver/Src/stm32f0xx_ll_utils.o

.debug_line     0x0000000000000000     0xb21b
 .debug_line    0x0000000000000000      0xed9 Core/Src/AX5243.o
 .debug_line    0x0000000000000ed9      0xe96 Core/Src/SW_interfaces.o
 .debug_line    0x0000000000001d6f     0x2418 Core/Src/main.o
 .debug_line    0x0000000000004187      0x464 Core/Src/phy.o
 .debug_line    0x00000000000045eb      0x61b Core/Src/stm32f0xx_it.o
 .debug_line    0x0000000000004c06      0x4ed Core/Src/system_stm32f0xx.o
 .debug_line    0x00000000000050f3      0xf53 Core/Src/encrypt/OpenUNBEncrypterLL.o
 .debug_line    0x0000000000006046      0xfc1 Core/Src/encrypt/aes.o
 .debug_line    0x0000000000007007      0x582 Core/Src/encrypt/crc24.o
 .debug_line    0x0000000000007589      0x86c Core/Src/polar/OpenUNBEncoderLL.o
 .debug_line    0x0000000000007df5       0x89 Core/Startup/startup_stm32f030f4px.o
 .debug_line    0x0000000000007e7e      0x7eb Drivers/STM32F0xx_HAL_Driver/Src/stm32f0xx_ll_gpio.o
 .debug_line    0x0000000000008669      0xabd Drivers/STM32F0xx_HAL_Driver/Src/stm32f0xx_ll_rcc.o
 .debug_line    0x0000000000009126      0xebe Drivers/STM32F0xx_HAL_Driver/Src/stm32f0xx_ll_tim.o
 .debug_line    0x0000000000009fe4      0x751 Drivers/STM32F0xx_HAL_Driver/Src/stm32f0xx_ll_usart.o
 .debug_line    0x000000000000a735      0xae6 Drivers/STM32F0xx_HAL_Driver/Src/stm32f0xx_ll_utils.o

.debug_str      0x0000000000000000    0x3c969
 .debug_str     0x0000000000000000    0x3439f Core/Src/AX5243.o
                                      0x3456b (size before relaxing)
 .debug_str     0x000000000003439f      0x19d Core/Src/SW_interfaces.o
                                      0x34452 (size before relaxing)
 .debug_str     0x000000000003453c     0x4d86 Core/Src/main.o
                                      0x3951d (size before relaxing)
 .debug_str     0x00000000000392c2       0x18 Core/Src/phy.o
                                       0x3cbb (size before relaxing)
 .debug_str     0x00000000000392da       0x76 Core/Src/stm32f0xx_it.o
                                      0x34288 (size before relaxing)
 .debug_str     0x0000000000039350       0x80 Core/Src/system_stm32f0xx.o
                                      0x2bb88 (size before relaxing)
 .debug_str     0x00000000000393d0      0x171 Core/Src/encrypt/OpenUNBEncrypterLL.o
                                       0x7fb2 (size before relaxing)
 .debug_str     0x0000000000039541      0x219 Core/Src/encrypt/aes.o
                                       0x7513 (size before relaxing)
 .debug_str     0x000000000003975a      0x15d Core/Src/encrypt/crc24.o
                                       0x72d3 (size before relaxing)
 .debug_str     0x00000000000398b7      0x181 Core/Src/polar/OpenUNBEncoderLL.o
                                       0x3e7a (size before relaxing)
 .debug_str     0x0000000000039a38       0x36 Core/Startup/startup_stm32f030f4px.o
                                         0x56 (size before relaxing)
 .debug_str     0x0000000000039a6e      0x542 Drivers/STM32F0xx_HAL_Driver/Src/stm32f0xx_ll_gpio.o
                                      0x2cc49 (size before relaxing)
 .debug_str     0x0000000000039fb0      0x39b Drivers/STM32F0xx_HAL_Driver/Src/stm32f0xx_ll_rcc.o
                                      0x2db0c (size before relaxing)
 .debug_str     0x000000000003a34b     0x1321 Drivers/STM32F0xx_HAL_Driver/Src/stm32f0xx_ll_tim.o
                                      0x3034d (size before relaxing)
 .debug_str     0x000000000003b66c      0x7bd Drivers/STM32F0xx_HAL_Driver/Src/stm32f0xx_ll_usart.o
                                      0x2f206 (size before relaxing)
 .debug_str     0x000000000003be29      0xb40 Drivers/STM32F0xx_HAL_Driver/Src/stm32f0xx_ll_utils.o
                                      0x2f174 (size before relaxing)

.comment        0x0000000000000000       0x53
 .comment       0x0000000000000000       0x53 Core/Src/AX5243.o
                                         0x54 (size before relaxing)
 .comment       0x0000000000000053       0x54 Core/Src/SW_interfaces.o
 .comment       0x0000000000000053       0x54 Core/Src/main.o
 .comment       0x0000000000000053       0x54 Core/Src/phy.o
 .comment       0x0000000000000053       0x54 Core/Src/stm32f0xx_it.o
 .comment       0x0000000000000053       0x54 Core/Src/system_stm32f0xx.o
 .comment       0x0000000000000053       0x54 Core/Src/encrypt/OpenUNBEncrypterLL.o
 .comment       0x0000000000000053       0x54 Core/Src/encrypt/aes.o
 .comment       0x0000000000000053       0x54 Core/Src/encrypt/crc24.o
 .comment       0x0000000000000053       0x54 Core/Src/polar/OpenUNBEncoderLL.o
 .comment       0x0000000000000053       0x54 Drivers/STM32F0xx_HAL_Driver/Src/stm32f0xx_ll_gpio.o
 .comment       0x0000000000000053       0x54 Drivers/STM32F0xx_HAL_Driver/Src/stm32f0xx_ll_rcc.o
 .comment       0x0000000000000053       0x54 Drivers/STM32F0xx_HAL_Driver/Src/stm32f0xx_ll_tim.o
 .comment       0x0000000000000053       0x54 Drivers/STM32F0xx_HAL_Driver/Src/stm32f0xx_ll_usart.o
 .comment       0x0000000000000053       0x54 Drivers/STM32F0xx_HAL_Driver/Src/stm32f0xx_ll_utils.o

.debug_frame    0x0000000000000000      0xf8c
 .debug_frame   0x0000000000000000      0x150 Core/Src/AX5243.o
 .debug_frame   0x0000000000000150       0xe0 Core/Src/SW_interfaces.o
 .debug_frame   0x0000000000000230      0x1d8 Core/Src/main.o
 .debug_frame   0x0000000000000408       0x34 Core/Src/phy.o
 .debug_frame   0x000000000000043c       0x60 Core/Src/stm32f0xx_it.o
 .debug_frame   0x000000000000049c       0x38 Core/Src/system_stm32f0xx.o
 .debug_frame   0x00000000000004d4      0x2ec Core/Src/encrypt/OpenUNBEncrypterLL.o
 .debug_frame   0x00000000000007c0      0x180 Core/Src/encrypt/aes.o
 .debug_frame   0x0000000000000940       0x2c Core/Src/encrypt/crc24.o
 .debug_frame   0x000000000000096c      0x120 Core/Src/polar/OpenUNBEncoderLL.o
 .debug_frame   0x0000000000000a8c       0x58 Drivers/STM32F0xx_HAL_Driver/Src/stm32f0xx_ll_gpio.o
 .debug_frame   0x0000000000000ae4       0xc4 Drivers/STM32F0xx_HAL_Driver/Src/stm32f0xx_ll_rcc.o
 .debug_frame   0x0000000000000ba8      0x118 Drivers/STM32F0xx_HAL_Driver/Src/stm32f0xx_ll_tim.o
 .debug_frame   0x0000000000000cc0       0x74 Drivers/STM32F0xx_HAL_Driver/Src/stm32f0xx_ll_usart.o
 .debug_frame   0x0000000000000d34       0xe0 Drivers/STM32F0xx_HAL_Driver/Src/stm32f0xx_ll_utils.o
 .debug_frame   0x0000000000000e14       0x2c c:/st/stm32cubeide_1.4.0/stm32cubeide/plugins/com.st.stm32cube.ide.mcu.externaltools.gnu-tools-for-stm32.9-2020-q2-update.win32_1.5.0.202011040924/tools/bin/../lib/gcc/arm-none-eabi/9.3.1/../../../../arm-none-eabi/lib/thumb/v6-m/nofp\libc_nano.a(lib_a-init.o)
 .debug_frame   0x0000000000000e40       0x28 c:/st/stm32cubeide_1.4.0/stm32cubeide/plugins/com.st.stm32cube.ide.mcu.externaltools.gnu-tools-for-stm32.9-2020-q2-update.win32_1.5.0.202011040924/tools/bin/../lib/gcc/arm-none-eabi/9.3.1/../../../../arm-none-eabi/lib/thumb/v6-m/nofp\libc_nano.a(lib_a-memcpy-stub.o)
 .debug_frame   0x0000000000000e68       0x20 c:/st/stm32cubeide_1.4.0/stm32cubeide/plugins/com.st.stm32cube.ide.mcu.externaltools.gnu-tools-for-stm32.9-2020-q2-update.win32_1.5.0.202011040924/tools/bin/../lib/gcc/arm-none-eabi/9.3.1/../../../../arm-none-eabi/lib/thumb/v6-m/nofp\libc_nano.a(lib_a-memset.o)
 .debug_frame   0x0000000000000e88       0x20 c:/st/stm32cubeide_1.4.0/stm32cubeide/plugins/com.st.stm32cube.ide.mcu.externaltools.gnu-tools-for-stm32.9-2020-q2-update.win32_1.5.0.202011040924/tools/bin/../lib/gcc/arm-none-eabi/9.3.1/thumb/v6-m/nofp\libgcc.a(_udivsi3.o)
 .debug_frame   0x0000000000000ea8       0x34 c:/st/stm32cubeide_1.4.0/stm32cubeide/plugins/com.st.stm32cube.ide.mcu.externaltools.gnu-tools-for-stm32.9-2020-q2-update.win32_1.5.0.202011040924/tools/bin/../lib/gcc/arm-none-eabi/9.3.1/thumb/v6-m/nofp\libgcc.a(_muldi3.o)
 .debug_frame   0x0000000000000edc       0x3c c:/st/stm32cubeide_1.4.0/stm32cubeide/plugins/com.st.stm32cube.ide.mcu.externaltools.gnu-tools-for-stm32.9-2020-q2-update.win32_1.5.0.202011040924/tools/bin/../lib/gcc/arm-none-eabi/9.3.1/thumb/v6-m/nofp\libgcc.a(_udivmoddi4.o)
 .debug_frame   0x0000000000000f18       0x38 c:/st/stm32cubeide_1.4.0/stm32cubeide/plugins/com.st.stm32cube.ide.mcu.externaltools.gnu-tools-for-stm32.9-2020-q2-update.win32_1.5.0.202011040924/tools/bin/../lib/gcc/arm-none-eabi/9.3.1/thumb/v6-m/nofp\libgcc.a(bpabi.o)
 .debug_frame   0x0000000000000f50       0x3c c:/st/stm32cubeide_1.4.0/stm32cubeide/plugins/com.st.stm32cube.ide.mcu.externaltools.gnu-tools-for-stm32.9-2020-q2-update.win32_1.5.0.202011040924/tools/bin/../lib/gcc/arm-none-eabi/9.3.1/thumb/v6-m/nofp\libgcc.a(_divdi3.o)
