stm32f0xx_ll_rcc.h:690:22:LL_RCC_HSE_EnableBypass	8	static
stm32f0xx_ll_rcc.h:710:22:LL_RCC_HSE_Enable	8	static
stm32f0xx_ll_rcc.h:730:26:LL_RCC_HSE_IsReady	8	static
stm32f0xx_ll_rcc.h:1100:22:LL_RCC_SetSysClkSource	16	static
stm32f0xx_ll_rcc.h:1116:26:LL_RCC_GetSysClkSource	8	static
stm32f0xx_ll_rcc.h:1136:22:LL_RCC_SetAHBPrescaler	16	static
stm32f0xx_ll_rcc.h:1152:22:LL_RCC_SetAPB1Prescaler	16	static
stm32f0xx_ll_rcc.h:1507:22:LL_RCC_PLL_Enable	8	static
stm32f0xx_ll_rcc.h:1528:26:LL_RCC_PLL_IsReady	8	static
stm32f0xx_ll_rcc.h:1580:22:LL_RCC_PLL_ConfigDomain_SYS	24	static
stm32f0xx_ll_bus.h:227:22:LL_AHB1_GRP1_EnableClock	24	static
stm32f0xx_ll_bus.h:415:22:LL_APB1_GRP1_EnableClock	24	static
stm32f0xx_ll_bus.h:665:22:LL_APB1_GRP2_EnableClock	24	static
stm32f0xx_ll_system.h:1779:22:LL_FLASH_SetLatency	16	static
stm32f0xx_ll_system.h:1791:26:LL_FLASH_GetLatency	8	static
stm32f0xx_ll_cortex.h:137:22:LL_SYSTICK_EnableIT	8	static
stm32f0xx_ll_tim.h:1027:22:LL_TIM_EnableCounter	16	static
stm32f0xx_ll_tim.h:1218:22:LL_TIM_DisableARRPreload	16	static
stm32f0xx_ll_tim.h:2590:22:LL_TIM_SetClockSource	16	static
stm32f0xx_ll_tim.h:2636:22:LL_TIM_SetTriggerOutput	16	static
stm32f0xx_ll_tim.h:2702:22:LL_TIM_DisableMasterSlaveMode	16	static
stm32f0xx_ll_usart.h:562:22:LL_USART_Enable	16	static
stm32f0xx_ll_usart.h:642:22:LL_USART_EnableDirectionRx	16	static
stm32f0xx_ll_usart.h:653:22:LL_USART_DisableDirectionRx	16	static
stm32f0xx_ll_usart.h:2305:22:LL_USART_ConfigAsyncMode	16	static
stm32f0xx_ll_usart.h:2706:26:LL_USART_IsActiveFlag_IDLE	16	static
stm32f0xx_ll_usart.h:2717:26:LL_USART_IsActiveFlag_RXNE	16	static
stm32f0xx_ll_usart.h:2739:26:LL_USART_IsActiveFlag_TXE	16	static
stm32f0xx_ll_usart.h:2968:22:LL_USART_ClearFlag_IDLE	16	static
stm32f0xx_ll_usart.h:3354:22:LL_USART_DisableIT_CTS	16	static
stm32f0xx_ll_usart.h:3694:22:LL_USART_TransmitData8	16	static
stm32f0xx_ll_gpio.h:839:22:LL_GPIO_SetOutputPin	16	static
stm32f0xx_ll_gpio.h:868:22:LL_GPIO_ResetOutputPin	16	static
main.c:104:6:FLASH_Unlock	8	static
main.c:111:6:FLASH_Lock	8	static
main.c:115:6:FLASH_ClearPage	16	static
main.c:124:10:FLASH_Read	16	static
main.c:128:6:FLASH_Write	16	static
main.c:140:6:FLASH_Read_Data	16	static
main.c:144:6:FLASH_Write_Data	24	static
main.c:159:5:main	216	static
main.c:592:6:SystemClock_Config	8	static
main.c:628:13:MX_TIM2_Init	32	static
main.c:662:13:MX_TIM3_Init	32	static
main.c:696:13:MX_USART2_UART_Init	72	static
main.c:755:13:MX_GPIO_Init	32	static
main.c:862:5:preapare_msg_16bit	304	static
main.c:886:5:preapare_msg_48bit	304	static
main.c:910:6:preapare_msg_activate	288	static
main.c:928:6:USART_TX	32	static
main.c:938:6:USART_TX_Str	32	static
main.c:949:6:USART_TX_h_VAL	32	static
main.c:974:6:USART_TX_h_VAL_without_text	32	static
main.c:991:6:USART_TX_d_VAL	88	dynamic
main.c:1014:10:USART_RX_Str	16	static
main.c:1043:10:AsciiToDec	32	static
main.c:1059:9:AsciiToHex	24	static
main.c:1084:10:Ascii2ToHex	32	static
main.c:1129:6:Error_Handler	8	static,ignoring_inline_asm
