main.c:857:10:Ascii2ToHex.part.0	32	static
main.c:416:6:SystemClock_Config	8	static
main.c:687:6:preapare_msg_16bit	272	static
main.c:698:6:preapare_msg_48bit	272	static
main.c:709:6:preapare_msg_activate	264	static
main.c:721:6:USART_TX	12	static
main.c:731:6:USART_TX_Str	16	static
main.c:742:6:USART_TX_h_VAL	32	static
main.c:767:6:USART_TX_d_VAL	48	dynamic
main.c:790:10:USART_RX_Str	12	static
main.c:816:10:AsciiToDec	24	static
main.c:832:9:AsciiToHex	0	static
main.c:96:5:main	208	static
main.c:857:10:Ascii2ToHex	8	static
main.c:902:6:Error_Handler	0	static,ignoring_inline_asm
