OpenUNBEncrypterLL.c:28:6:mem_swap	32	static
OpenUNBEncrypterLL.c:38:6:memcpy_endian	32	static
OpenUNBEncrypterLL.c:52:5:init_encrypter	8	static
OpenUNBEncrypterLL.c:62:6:getKa	72	static
OpenUNBEncrypterLL.c:76:10:getDevAddr	64	static
OpenUNBEncrypterLL.c:96:6:getKm	72	static
OpenUNBEncrypterLL.c:108:6:getKe	72	static
OpenUNBEncrypterLL.c:119:5:cryptoMacPayload	96	static
OpenUNBEncrypterLL.c:140:5:getMIC	160	static
OpenUNBEncrypterLL.c:214:6:aes128Enc	240	static
OpenUNBEncrypterLL.c:224:6:aesCTR	232	static
OpenUNBEncrypterLL.c:231:6:aesECB	224	static
OpenUNBEncrypterLL.c:319:6:encECB	24	static
OpenUNBEncrypterLL.c:330:6:encCTR	40	static
