Component: ARM Compiler 5.06 update 7 (build 960) Tool: armlink [4d3601]

==============================================================================

Section Cross References

    startup_stm32f030x6.o(RESET) refers to startup_stm32f030x6.o(STACK) for __initial_sp
    startup_stm32f030x6.o(RESET) refers to startup_stm32f030x6.o(.text) for Reset_Handler
    startup_stm32f030x6.o(RESET) refers to stm32f0xx_it.o(i.NMI_Handler) for NMI_Handler
    startup_stm32f030x6.o(RESET) refers to stm32f0xx_it.o(i.HardFault_Handler) for HardFault_Handler
    startup_stm32f030x6.o(RESET) refers to stm32f0xx_it.o(i.SVC_Handler) for SVC_Handler
    startup_stm32f030x6.o(RESET) refers to stm32f0xx_it.o(i.PendSV_Handler) for PendSV_Handler
    startup_stm32f030x6.o(RESET) refers to stm32f0xx_it.o(i.SysTick_Handler) for SysTick_Handler
    startup_stm32f030x6.o(.text) refers to system_stm32f0xx.o(i.SystemInit) for SystemInit
    startup_stm32f030x6.o(.text) refers to entry.o(.ARM.Collect$$$$00000000) for __main
    main.o(i.Ascii2ToHex) refers to main.o(.data) for .data
    main.o(i.Ascii2ToHex) refers to main.o(.bss) for .bss
    main.o(i.AsciiToDec) refers to dflti.o(.text) for __aeabi_i2d
    main.o(i.AsciiToDec) refers to pow.o(i.pow) for pow
    main.o(i.AsciiToDec) refers to dfltui.o(.text) for __aeabi_ui2d
    main.o(i.AsciiToDec) refers to dmul.o(.text) for __aeabi_dmul
    main.o(i.AsciiToDec) refers to dadd.o(.text) for __aeabi_dadd
    main.o(i.AsciiToDec) refers to dfixui.o(.text) for __aeabi_d2uiz
    main.o(i.AsciiToDec) refers to main.o(.data) for .data
    main.o(i.DbmToDec) refers to dflti.o(.text) for __aeabi_i2d
    main.o(i.DbmToDec) refers to pow.o(i.pow) for pow
    main.o(i.DbmToDec) refers to dfltui.o(.text) for __aeabi_ui2d
    main.o(i.DbmToDec) refers to dmul.o(.text) for __aeabi_dmul
    main.o(i.DbmToDec) refers to dadd.o(.text) for __aeabi_dadd
    main.o(i.DbmToDec) refers to dfixui.o(.text) for __aeabi_d2uiz
    main.o(i.DbmToa1) refers to main.o(i.__ARM_common_switch8) for __ARM_common_switch8
    main.o(i.MX_GPIO_Init) refers to memseta.o(.text) for __aeabi_memclr4
    main.o(i.MX_GPIO_Init) refers to main.o(i.LL_AHB1_GRP1_EnableClock) for LL_AHB1_GRP1_EnableClock
    main.o(i.MX_GPIO_Init) refers to stm32f0xx_ll_gpio.o(i.LL_GPIO_Init) for LL_GPIO_Init
    main.o(i.MX_USART1_UART_Init) refers to memseta.o(.text) for __aeabi_memclr4
    main.o(i.MX_USART1_UART_Init) refers to main.o(i.LL_APB1_GRP2_EnableClock) for LL_APB1_GRP2_EnableClock
    main.o(i.MX_USART1_UART_Init) refers to main.o(i.LL_AHB1_GRP1_EnableClock) for LL_AHB1_GRP1_EnableClock
    main.o(i.MX_USART1_UART_Init) refers to stm32f0xx_ll_gpio.o(i.LL_GPIO_Init) for LL_GPIO_Init
    main.o(i.MX_USART1_UART_Init) refers to stm32f0xx_ll_usart.o(i.LL_USART_Init) for LL_USART_Init
    main.o(i.SPI_TR_16) refers to main.o(i.delay) for delay
    main.o(i.SPI_TR_16) refers to main.o(.data) for .data
    main.o(i.SPI_TR_24) refers to main.o(i.delay) for delay
    main.o(i.SPI_TR_24) refers to main.o(.data) for .data
    main.o(i.SystemClock_Config) refers to stm32f0xx_ll_utils.o(i.LL_Init1msTick) for LL_Init1msTick
    main.o(i.SystemClock_Config) refers to stm32f0xx_ll_utils.o(i.LL_SetSystemCoreClock) for LL_SetSystemCoreClock
    main.o(i.USART_RX_Str) refers to main.o(.bss) for .bss
    main.o(i.USART_TX_Str) refers to strlen.o(.text) for strlen
    main.o(i.encrypt1) refers to memseta.o(.text) for __aeabi_memclr
    main.o(i.encrypt1) refers to memcpya.o(.text) for __aeabi_memcpy
    main.o(i.encrypt1) refers to aes.o(i.AES_CBC_encrypt_buffer) for AES_CBC_encrypt_buffer
    main.o(i.encrypt2) refers to memseta.o(.text) for __aeabi_memclr
    main.o(i.encrypt2) refers to memcpya.o(.text) for __aeabi_memcpy
    main.o(i.encrypt2) refers to aes.o(i.AES_CBC_encrypt_buffer) for AES_CBC_encrypt_buffer
    main.o(i.encrypt_data) refers to memcpya.o(.text) for __aeabi_memcpy
    main.o(i.encrypt_data) refers to main.o(i.encrypt2) for encrypt2
    main.o(i.encrypt_data) refers to main.o(i.XOR_arrays) for XOR_arrays
    main.o(i.encrypt_data) refers to aes.o(i.AES_init_ctx_iv) for AES_init_ctx_iv
    main.o(i.encrypt_data) refers to main.o(.data) for .data
    main.o(i.encrypt_data) refers to main.o(.bss) for .bss
    main.o(i.main) refers to main.o(i.LL_APB1_GRP2_EnableClock) for LL_APB1_GRP2_EnableClock
    main.o(i.main) refers to main.o(i.SystemClock_Config) for SystemClock_Config
    main.o(i.main) refers to main.o(i.MX_GPIO_Init) for MX_GPIO_Init
    main.o(i.main) refers to main.o(i.MX_USART1_UART_Init) for MX_USART1_UART_Init
    main.o(i.main) refers to stm32f0xx_ll_utils.o(i.LL_mDelay) for LL_mDelay
    main.o(i.main) refers to main.o(i.SPI_TR_16) for SPI_TR_16
    main.o(i.main) refers to main.o(i.delay) for delay
    main.o(i.main) refers to ffltui.o(.text) for __aeabi_ui2f
    main.o(i.main) refers to fdiv.o(.text) for __aeabi_fdiv
    main.o(i.main) refers to fmul.o(.text) for __aeabi_fmul
[...]
    stm32f0xx_ll_utils.o(i.LL_Init1msTick) refers to uidiv.o(.text) for __aeabi_uidivmod
    stm32f0xx_ll_utils.o(i.LL_PLL_ConfigSystemClock_HSE) refers to stm32f0xx_ll_utils.o(i.UTILS_PLL_IsBusy) for UTILS_PLL_IsBusy
    stm32f0xx_ll_utils.o(i.LL_PLL_ConfigSystemClock_HSE) refers to stm32f0xx_ll_utils.o(i.UTILS_GetPLLOutputFrequency) for UTILS_GetPLLOutputFrequency
    stm32f0xx_ll_utils.o(i.LL_PLL_ConfigSystemClock_HSE) refers to stm32f0xx_ll_utils.o(i.LL_RCC_PLL_ConfigDomain_SYS) for LL_RCC_PLL_ConfigDomain_SYS
    stm32f0xx_ll_utils.o(i.LL_PLL_ConfigSystemClock_HSE) refers to stm32f0xx_ll_utils.o(i.UTILS_EnablePLLAndSwitchSystem) for UTILS_EnablePLLAndSwitchSystem
    stm32f0xx_ll_utils.o(i.LL_PLL_ConfigSystemClock_HSI) refers to stm32f0xx_ll_utils.o(i.UTILS_PLL_IsBusy) for UTILS_PLL_IsBusy
    stm32f0xx_ll_utils.o(i.LL_PLL_ConfigSystemClock_HSI) refers to stm32f0xx_ll_utils.o(i.UTILS_GetPLLOutputFrequency) for UTILS_GetPLLOutputFrequency
    stm32f0xx_ll_utils.o(i.LL_PLL_ConfigSystemClock_HSI) refers to stm32f0xx_ll_utils.o(i.LL_RCC_PLL_ConfigDomain_SYS) for LL_RCC_PLL_ConfigDomain_SYS
    stm32f0xx_ll_utils.o(i.LL_PLL_ConfigSystemClock_HSI) refers to stm32f0xx_ll_utils.o(i.UTILS_EnablePLLAndSwitchSystem) for UTILS_EnablePLLAndSwitchSystem
    stm32f0xx_ll_utils.o(i.LL_SetSystemCoreClock) refers to system_stm32f0xx.o(.data) for SystemCoreClock
    stm32f0xx_ll_utils.o(i.UTILS_EnablePLLAndSwitchSystem) refers to stm32f0xx_ll_utils.o(i.UTILS_SetFlashLatency) for UTILS_SetFlashLatency
    stm32f0xx_ll_utils.o(i.UTILS_EnablePLLAndSwitchSystem) refers to system_stm32f0xx.o(.constdata) for AHBPrescTable
    stm32f0xx_ll_utils.o(i.UTILS_EnablePLLAndSwitchSystem) refers to system_stm32f0xx.o(.data) for SystemCoreClock
    stm32f0xx_ll_utils.o(i.UTILS_GetPLLOutputFrequency) refers to uidiv.o(.text) for __aeabi_uidivmod
    system_stm32f0xx.o(i.SystemCoreClockUpdate) refers to uidiv.o(.text) for __aeabi_uidivmod
    system_stm32f0xx.o(i.SystemCoreClockUpdate) refers to system_stm32f0xx.o(.data) for .data
    system_stm32f0xx.o(i.SystemCoreClockUpdate) refers to system_stm32f0xx.o(.constdata) for .constdata
    pow.o(i.__softfp_pow) refers (Special) to iusefp.o(.text) for __I$use$fp
    pow.o(i.__softfp_pow) refers to pow.o(i.pow) for pow
    pow.o(i.pow) refers (Special) to iusefp.o(.text) for __I$use$fp
    pow.o(i.pow) refers to dunder.o(i.__mathlib_dbl_infnan2) for __mathlib_dbl_infnan2
    pow.o(i.pow) refers to errno.o(i.__set_errno) for __set_errno
    pow.o(i.pow) refers to dunder.o(i.__mathlib_dbl_divzero) for __mathlib_dbl_divzero
    pow.o(i.pow) refers to ddiv.o(.text) for __aeabi_ddiv
    pow.o(i.pow) refers to sqrt.o(i.sqrt) for sqrt
    pow.o(i.pow) refers to dflti.o(.text) for __aeabi_i2d
    pow.o(i.pow) refers to dunder.o(i.__mathlib_dbl_invalid) for __mathlib_dbl_invalid
    pow.o(i.pow) refers to dunder.o(i.__mathlib_dbl_overflow) for __mathlib_dbl_overflow
    pow.o(i.pow) refers to dmul.o(.text) for __aeabi_dmul
    pow.o(i.pow) refers to dunder.o(i.__mathlib_dbl_underflow) for __mathlib_dbl_underflow
    pow.o(i.pow) refers to dadd.o(.text) for __aeabi_dsub
    pow.o(i.pow) refers to dscalb.o(.text) for __ARM_scalbn
    pow.o(i.pow) refers to qnan.o(.constdata) for __mathlib_zero
    pow.o(i.pow) refers to poly.o(i.__kernel_poly) for __kernel_poly
    pow.o(i.pow) refers to cdrcmple.o(.text) for __aeabi_cdrcmple
    pow.o(i.pow) refers to pow.o(.constdata) for .constdata
    pow.o(i.pow) refers to fpclassify.o(i.__ARM_fpclassify) for __ARM_fpclassify
    pow.o(.constdata) refers (Special) to iusefp.o(.text) for __I$use$fp
    pow_x.o(i.____softfp_pow$lsc) refers (Special) to iusefp.o(.text) for __I$use$fp
    pow_x.o(i.____softfp_pow$lsc) refers to pow_x.o(i.__pow$lsc) for __pow$lsc
    pow_x.o(i.__pow$lsc) refers (Special) to iusefp.o(.text) for __I$use$fp
    pow_x.o(i.__pow$lsc) refers to dunder.o(i.__mathlib_dbl_infnan2) for __mathlib_dbl_infnan2
    pow_x.o(i.__pow$lsc) refers to errno.o(i.__set_errno) for __set_errno
    pow_x.o(i.__pow$lsc) refers to ddiv.o(.text) for __aeabi_ddiv
    pow_x.o(i.__pow$lsc) refers to sqrt.o(i.sqrt) for sqrt
    pow_x.o(i.__pow$lsc) refers to dflti.o(.text) for __aeabi_i2d
    pow_x.o(i.__pow$lsc) refers to dmul.o(.text) for __aeabi_dmul
    pow_x.o(i.__pow$lsc) refers to dadd.o(.text) for __aeabi_dsub
    pow_x.o(i.__pow$lsc) refers to dscalb.o(.text) for __ARM_scalbn
    pow_x.o(i.__pow$lsc) refers to qnan.o(.constdata) for __mathlib_zero
    pow_x.o(i.__pow$lsc) refers to poly.o(i.__kernel_poly) for __kernel_poly
    pow_x.o(i.__pow$lsc) refers to cdrcmple.o(.text) for __aeabi_cdrcmple
    pow_x.o(i.__pow$lsc) refers to pow_x.o(.constdata) for .constdata
    pow_x.o(.constdata) refers (Special) to iusefp.o(.text) for __I$use$fp
    entry.o(.ARM.Collect$$$$00000000) refers (Special) to entry10a.o(.ARM.Collect$$$$0000000F) for __rt_final_cpp
    entry.o(.ARM.Collect$$$$00000000) refers (Special) to entry11a.o(.ARM.Collect$$$$00000011) for __rt_final_exit
    entry.o(.ARM.Collect$$$$00000000) refers (Special) to entry12b.o(.ARM.Collect$$$$0000000E) for __rt_lib_shutdown_fini
    entry.o(.ARM.Collect$$$$00000000) refers (Special) to entry7b.o(.ARM.Collect$$$$00000008) for _main_clock
    entry.o(.ARM.Collect$$$$00000000) refers (Special) to entry8b.o(.ARM.Collect$$$$0000000A) for _main_cpp_init
    entry.o(.ARM.Collect$$$$00000000) refers (Special) to entry9a.o(.ARM.Collect$$$$0000000B) for _main_init
    entry.o(.ARM.Collect$$$$00000000) refers (Special) to entry5.o(.ARM.Collect$$$$00000004) for _main_scatterload
    entry.o(.ARM.Collect$$$$00000000) refers (Special) to entry2.o(.ARM.Collect$$$$00000001) for _main_stk
    printfb.o(i.__0fprintf$bare) refers to printfb.o(i._printf_core) for _printf_core
    printfb.o(i.__0fprintf$bare) refers to fputc.o(i.fputc) for fputc
    printfb.o(i.__0printf$bare) refers to printfb.o(i._printf_core) for _printf_core
    printfb.o(i.__0printf$bare) refers to fputc.o(i.fputc) for fputc
    printfb.o(i.__0printf$bare) refers to stdout.o(.data) for __stdout
    printfb.o(i.__0snprintf$bare) refers to printfb.o(i._printf_core) for _printf_core
    printfb.o(i.__0snprintf$bare) refers to printfb.o(i._snputc) for _snputc
    printfb.o(i.__0sprintf$bare) refers to printfb.o(i._printf_core) for _printf_core
    printfb.o(i.__0sprintf$bare) refers to printfb.o(i._sputc) for _sputc
    printfb.o(i.__0vfprintf$bare) refers to printfb.o(i._printf_core) for _printf_core
    printfb.o(i.__0vfprintf$bare) refers to fputc.o(i.fputc) for fputc
    printfb.o(i.__0vprintf$bare) refers to printfb.o(i._printf_core) for _printf_core
    printfb.o(i.__0vprintf$bare) refers to fputc.o(i.fputc) for fputc
    printfb.o(i.__0vprintf$bare) refers to stdout.o(.data) for __stdout
    printfb.o(i.__0vsnprintf$bare) refers to printfb.o(i._printf_core) for _printf_core
    printfb.o(i.__0vsnprintf$bare) refers to printfb.o(i._snputc) for _snputc
    printfb.o(i.__0vsprintf$bare) refers to printfb.o(i._printf_core) for _printf_core
    printfb.o(i.__0vsprintf$bare) refers to printfb.o(i._sputc) for _sputc
    printf0.o(i.__0fprintf$0) refers to printf0.o(i._printf_core) for _printf_core
    printf0.o(i.__0fprintf$0) refers to fputc.o(i.fputc) for fputc
    printf0.o(i.__0printf$0) refers to printf0.o(i._printf_core) for _printf_core
    printf0.o(i.__0printf$0) refers to fputc.o(i.fputc) for fputc
    printf0.o(i.__0printf$0) refers to stdout.o(.data) for __stdout
    printf0.o(i.__0snprintf$0) refers to printf0.o(i._printf_core) for _printf_core
    printf0.o(i.__0snprintf$0) refers to printf0.o(i._snputc) for _snputc
    printf0.o(i.__0sprintf$0) refers to printf0.o(i._printf_core) for _printf_core
    printf0.o(i.__0sprintf$0) refers to printf0.o(i._sputc) for _sputc
    printf0.o(i.__0vfprintf$0) refers to printf0.o(i._printf_core) for _printf_core
    printf0.o(i.__0vfprintf$0) refers to fputc.o(i.fputc) for fputc
    printf0.o(i.__0vprintf$0) refers to printf0.o(i._printf_core) for _printf_core
    printf0.o(i.__0vprintf$0) refers to fputc.o(i.fputc) for fputc
    printf0.o(i.__0vprintf$0) refers to stdout.o(.data) for __stdout
    printf0.o(i.__0vsnprintf$0) refers to printf0.o(i._printf_core) for _printf_core
    printf0.o(i.__0vsnprintf$0) refers to printf0.o(i._snputc) for _snputc
    printf0.o(i.__0vsprintf$0) refers to printf0.o(i._printf_core) for _printf_core
    printf0.o(i.__0vsprintf$0) refers to printf0.o(i._sputc) for _sputc
    printf1.o(i.__0fprintf$1) refers to printf1.o(i._printf_core) for _printf_core
    printf1.o(i.__0fprintf$1) refers to fputc.o(i.fputc) for fputc
    printf1.o(i.__0printf$1) refers to printf1.o(i._printf_core) for _printf_core
    printf1.o(i.__0printf$1) refers to fputc.o(i.fputc) for fputc
    printf1.o(i.__0printf$1) refers to stdout.o(.data) for __stdout
    printf1.o(i.__0snprintf$1) refers to printf1.o(i._printf_core) for _printf_core
    printf1.o(i.__0snprintf$1) refers to printf1.o(i._snputc) for _snputc
    printf1.o(i.__0sprintf$1) refers to printf1.o(i._printf_core) for _printf_core
    printf1.o(i.__0sprintf$1) refers to printf1.o(i._sputc) for _sputc
    printf1.o(i.__0vfprintf$1) refers to printf1.o(i._printf_core) for _printf_core
    printf1.o(i.__0vfprintf$1) refers to fputc.o(i.fputc) for fputc
    printf1.o(i.__0vprintf$1) refers to printf1.o(i._printf_core) for _printf_core
    printf1.o(i.__0vprintf$1) refers to fputc.o(i.fputc) for fputc
    printf1.o(i.__0vprintf$1) refers to stdout.o(.data) for __stdout
    printf1.o(i.__0vsnprintf$1) refers to printf1.o(i._printf_core) for _printf_core
    printf1.o(i.__0vsnprintf$1) refers to printf1.o(i._snputc) for _snputc
    printf1.o(i.__0vsprintf$1) refers to printf1.o(i._printf_core) for _printf_core
    printf1.o(i.__0vsprintf$1) refers to printf1.o(i._sputc) for _sputc
    printf1.o(i._printf_core) refers to uidiv.o(.text) for __aeabi_uidivmod
    printf2.o(i.__0fprintf$2) refers to printf2.o(i._printf_core) for _printf_core
    printf2.o(i.__0fprintf$2) refers to fputc.o(i.fputc) for fputc
    printf2.o(i.__0printf$2) refers to printf2.o(i._printf_core) for _printf_core
    printf2.o(i.__0printf$2) refers to fputc.o(i.fputc) for fputc
    printf2.o(i.__0printf$2) refers to stdout.o(.data) for __stdout
    printf2.o(i.__0snprintf$2) refers to printf2.o(i._printf_core) for _printf_core
    printf2.o(i.__0snprintf$2) refers to printf2.o(i._snputc) for _snputc
    printf2.o(i.__0sprintf$2) refers to printf2.o(i._printf_core) for _printf_core
    printf2.o(i.__0sprintf$2) refers to printf2.o(i._sputc) for _sputc
    printf2.o(i.__0vfprintf$2) refers to printf2.o(i._printf_core) for _printf_core
    printf2.o(i.__0vfprintf$2) refers to fputc.o(i.fputc) for fputc
    printf2.o(i.__0vprintf$2) refers to printf2.o(i._printf_core) for _printf_core
    printf2.o(i.__0vprintf$2) refers to fputc.o(i.fputc) for fputc
    printf2.o(i.__0vprintf$2) refers to stdout.o(.data) for __stdout
    printf2.o(i.__0vsnprintf$2) refers to printf2.o(i._printf_core) for _printf_core
    printf2.o(i.__0vsnprintf$2) refers to printf2.o(i._snputc) for _snputc
    printf2.o(i.__0vsprintf$2) refers to printf2.o(i._printf_core) for _printf_core
    printf2.o(i.__0vsprintf$2) refers to printf2.o(i._sputc) for _sputc
    printf3.o(i.__0fprintf$3) refers to printf3.o(i._printf_core) for _printf_core
    printf3.o(i.__0fprintf$3) refers to fputc.o(i.fputc) for fputc
    printf3.o(i.__0printf$3) refers to printf3.o(i._printf_core) for _printf_core
    printf3.o(i.__0printf$3) refers to fputc.o(i.fputc) for fputc
    printf3.o(i.__0printf$3) refers to stdout.o(.data) for __stdout
    printf3.o(i.__0snprintf$3) refers to printf3.o(i._printf_core) for _printf_core
    printf3.o(i.__0snprintf$3) refers to printf3.o(i._snputc) for _snputc
    printf3.o(i.__0sprintf$3) refers to printf3.o(i._printf_core) for _printf_core
    printf3.o(i.__0sprintf$3) refers to printf3.o(i._sputc) for _sputc
    printf3.o(i.__0vfprintf$3) refers to printf3.o(i._printf_core) for _printf_core
    printf3.o(i.__0vfprintf$3) refers to fputc.o(i.fputc) for fputc
    printf3.o(i.__0vprintf$3) refers to printf3.o(i._printf_core) for _printf_core
    printf3.o(i.__0vprintf$3) refers to fputc.o(i.fputc) for fputc
    printf3.o(i.__0vprintf$3) refers to stdout.o(.data) for __stdout
    printf3.o(i.__0vsnprintf$3) refers to printf3.o(i._printf_core) for _printf_core
    printf3.o(i.__0vsnprintf$3) refers to printf3.o(i._snputc) for _snputc
    printf3.o(i.__0vsprintf$3) refers to printf3.o(i._printf_core) for _printf_core
    printf3.o(i.__0vsprintf$3) refers to printf3.o(i._sputc) for _sputc
    printf3.o(i._printf_core) refers to uidiv.o(.text) for __aeabi_uidivmod
    printf4.o(i.__0fprintf$4) refers to printf4.o(i._printf_core) for _printf_core
    printf4.o(i.__0fprintf$4) refers to fputc.o(i.fputc) for fputc
    printf4.o(i.__0printf$4) refers to printf4.o(i._printf_core) for _printf_core
    printf4.o(i.__0printf$4) refers to fputc.o(i.fputc) for fputc
    printf4.o(i.__0printf$4) refers to stdout.o(.data) for __stdout
    printf4.o(i.__0snprintf$4) refers to printf4.o(i._printf_core) for _printf_core
    printf4.o(i.__0snprintf$4) refers to printf4.o(i._snputc) for _snputc
    printf4.o(i.__0sprintf$4) refers to printf4.o(i._printf_core) for _printf_core
    printf4.o(i.__0sprintf$4) refers to printf4.o(i._sputc) for _sputc
    printf4.o(i.__0vfprintf$4) refers to printf4.o(i._printf_core) for _printf_core
    printf4.o(i.__0vfprintf$4) refers to fputc.o(i.fputc) for fputc
    printf4.o(i.__0vprintf$4) refers to printf4.o(i._printf_core) for _printf_core
    printf4.o(i.__0vprintf$4) refers to fputc.o(i.fputc) for fputc
    printf4.o(i.__0vprintf$4) refers to stdout.o(.data) for __stdout
    printf4.o(i.__0vsnprintf$4) refers to printf4.o(i._printf_core) for _printf_core
    printf4.o(i.__0vsnprintf$4) refers to printf4.o(i._snputc) for _snputc
    printf4.o(i.__0vsprintf$4) refers to printf4.o(i._printf_core) for _printf_core
    printf4.o(i.__0vsprintf$4) refers to printf4.o(i._sputc) for _sputc
    printf4.o(i._printf_core) refers to uldiv.o(.text) for __aeabi_uldivmod
    printf5.o(i.__0fprintf$5) refers to printf5.o(i._printf_core) for _printf_core
    printf5.o(i.__0fprintf$5) refers to fputc.o(i.fputc) for fputc
    printf5.o(i.__0printf$5) refers to printf5.o(i._printf_core) for _printf_core
    printf5.o(i.__0printf$5) refers to fputc.o(i.fputc) for fputc
    printf5.o(i.__0printf$5) refers to stdout.o(.data) for __stdout
    printf5.o(i.__0snprintf$5) refers to printf5.o(i._printf_core) for _printf_core
    printf5.o(i.__0snprintf$5) refers to printf5.o(i._snputc) for _snputc
    printf5.o(i.__0sprintf$5) refers to printf5.o(i._printf_core) for _printf_core
    printf5.o(i.__0sprintf$5) refers to printf5.o(i._sputc) for _sputc
    printf5.o(i.__0vfprintf$5) refers to printf5.o(i._printf_core) for _printf_core
    printf5.o(i.__0vfprintf$5) refers to fputc.o(i.fputc) for fputc
    printf5.o(i.__0vprintf$5) refers to printf5.o(i._printf_core) for _printf_core
    printf5.o(i.__0vprintf$5) refers to fputc.o(i.fputc) for fputc
    printf5.o(i.__0vprintf$5) refers to stdout.o(.data) for __stdout
    printf5.o(i.__0vsnprintf$5) refers to printf5.o(i._printf_core) for _printf_core
    printf5.o(i.__0vsnprintf$5) refers to printf5.o(i._snputc) for _snputc
    printf5.o(i.__0vsprintf$5) refers to printf5.o(i._printf_core) for _printf_core
    printf5.o(i.__0vsprintf$5) refers to printf5.o(i._sputc) for _sputc
    printf5.o(i._printf_core) refers to uldiv.o(.text) for __aeabi_uldivmod
    printf6.o(i.__0fprintf$6) refers to printf6.o(i._printf_core) for _printf_core
    printf6.o(i.__0fprintf$6) refers to fputc.o(i.fputc) for fputc
    printf6.o(i.__0printf$6) refers to printf6.o(i._printf_core) for _printf_core
    printf6.o(i.__0printf$6) refers to fputc.o(i.fputc) for fputc
    printf6.o(i.__0printf$6) refers to stdout.o(.data) for __stdout
    printf6.o(i.__0snprintf$6) refers to printf6.o(i._printf_core) for _printf_core
    printf6.o(i.__0snprintf$6) refers to printf6.o(i._snputc) for _snputc
    printf6.o(i.__0sprintf$6) refers to printf6.o(i._printf_core) for _printf_core
    printf6.o(i.__0sprintf$6) refers to printf6.o(i._sputc) for _sputc
    printf6.o(i.__0vfprintf$6) refers to printf6.o(i._printf_core) for _printf_core
    printf6.o(i.__0vfprintf$6) refers to fputc.o(i.fputc) for fputc
    printf6.o(i.__0vprintf$6) refers to printf6.o(i._printf_core) for _printf_core
    printf6.o(i.__0vprintf$6) refers to fputc.o(i.fputc) for fputc
    printf6.o(i.__0vprintf$6) refers to stdout.o(.data) for __stdout
    printf6.o(i.__0vsnprintf$6) refers to printf6.o(i._printf_core) for _printf_core
    printf6.o(i.__0vsnprintf$6) refers to printf6.o(i._snputc) for _snputc
    printf6.o(i.__0vsprintf$6) refers to printf6.o(i._printf_core) for _printf_core
    printf6.o(i.__0vsprintf$6) refers to printf6.o(i._sputc) for _sputc
    printf6.o(i._printf_core) refers to printf6.o(i._printf_pre_padding) for _printf_pre_padding
    printf6.o(i._printf_core) refers to printf6.o(i._printf_post_padding) for _printf_post_padding
    printf6.o(i._printf_core) refers to uidiv.o(.text) for __aeabi_uidivmod
    printf7.o(i.__0fprintf$7) refers to printf7.o(i._printf_core) for _printf_core
    printf7.o(i.__0fprintf$7) refers to fputc.o(i.fputc) for fputc
    printf7.o(i.__0printf$7) refers to printf7.o(i._printf_core) for _printf_core
    printf7.o(i.__0printf$7) refers to fputc.o(i.fputc) for fputc
    printf7.o(i.__0printf$7) refers to stdout.o(.data) for __stdout
    printf7.o(i.__0snprintf$7) refers to printf7.o(i._printf_core) for _printf_core
    printf7.o(i.__0snprintf$7) refers to printf7.o(i._snputc) for _snputc
    printf7.o(i.__0sprintf$7) refers to printf7.o(i._printf_core) for _printf_core
    printf7.o(i.__0sprintf$7) refers to printf7.o(i._sputc) for _sputc
    printf7.o(i.__0vfprintf$7) refers to printf7.o(i._printf_core) for _printf_core
    printf7.o(i.__0vfprintf$7) refers to fputc.o(i.fputc) for fputc
    printf7.o(i.__0vprintf$7) refers to printf7.o(i._printf_core) for _printf_core
    printf7.o(i.__0vprintf$7) refers to fputc.o(i.fputc) for fputc
    printf7.o(i.__0vprintf$7) refers to stdout.o(.data) for __stdout
    printf7.o(i.__0vsnprintf$7) refers to printf7.o(i._printf_core) for _printf_core
    printf7.o(i.__0vsnprintf$7) refers to printf7.o(i._snputc) for _snputc
    printf7.o(i.__0vsprintf$7) refers to printf7.o(i._printf_core) for _printf_core
    printf7.o(i.__0vsprintf$7) refers to printf7.o(i._sputc) for _sputc
    printf7.o(i._printf_core) refers to printf7.o(i._printf_pre_padding) for _printf_pre_padding
    printf7.o(i._printf_core) refers to printf7.o(i._printf_post_padding) for _printf_post_padding
    printf7.o(i._printf_core) refers to uldiv.o(.text) for __aeabi_uldivmod
    printf8.o(i.__0fprintf$8) refers to printf8.o(i._printf_core) for _printf_core
    printf8.o(i.__0fprintf$8) refers to fputc.o(i.fputc) for fputc
    printf8.o(i.__0printf$8) refers to printf8.o(i._printf_core) for _printf_core
    printf8.o(i.__0printf$8) refers to fputc.o(i.fputc) for fputc
    printf8.o(i.__0printf$8) refers to stdout.o(.data) for __stdout
    printf8.o(i.__0snprintf$8) refers to printf8.o(i._printf_core) for _printf_core
    printf8.o(i.__0snprintf$8) refers to printf8.o(i._snputc) for _snputc
    printf8.o(i.__0sprintf$8) refers to printf8.o(i._printf_core) for _printf_core
    printf8.o(i.__0sprintf$8) refers to printf8.o(i._sputc) for _sputc
    printf8.o(i.__0vfprintf$8) refers to printf8.o(i._printf_core) for _printf_core
    printf8.o(i.__0vfprintf$8) refers to fputc.o(i.fputc) for fputc
    printf8.o(i.__0vprintf$8) refers to printf8.o(i._printf_core) for _printf_core
    printf8.o(i.__0vprintf$8) refers to fputc.o(i.fputc) for fputc
    printf8.o(i.__0vprintf$8) refers to stdout.o(.data) for __stdout
    printf8.o(i.__0vsnprintf$8) refers to printf8.o(i._printf_core) for _printf_core
    printf8.o(i.__0vsnprintf$8) refers to printf8.o(i._snputc) for _snputc
    printf8.o(i.__0vsprintf$8) refers to printf8.o(i._printf_core) for _printf_core
    printf8.o(i.__0vsprintf$8) refers to printf8.o(i._sputc) for _sputc
    printf8.o(i._printf_core) refers to printf8.o(i._printf_pre_padding) for _printf_pre_padding
    printf8.o(i._printf_core) refers to printf8.o(i._printf_post_padding) for _printf_post_padding
    printf8.o(i._printf_core) refers to uldiv.o(.text) for __aeabi_uldivmod
    printfa.o(i.__0fprintf) refers (Special) to iusefp.o(.text) for __I$use$fp
    printfa.o(i.__0fprintf) refers to printfa.o(i._printf_core) for _printf_core
    printfa.o(i.__0fprintf) refers to fputc.o(i.fputc) for fputc
    printfa.o(i.__0printf) refers (Special) to iusefp.o(.text) for __I$use$fp
    printfa.o(i.__0printf) refers to printfa.o(i._printf_core) for _printf_core
    printfa.o(i.__0printf) refers to fputc.o(i.fputc) for fputc
    printfa.o(i.__0printf) refers to stdout.o(.data) for __stdout
    printfa.o(i.__0snprintf) refers (Special) to iusefp.o(.text) for __I$use$fp
    printfa.o(i.__0snprintf) refers to printfa.o(i._printf_core) for _printf_core
    printfa.o(i.__0snprintf) refers to printfa.o(i._snputc) for _snputc
    printfa.o(i.__0sprintf) refers (Special) to iusefp.o(.text) for __I$use$fp
    printfa.o(i.__0sprintf) refers to printfa.o(i._printf_core) for _printf_core
    printfa.o(i.__0sprintf) refers to printfa.o(i._sputc) for _sputc
    printfa.o(i.__0vfprintf) refers (Special) to iusefp.o(.text) for __I$use$fp
    printfa.o(i.__0vfprintf) refers to printfa.o(i._printf_core) for _printf_core
    printfa.o(i.__0vfprintf) refers to fputc.o(i.fputc) for fputc
    printfa.o(i.__0vprintf) refers (Special) to iusefp.o(.text) for __I$use$fp
    printfa.o(i.__0vprintf) refers to printfa.o(i._printf_core) for _printf_core
    printfa.o(i.__0vprintf) refers to fputc.o(i.fputc) for fputc
    printfa.o(i.__0vprintf) refers to stdout.o(.data) for __stdout
    printfa.o(i.__0vsnprintf) refers (Special) to iusefp.o(.text) for __I$use$fp
    printfa.o(i.__0vsnprintf) refers to printfa.o(i._printf_core) for _printf_core
    printfa.o(i.__0vsnprintf) refers to printfa.o(i._snputc) for _snputc
    printfa.o(i.__0vsprintf) refers (Special) to iusefp.o(.text) for __I$use$fp
    printfa.o(i.__0vsprintf) refers to printfa.o(i._printf_core) for _printf_core
    printfa.o(i.__0vsprintf) refers to printfa.o(i._sputc) for _sputc
    printfa.o(i._fp_digits) refers (Special) to iusefp.o(.text) for __I$use$fp
    printfa.o(i._fp_digits) refers to dmul.o(.text) for __aeabi_dmul
    printfa.o(i._fp_digits) refers to ddiv.o(.text) for __aeabi_ddiv
    printfa.o(i._fp_digits) refers to cdrcmple.o(.text) for __aeabi_cdrcmple
    printfa.o(i._fp_digits) refers to dadd.o(.text) for __aeabi_dadd
    printfa.o(i._fp_digits) refers to dfixul.o(.text) for __aeabi_d2ulz
    printfa.o(i._fp_digits) refers to uldiv.o(.text) for __aeabi_uldivmod
    printfa.o(i._printf_core) refers (Special) to iusefp.o(.text) for __I$use$fp
    printfa.o(i._printf_core) refers to printfa.o(i._printf_pre_padding) for _printf_pre_padding
    printfa.o(i._printf_core) refers to uldiv.o(.text) for __aeabi_uldivmod
    printfa.o(i._printf_core) refers to printfa.o(i._printf_post_padding) for _printf_post_padding
    printfa.o(i._printf_core) refers to printfa.o(i._fp_digits) for _fp_digits
    printfa.o(i._printf_core) refers to uidiv.o(.text) for __aeabi_uidivmod
    printfa.o(i._printf_post_padding) refers (Special) to iusefp.o(.text) for __I$use$fp
    printfa.o(i._printf_pre_padding) refers (Special) to iusefp.o(.text) for __I$use$fp
    printfa.o(i._snputc) refers (Special) to iusefp.o(.text) for __I$use$fp
    printfa.o(i._sputc) refers (Special) to iusefp.o(.text) for __I$use$fp
    fadd.o(.text) refers (Special) to iusefp.o(.text) for __I$use$fp
    fadd.o(.text) refers to fepilogue.o(.text) for _float_epilogue
    fmul.o(.text) refers (Special) to iusefp.o(.text) for __I$use$fp
    fdiv.o(.text) refers (Special) to iusefp.o(.text) for __I$use$fp
    fdiv.o(.text) refers to fepilogue.o(.text) for _float_round
    dadd.o(.text) refers (Special) to iusefp.o(.text) for __I$use$fp
    dadd.o(.text) refers to llshl.o(.text) for __aeabi_llsl
    dadd.o(.text) refers to llsshr.o(.text) for __aeabi_lasr
    dadd.o(.text) refers to depilogue.o(.text) for _double_epilogue
    dmul.o(.text) refers (Special) to iusefp.o(.text) for __I$use$fp
    dmul.o(.text) refers to depilogue.o(.text) for _double_epilogue
    ffltui.o(.text) refers (Special) to iusefp.o(.text) for __I$use$fp
    ffltui.o(.text) refers to fepilogue.o(.text) for _float_epilogue
    dflti.o(.text) refers (Special) to iusefp.o(.text) for __I$use$fp
    dflti.o(.text) refers to depilogue.o(.text) for _double_epilogue
    dfltui.o(.text) refers (Special) to iusefp.o(.text) for __I$use$fp
    dfltui.o(.text) refers to depilogue.o(.text) for _double_epilogue
    ffixui.o(.text) refers (Special) to iusefp.o(.text) for __I$use$fp
    dfixui.o(.text) refers (Special) to iusefp.o(.text) for __I$use$fp
    dfixui.o(.text) refers to llushr.o(.text) for __aeabi_llsr
    dunder.o(i.__mathlib_dbl_divzero) refers to ddiv.o(.text) for __aeabi_ddiv
    dunder.o(i.__mathlib_dbl_infnan) refers to dscalb.o(.text) for __ARM_scalbn
    dunder.o(i.__mathlib_dbl_infnan2) refers to dadd.o(.text) for __aeabi_dadd
    dunder.o(i.__mathlib_dbl_invalid) refers to ddiv.o(.text) for __aeabi_ddiv
    dunder.o(i.__mathlib_dbl_overflow) refers to dscalb.o(.text) for __ARM_scalbn
    dunder.o(i.__mathlib_dbl_posinfnan) refers to dmul.o(.text) for __aeabi_dmul
    dunder.o(i.__mathlib_dbl_underflow) refers to dscalb.o(.text) for __ARM_scalbn
    fpclassify.o(i.__ARM_fpclassify) refers (Special) to iusefp.o(.text) for __I$use$fp
    poly.o(i.__kernel_poly) refers (Special) to iusefp.o(.text) for __I$use$fp
    poly.o(i.__kernel_poly) refers to dmul.o(.text) for __aeabi_dmul
    poly.o(i.__kernel_poly) refers to dadd.o(.text) for __aeabi_dadd
    qnan.o(.constdata) refers (Special) to iusefp.o(.text) for __I$use$fp
    sqrt.o(i.__softfp_sqrt) refers (Special) to iusefp.o(.text) for __I$use$fp
    sqrt.o(i.__softfp_sqrt) refers to dsqrt.o(.text) for _dsqrt
    sqrt.o(i.__softfp_sqrt) refers to errno.o(i.__set_errno) for __set_errno
    sqrt.o(i.sqrt) refers (Special) to iusefp.o(.text) for __I$use$fp
    sqrt.o(i.sqrt) refers to dsqrt.o(.text) for _dsqrt
    sqrt.o(i.sqrt) refers to errno.o(i.__set_errno) for __set_errno
    sqrt_x.o(i.____softfp_sqrt$lsc) refers (Special) to iusefp.o(.text) for __I$use$fp
    sqrt_x.o(i.____softfp_sqrt$lsc) refers to cdcmple.o(.text) for __aeabi_cdcmple
    sqrt_x.o(i.____softfp_sqrt$lsc) refers to errno.o(i.__set_errno) for __set_errno
    sqrt_x.o(i.____softfp_sqrt$lsc) refers to dsqrt.o(.text) for _dsqrt
    sqrt_x.o(i.__sqrt$lsc) refers (Special) to iusefp.o(.text) for __I$use$fp
    sqrt_x.o(i.__sqrt$lsc) refers to cdcmple.o(.text) for __aeabi_cdcmple
    sqrt_x.o(i.__sqrt$lsc) refers to errno.o(i.__set_errno) for __set_errno
    sqrt_x.o(i.__sqrt$lsc) refers to dsqrt.o(.text) for _dsqrt
    entry2.o(.ARM.Collect$$$$00000001) refers to entry2.o(.ARM.Collect$$$$00002712) for __lit__00000000
    entry2.o(.ARM.Collect$$$$00002712) refers to startup_stm32f030x6.o(STACK) for __initial_sp
    entry2.o(__vectab_stack_and_reset_area) refers to startup_stm32f030x6.o(STACK) for __initial_sp
    entry2.o(__vectab_stack_and_reset_area) refers to entry.o(.ARM.Collect$$$$00000000) for __main
    entry5.o(.ARM.Collect$$$$00000004) refers to init.o(.text) for __scatterload
    entry9a.o(.ARM.Collect$$$$0000000B) refers to main.o(i.main) for main
    entry9b.o(.ARM.Collect$$$$0000000C) refers to main.o(i.main) for main
    fputc.o(i.fputc) refers (Special) to iusesemip.o(.text) for __I$use$semihosting$fputc
    fputc.o(i.fputc) refers (Special) to semi.o(.text) for __semihosting_library_function
    uldiv.o(.text) refers to llushr.o(.text) for __aeabi_llsr
    uldiv.o(.text) refers to llshl.o(.text) for __aeabi_llsl
    errno.o(i.__aeabi_errno_addr) refers to errno.o(.data) for .data
    errno.o(i.__read_errno) refers to errno.o(.data) for .data
    errno.o(i.__set_errno) refers to errno.o(.data) for .data
    depilogue.o(.text) refers to depilogue.o(i.__ARM_clz) for __ARM_clz
    depilogue.o(.text) refers to llshl.o(.text) for __aeabi_llsl
    depilogue.o(.text) refers to llushr.o(.text) for __aeabi_llsr
    ddiv.o(.text) refers to depilogue.o(.text) for _double_round
    dfixul.o(.text) refers to llushr.o(.text) for __aeabi_llsr
    dfixul.o(.text) refers to llshl.o(.text) for __aeabi_llsl
    init.o(.text) refers to entry5.o(.ARM.Collect$$$$00000004) for __main_after_scatterload
    dsqrt.o(.text) refers to llushr.o(.text) for __aeabi_llsr
    dsqrt.o(.text) refers to depilogue.o(.text) for _double_round


==============================================================================

Removing Unused input sections from the image.

    Removing startup_stm32f030x6.o(HEAP), (512 bytes).
    Removing main.o(.rev16_text), (4 bytes).
    Removing main.o(.revsh_text), (4 bytes).
    Removing main.o(i.AsciiToHex), (88 bytes).
    Removing main.o(i.DbmToDec), (112 bytes).
    Removing main.o(i.Error_Handler), (2 bytes).
    Removing main.o(i.XOR_arrays), (22 bytes).
    Removing main.o(i.encrypt1), (38 bytes).
    Removing main.o(i.encrypt2), (54 bytes).
    Removing main.o(i.encrypt_data), (164 bytes).
    Removing main.o(.bss), (500 bytes).
    Removing main.o(.bss), (10 bytes).
    Removing main.o(.constdata), (4 bytes).
    Removing main.o(.data), (1 bytes).
    Removing main.o(.data), (4 bytes).
    Removing main.o(.data), (2 bytes).
    Removing stm32f0xx_it.o(.rev16_text), (4 bytes).
    Removing stm32f0xx_it.o(.revsh_text), (4 bytes).
    Removing aes.o(i.AES_CBC_decrypt_buffer), (64 bytes).
    Removing aes.o(i.AES_CBC_encrypt_buffer), (52 bytes).
    Removing aes.o(i.AES_CTR_xcrypt_buffer), (96 bytes).
    Removing aes.o(i.AES_ECB_decrypt), (14 bytes).
    Removing aes.o(i.AES_ECB_encrypt), (14 bytes).
    Removing aes.o(i.AES_ctx_set_iv), (12 bytes).
    Removing aes.o(i.AES_init_ctx), (8 bytes).
    Removing aes.o(i.AddRoundKey), (46 bytes).
    Removing aes.o(i.Cipher), (140 bytes).
    Removing aes.o(i.InvCipher), (132 bytes).
    Removing aes.o(i.InvMixColumns), (948 bytes).
    Removing aes.o(i.MixColumns), (128 bytes).
    Removing aes.o(i.XorWithIv), (22 bytes).
    Removing aes.o(i.xtime), (14 bytes).
    Removing stm32f0xx_ll_gpio.o(.rev16_text), (4 bytes).
    Removing stm32f0xx_ll_gpio.o(.revsh_text), (4 bytes).
    Removing stm32f0xx_ll_gpio.o(i.LL_AHB1_GRP1_ForceReset), (16 bytes).
    Removing stm32f0xx_ll_gpio.o(i.LL_AHB1_GRP1_ReleaseReset), (16 bytes).
    Removing stm32f0xx_ll_gpio.o(i.LL_GPIO_DeInit), (96 bytes).
    Removing stm32f0xx_ll_gpio.o(i.LL_GPIO_StructInit), (24 bytes).
    Removing stm32f0xx_ll_pwr.o(.rev16_text), (4 bytes).
    Removing stm32f0xx_ll_pwr.o(.revsh_text), (4 bytes).
    Removing stm32f0xx_ll_pwr.o(i.LL_PWR_DeInit), (28 bytes).
    Removing stm32f0xx_ll_exti.o(.rev16_text), (4 bytes).
    Removing stm32f0xx_ll_exti.o(.revsh_text), (4 bytes).
    Removing stm32f0xx_ll_exti.o(i.LL_EXTI_DeInit), (36 bytes).
    Removing stm32f0xx_ll_exti.o(i.LL_EXTI_Init), (160 bytes).
    Removing stm32f0xx_ll_exti.o(i.LL_EXTI_StructInit), (14 bytes).
    Removing stm32f0xx_ll_usart.o(.rev16_text), (4 bytes).
    Removing stm32f0xx_ll_usart.o(.revsh_text), (4 bytes).
    Removing stm32f0xx_ll_usart.o(i.LL_USART_ClockInit), (62 bytes).
    Removing stm32f0xx_ll_usart.o(i.LL_USART_ClockStructInit), (12 bytes).
    Removing stm32f0xx_ll_usart.o(i.LL_USART_DeInit), (44 bytes).
    Removing stm32f0xx_ll_usart.o(i.LL_USART_StructInit), (24 bytes).
    Removing stm32f0xx_ll_rcc.o(.rev16_text), (4 bytes).
    Removing stm32f0xx_ll_rcc.o(.revsh_text), (4 bytes).
    Removing stm32f0xx_ll_rcc.o(i.LL_RCC_DeInit), (144 bytes).
    Removing stm32f0xx_ll_rcc.o(i.LL_RCC_GetI2CClockFreq), (48 bytes).
    Removing stm32f0xx_ll_rcc.o(i.LL_RCC_GetSystemClocksFreq), (24 bytes).
    Removing stm32f0xx_ll_dma.o(.rev16_text), (4 bytes).
    Removing stm32f0xx_ll_dma.o(.revsh_text), (4 bytes).
    Removing stm32f0xx_ll_dma.o(i.LL_DMA_DeInit), (124 bytes).
    Removing stm32f0xx_ll_dma.o(i.LL_DMA_Init), (92 bytes).
    Removing stm32f0xx_ll_dma.o(i.LL_DMA_StructInit), (24 bytes).
    Removing stm32f0xx_ll_dma.o(.constdata), (5 bytes).
    Removing stm32f0xx_ll_utils.o(.rev16_text), (4 bytes).
    Removing stm32f0xx_ll_utils.o(.revsh_text), (4 bytes).
    Removing stm32f0xx_ll_utils.o(i.LL_PLL_ConfigSystemClock_HSE), (104 bytes).
    Removing stm32f0xx_ll_utils.o(i.LL_PLL_ConfigSystemClock_HSI), (84 bytes).
    Removing stm32f0xx_ll_utils.o(i.LL_RCC_PLL_ConfigDomain_SYS), (44 bytes).
    Removing stm32f0xx_ll_utils.o(i.UTILS_EnablePLLAndSwitchSystem), (152 bytes).
    Removing stm32f0xx_ll_utils.o(i.UTILS_GetPLLOutputFrequency), (24 bytes).
    Removing stm32f0xx_ll_utils.o(i.UTILS_PLL_IsBusy), (20 bytes).
    Removing stm32f0xx_ll_utils.o(i.UTILS_SetFlashLatency), (52 bytes).
    Removing system_stm32f0xx.o(.rev16_text), (4 bytes).
    Removing system_stm32f0xx.o(.revsh_text), (4 bytes).
    Removing system_stm32f0xx.o(i.SystemCoreClockUpdate), (120 bytes).
    Removing dfixul.o(.text), (64 bytes).
    Removing cdcmple.o(.text), (40 bytes).

77 unused section(s) (total 4980 bytes) removed from the image.

==============================================================================

Image Symbol Table

    Local Symbols

    Symbol Name                              Value     Ov Type        Size  Object(Section)

    ../Drivers/STM32F0xx_HAL_Driver/Src/stm32f0xx_ll_dma.c 0x00000000   Number         0  stm32f0xx_ll_dma.o ABSOLUTE
    ../Drivers/STM32F0xx_HAL_Driver/Src/stm32f0xx_ll_exti.c 0x00000000   Number         0  stm32f0xx_ll_exti.o ABSOLUTE
    ../Drivers/STM32F0xx_HAL_Driver/Src/stm32f0xx_ll_gpio.c 0x00000000   Number         0  stm32f0xx_ll_gpio.o ABSOLUTE
    ../Drivers/STM32F0xx_HAL_Driver/Src/stm32f0xx_ll_pwr.c 0x00000000   Number         0  stm32f0xx_ll_pwr.o ABSOLUTE
    ../Drivers/STM32F0xx_HAL_Driver/Src/stm32f0xx_ll_rcc.c 0x00000000   Number         0  stm32f0xx_ll_rcc.o ABSOLUTE
    ../Drivers/STM32F0xx_HAL_Driver/Src/stm32f0xx_ll_usart.c 0x00000000   Number         0  stm32f0xx_ll_usart.o ABSOLUTE
    ../Drivers/STM32F0xx_HAL_Driver/Src/stm32f0xx_ll_utils.c 0x00000000   Number         0  stm32f0xx_ll_utils.o ABSOLUTE
    ../Src/main.c                            0x00000000   Number         0  main.o ABSOLUTE
    ../Src/stm32f0xx_it.c                    0x00000000   Number         0  stm32f0xx_it.o ABSOLUTE
    ../Src/system_stm32f0xx.c                0x00000000   Number         0  system_stm32f0xx.o ABSOLUTE
    ../clib/microlib/division.c              0x00000000   Number         0  uidiv.o ABSOLUTE
    ../clib/microlib/division.c              0x00000000   Number         0  uldiv.o ABSOLUTE
    ../clib/microlib/errno.c                 0x00000000   Number         0  errno.o ABSOLUTE
    ../clib/microlib/init/entry.s            0x00000000   Number         0  entry8b.o ABSOLUTE
    ../clib/microlib/init/entry.s            0x00000000   Number         0  entry8a.o ABSOLUTE
    ../clib/microlib/init/entry.s            0x00000000   Number         0  entry7b.o ABSOLUTE
    ../clib/microlib/init/entry.s            0x00000000   Number         0  entry7a.o ABSOLUTE
    ../clib/microlib/init/entry.s            0x00000000   Number         0  entry5.o ABSOLUTE
    ../clib/microlib/init/entry.s            0x00000000   Number         0  entry12b.o ABSOLUTE
    ../clib/microlib/init/entry.s            0x00000000   Number         0  entry12a.o ABSOLUTE
    ../clib/microlib/init/entry.s            0x00000000   Number         0  entry2.o ABSOLUTE
    ../clib/microlib/init/entry.s            0x00000000   Number         0  entry11b.o ABSOLUTE
    ../clib/microlib/init/entry.s            0x00000000   Number         0  entry11a.o ABSOLUTE
    ../clib/microlib/init/entry.s            0x00000000   Number         0  entry10b.o ABSOLUTE
    ../clib/microlib/init/entry.s            0x00000000   Number         0  entry10a.o ABSOLUTE
    ../clib/microlib/init/entry.s            0x00000000   Number         0  entry.o ABSOLUTE
    ../clib/microlib/init/entry.s            0x00000000   Number         0  entry9b.o ABSOLUTE
    ../clib/microlib/init/entry.s            0x00000000   Number         0  entry9a.o ABSOLUTE
    ../clib/microlib/longlong.c              0x00000000   Number         0  llsshr.o ABSOLUTE
    ../clib/microlib/longlong.c              0x00000000   Number         0  llshl.o ABSOLUTE
    ../clib/microlib/longlong.c              0x00000000   Number         0  llushr.o ABSOLUTE
    ../clib/microlib/printf/printf.c         0x00000000   Number         0  printf6.o ABSOLUTE
    ../clib/microlib/printf/printf.c         0x00000000   Number         0  printfa.o ABSOLUTE
    ../clib/microlib/printf/printf.c         0x00000000   Number         0  printf7.o ABSOLUTE
    ../clib/microlib/printf/printf.c         0x00000000   Number         0  printf8.o ABSOLUTE
    ../clib/microlib/printf/printf.c         0x00000000   Number         0  printf3.o ABSOLUTE
    ../clib/microlib/printf/printf.c         0x00000000   Number         0  printf2.o ABSOLUTE
    ../clib/microlib/printf/printf.c         0x00000000   Number         0  printf4.o ABSOLUTE
    ../clib/microlib/printf/printf.c         0x00000000   Number         0  printf5.o ABSOLUTE
    ../clib/microlib/printf/printf.c         0x00000000   Number         0  printf1.o ABSOLUTE
    ../clib/microlib/printf/printf.c         0x00000000   Number         0  printf0.o ABSOLUTE
    ../clib/microlib/printf/printf.c         0x00000000   Number         0  printfb.o ABSOLUTE
    ../clib/microlib/printf/stubs.s          0x00000000   Number         0  stubs.o ABSOLUTE
    ../clib/microlib/stdio/fputc.c           0x00000000   Number         0  fputc.o ABSOLUTE
    ../clib/microlib/stdio/semi.s            0x00000000   Number         0  semi.o ABSOLUTE
    ../clib/microlib/stdio/streams.c         0x00000000   Number         0  stdout.o ABSOLUTE
    ../clib/microlib/string/memcpy.c         0x00000000   Number         0  memcpya.o ABSOLUTE
    ../clib/microlib/string/memcpy.c         0x00000000   Number         0  memcpyb.o ABSOLUTE
    ../clib/microlib/string/memset.c         0x00000000   Number         0  memseta.o ABSOLUTE
    ../clib/microlib/string/strlen.c         0x00000000   Number         0  strlen.o ABSOLUTE
    ../clib/microlib/stubs.s                 0x00000000   Number         0  iusefp.o ABSOLUTE
    ../clib/microlib/stubs.s                 0x00000000   Number         0  iusesemip.o ABSOLUTE
    ../fplib/microlib/fpadd.c                0x00000000   Number         0  dadd.o ABSOLUTE
    ../fplib/microlib/fpadd.c                0x00000000   Number         0  fadd.o ABSOLUTE
    ../fplib/microlib/fpdiv.c                0x00000000   Number         0  fdiv.o ABSOLUTE
    ../fplib/microlib/fpdiv.c                0x00000000   Number         0  ddiv.o ABSOLUTE
    ../fplib/microlib/fpepilogue.c           0x00000000   Number         0  fepilogue.o ABSOLUTE
    ../fplib/microlib/fpepilogue.c           0x00000000   Number         0  depilogue.o ABSOLUTE
    ../fplib/microlib/fpfix.c                0x00000000   Number         0  ffixui.o ABSOLUTE
    ../fplib/microlib/fpfix.c                0x00000000   Number         0  dfixui.o ABSOLUTE
    ../fplib/microlib/fpfix.c                0x00000000   Number         0  dfixul.o ABSOLUTE
    ../fplib/microlib/fpflt.c                0x00000000   Number         0  dflti.o ABSOLUTE
    ../fplib/microlib/fpflt.c                0x00000000   Number         0  dfltui.o ABSOLUTE
    ../fplib/microlib/fpflt.c                0x00000000   Number         0  ffltui.o ABSOLUTE
    ../fplib/microlib/fpmul.c                0x00000000   Number         0  fmul.o ABSOLUTE
    ../fplib/microlib/fpmul.c                0x00000000   Number         0  dmul.o ABSOLUTE
    ../fplib/microlib/fpscalb.c              0x00000000   Number         0  dscalb.o ABSOLUTE
    ../fplib/microlib/fpsqrt.c               0x00000000   Number         0  dsqrt.o ABSOLUTE
    ../mathlib/dunder.c                      0x00000000   Number         0  dunder.o ABSOLUTE
    ../mathlib/fpclassify.c                  0x00000000   Number         0  fpclassify.o ABSOLUTE
    ../mathlib/poly.c                        0x00000000   Number         0  poly.o ABSOLUTE
    ../mathlib/pow.c                         0x00000000   Number         0  pow.o ABSOLUTE
    ../mathlib/pow.c                         0x00000000   Number         0  pow_x.o ABSOLUTE
    ../mathlib/qnan.c                        0x00000000   Number         0  qnan.o ABSOLUTE
    ../mathlib/sqrt.c                        0x00000000   Number         0  sqrt_x.o ABSOLUTE
    ../mathlib/sqrt.c                        0x00000000   Number         0  sqrt.o ABSOLUTE
    ..\Drivers\STM32F0xx_HAL_Driver\Src\stm32f0xx_ll_dma.c 0x00000000   Number         0  stm32f0xx_ll_dma.o ABSOLUTE
    ..\Drivers\STM32F0xx_HAL_Driver\Src\stm32f0xx_ll_exti.c 0x00000000   Number         0  stm32f0xx_ll_exti.o ABSOLUTE
    ..\Drivers\STM32F0xx_HAL_Driver\Src\stm32f0xx_ll_gpio.c 0x00000000   Number         0  stm32f0xx_ll_gpio.o ABSOLUTE
    ..\Drivers\STM32F0xx_HAL_Driver\Src\stm32f0xx_ll_pwr.c 0x00000000   Number         0  stm32f0xx_ll_pwr.o ABSOLUTE
    ..\Drivers\STM32F0xx_HAL_Driver\Src\stm32f0xx_ll_rcc.c 0x00000000   Number         0  stm32f0xx_ll_rcc.o ABSOLUTE
    ..\Drivers\STM32F0xx_HAL_Driver\Src\stm32f0xx_ll_usart.c 0x00000000   Number         0  stm32f0xx_ll_usart.o ABSOLUTE
    ..\Drivers\STM32F0xx_HAL_Driver\Src\stm32f0xx_ll_utils.c 0x00000000   Number         0  stm32f0xx_ll_utils.o ABSOLUTE
    ..\Src\aes.c                             0x00000000   Number         0  aes.o ABSOLUTE
    ..\Src\main.c                            0x00000000   Number         0  main.o ABSOLUTE
    ..\Src\stm32f0xx_it.c                    0x00000000   Number         0  stm32f0xx_it.o ABSOLUTE
    ..\Src\system_stm32f0xx.c                0x00000000   Number         0  system_stm32f0xx.o ABSOLUTE
    cdcmple.s                                0x00000000   Number         0  cdcmple.o ABSOLUTE
    cdrcmple.s                               0x00000000   Number         0  cdrcmple.o ABSOLUTE
    dc.s                                     0x00000000   Number         0  dc.o ABSOLUTE
    handlers.s                               0x00000000   Number         0  handlers.o ABSOLUTE
    init.s                                   0x00000000   Number         0  init.o ABSOLUTE
    startup_stm32f030x6.s                    0x00000000   Number         0  startup_stm32f030x6.o ABSOLUTE
    RESET                                    0x08000000   Section      176  startup_stm32f030x6.o(RESET)
    .ARM.Collect$$$$00000000                 0x080000b0   Section        0  entry.o(.ARM.Collect$$$$00000000)
    .ARM.Collect$$$$00000001                 0x080000b0   Section        4  entry2.o(.ARM.Collect$$$$00000001)
    .ARM.Collect$$$$00000004                 0x080000b4   Section        4  entry5.o(.ARM.Collect$$$$00000004)
    .ARM.Collect$$$$00000008                 0x080000b8   Section        0  entry7b.o(.ARM.Collect$$$$00000008)
    .ARM.Collect$$$$0000000A                 0x080000b8   Section        0  entry8b.o(.ARM.Collect$$$$0000000A)
    .ARM.Collect$$$$0000000B                 0x080000b8   Section        8  entry9a.o(.ARM.Collect$$$$0000000B)
    .ARM.Collect$$$$0000000E                 0x080000c0   Section        4  entry12b.o(.ARM.Collect$$$$0000000E)
    .ARM.Collect$$$$0000000F                 0x080000c4   Section        0  entry10a.o(.ARM.Collect$$$$0000000F)
    .ARM.Collect$$$$00000011                 0x080000c4   Section        0  entry11a.o(.ARM.Collect$$$$00000011)
    .ARM.Collect$$$$00002712                 0x080000c4   Section        4  entry2.o(.ARM.Collect$$$$00002712)
    __lit__00000000                          0x080000c4   Data           4  entry2.o(.ARM.Collect$$$$00002712)
    .text                                    0x080000c8   Section       28  startup_stm32f030x6.o(.text)
    .text                                    0x080000e4   Section        0  uidiv.o(.text)
    .text                                    0x08000110   Section        0  memcpya.o(.text)
    .text                                    0x08000134   Section        0  memseta.o(.text)
    .text                                    0x08000158   Section        0  strlen.o(.text)
    .text                                    0x08000166   Section        0  fadd.o(.text)
    .text                                    0x08000218   Section        0  fmul.o(.text)
    .text                                    0x08000292   Section        0  fdiv.o(.text)
    .text                                    0x08000310   Section        0  dadd.o(.text)
    .text                                    0x08000478   Section        0  dmul.o(.text)
    .text                                    0x08000548   Section        0  ffltui.o(.text)
    .text                                    0x08000558   Section        0  dflti.o(.text)
    .text                                    0x08000580   Section        0  dfltui.o(.text)
    .text                                    0x0800059c   Section        0  ffixui.o(.text)
    .text                                    0x080005c4   Section        0  dfixui.o(.text)
    .text                                    0x08000600   Section        0  uldiv.o(.text)
    .text                                    0x08000660   Section        0  llshl.o(.text)
    .text                                    0x08000680   Section        0  llushr.o(.text)
    .text                                    0x080006a2   Section        0  llsshr.o(.text)
    .text                                    0x080006c8   Section        0  fepilogue.o(.text)
    .text                                    0x080006c8   Section        0  iusefp.o(.text)
    .text                                    0x0800074a   Section        0  depilogue.o(.text)
    .text                                    0x08000808   Section        0  ddiv.o(.text)
    .text                                    0x080008f8   Section        0  dscalb.o(.text)
    .text                                    0x08000924   Section       40  cdrcmple.o(.text)
    .text                                    0x0800094c   Section       36  init.o(.text)
    .text                                    0x08000970   Section        0  dsqrt.o(.text)
    i.AES_init_ctx_iv                        0x08000a12   Section        0  aes.o(i.AES_init_ctx_iv)
    i.Ascii2ToHex                            0x08000a2c   Section        0  main.o(i.Ascii2ToHex)
    i.AsciiToDec                             0x08000ad4   Section        0  main.o(i.AsciiToDec)
    i.DbmToa1                                0x08000b48   Section        0  main.o(i.DbmToa1)
    i.HardFault_Handler                      0x08000bc0   Section        0  stm32f0xx_it.o(i.HardFault_Handler)
    i.KeyExpansion                           0x08000bc4   Section        0  aes.o(i.KeyExpansion)
    KeyExpansion                             0x08000bc5   Thumb Code   150  aes.o(i.KeyExpansion)
    i.LL_AHB1_GRP1_EnableClock               0x08000c64   Section        0  main.o(i.LL_AHB1_GRP1_EnableClock)
    LL_AHB1_GRP1_EnableClock                 0x08000c65   Thumb Code    18  main.o(i.LL_AHB1_GRP1_EnableClock)
    i.LL_APB1_GRP2_EnableClock               0x08000c7c   Section        0  main.o(i.LL_APB1_GRP2_EnableClock)
    LL_APB1_GRP2_EnableClock                 0x08000c7d   Thumb Code    18  main.o(i.LL_APB1_GRP2_EnableClock)
    i.LL_GPIO_Init                           0x08000c94   Section        0  stm32f0xx_ll_gpio.o(i.LL_GPIO_Init)
    i.LL_GPIO_IsInputPinSet                  0x08000d3c   Section        0  main.o(i.LL_GPIO_IsInputPinSet)
    LL_GPIO_IsInputPinSet                    0x08000d3d   Thumb Code    14  main.o(i.LL_GPIO_IsInputPinSet)
    i.LL_Init1msTick                         0x08000d4c   Section        0  stm32f0xx_ll_utils.o(i.LL_Init1msTick)
    i.LL_RCC_GetUSARTClockFreq               0x08000d6c   Section        0  stm32f0xx_ll_rcc.o(i.LL_RCC_GetUSARTClockFreq)
    i.LL_SetSystemCoreClock                  0x08000dc0   Section        0  stm32f0xx_ll_utils.o(i.LL_SetSystemCoreClock)
    i.LL_USART_Init                          0x08000dcc   Section        0  stm32f0xx_ll_usart.o(i.LL_USART_Init)
    i.LL_mDelay                              0x08000e64   Section        0  stm32f0xx_ll_utils.o(i.LL_mDelay)
    i.MX_GPIO_Init                           0x08000e84   Section        0  main.o(i.MX_GPIO_Init)
    MX_GPIO_Init                             0x08000e85   Thumb Code   172  main.o(i.MX_GPIO_Init)
    i.MX_USART1_UART_Init                    0x08000f34   Section        0  main.o(i.MX_USART1_UART_Init)
    MX_USART1_UART_Init                      0x08000f35   Thumb Code   152  main.o(i.MX_USART1_UART_Init)
    i.NMI_Handler                            0x08000fd0   Section        0  stm32f0xx_it.o(i.NMI_Handler)
    i.PendSV_Handler                         0x08000fd2   Section        0  stm32f0xx_it.o(i.PendSV_Handler)
    i.RCC_GetHCLKClockFreq                   0x08000fd4   Section        0  stm32f0xx_ll_rcc.o(i.RCC_GetHCLKClockFreq)
    i.RCC_GetPCLK1ClockFreq                  0x08000ff0   Section        0  stm32f0xx_ll_rcc.o(i.RCC_GetPCLK1ClockFreq)
    i.RCC_GetSystemClockFreq                 0x08001008   Section        0  stm32f0xx_ll_rcc.o(i.RCC_GetSystemClockFreq)
    i.RCC_PLL_GetFreqDomain_SYS              0x08001034   Section        0  stm32f0xx_ll_rcc.o(i.RCC_PLL_GetFreqDomain_SYS)
    i.SPI_TR_16                              0x08001074   Section        0  main.o(i.SPI_TR_16)
    i.SPI_TR_24                              0x080010d4   Section        0  main.o(i.SPI_TR_24)
    i.SVC_Handler                            0x08001134   Section        0  stm32f0xx_it.o(i.SVC_Handler)
    i.SysTick_Handler                        0x08001136   Section        0  stm32f0xx_it.o(i.SysTick_Handler)
    i.SystemClock_Config                     0x08001138   Section        0  main.o(i.SystemClock_Config)
    i.SystemInit                             0x080011e0   Section        0  system_stm32f0xx.o(i.SystemInit)
    i.USART1_TX                              0x080011e4   Section        0  main.o(i.USART1_TX)
    i.USART_RX_Str                           0x08001208   Section        0  main.o(i.USART_RX_Str)
    i.USART_TX_Str                           0x08001258   Section        0  main.o(i.USART_TX_Str)
    i.__0sprintf$8                           0x08001284   Section        0  printf8.o(i.__0sprintf$8)
    i.__ARM_clz                              0x080012ac   Section        0  depilogue.o(i.__ARM_clz)
    i.__ARM_common_switch8                   0x080012da   Section        0  main.o(i.__ARM_common_switch8)
    i.__ARM_fpclassify                       0x080012f4   Section        0  fpclassify.o(i.__ARM_fpclassify)
    i.__kernel_poly                          0x08001320   Section        0  poly.o(i.__kernel_poly)
    i.__mathlib_dbl_divzero                  0x080013cc   Section        0  dunder.o(i.__mathlib_dbl_divzero)
    i.__mathlib_dbl_infnan2                  0x080013e0   Section        0  dunder.o(i.__mathlib_dbl_infnan2)
    i.__mathlib_dbl_invalid                  0x080013e8   Section        0  dunder.o(i.__mathlib_dbl_invalid)
    i.__mathlib_dbl_overflow                 0x080013f8   Section        0  dunder.o(i.__mathlib_dbl_overflow)
    i.__mathlib_dbl_underflow                0x0800140c   Section        0  dunder.o(i.__mathlib_dbl_underflow)
    i.__scatterload_copy                     0x08001420   Section       14  handlers.o(i.__scatterload_copy)
    i.__scatterload_null                     0x0800142e   Section        2  handlers.o(i.__scatterload_null)
    i.__scatterload_zeroinit                 0x08001430   Section       14  handlers.o(i.__scatterload_zeroinit)
    i.__set_errno                            0x08001440   Section        0  errno.o(i.__set_errno)
    i._printf_core                           0x0800144c   Section        0  printf8.o(i._printf_core)
    _printf_core                             0x0800144d   Thumb Code  1020  printf8.o(i._printf_core)
    i._printf_post_padding                   0x08001874   Section        0  printf8.o(i._printf_post_padding)
    _printf_post_padding                     0x08001875   Thumb Code    32  printf8.o(i._printf_post_padding)
    i._printf_pre_padding                    0x08001894   Section        0  printf8.o(i._printf_pre_padding)
    _printf_pre_padding                      0x08001895   Thumb Code    44  printf8.o(i._printf_pre_padding)
    i._sputc                                 0x080018c0   Section        0  printf8.o(i._sputc)
    _sputc                                   0x080018c1   Thumb Code    10  printf8.o(i._sputc)
    i.delay                                  0x080018ca   Section        0  main.o(i.delay)
    i.main                                   0x080018d8   Section        0  main.o(i.main)
    i.pow                                    0x08002ae8   Section        0  pow.o(i.pow)
    i.sqrt                                   0x080034e4   Section        0  sqrt.o(i.sqrt)
    .constdata                               0x0800352c   Section      523  aes.o(.constdata)
    sbox                                     0x0800352c   Data         256  aes.o(.constdata)
    rsbox                                    0x0800362c   Data         256  aes.o(.constdata)
    Rcon                                     0x0800372c   Data          11  aes.o(.constdata)
    .constdata                               0x08003737   Section       16  system_stm32f0xx.o(.constdata)
    .constdata                               0x08003747   Section        8  system_stm32f0xx.o(.constdata)
    .constdata                               0x08003750   Section      136  pow.o(.constdata)
    bp                                       0x08003750   Data          16  pow.o(.constdata)
    dp_h                                     0x08003760   Data          16  pow.o(.constdata)
    dp_l                                     0x08003770   Data          16  pow.o(.constdata)
    L                                        0x08003780   Data          48  pow.o(.constdata)
    P                                        0x080037b0   Data          40  pow.o(.constdata)
    .constdata                               0x080037d8   Section        8  qnan.o(.constdata)
    .conststring                             0x080037e0   Section      116  main.o(.conststring)
    .data                                    0x20000000   Section      116  main.o(.data)
    .data                                    0x20000074   Section        4  system_stm32f0xx.o(.data)
    .data                                    0x20000078   Section        4  errno.o(.data)
    _errno                                   0x20000078   Data           4  errno.o(.data)
    .bss                                     0x2000007c   Section     1381  main.o(.bss)
    STACK                                    0x200005e8   Section     1024  startup_stm32f030x6.o(STACK)

    Global Symbols

    Symbol Name                              Value     Ov Type        Size  Object(Section)

    BuildAttributes$$THM_ISAv3M$S$PE$A:L22$X:L11$S22$IEEE1$IW$USESV6$~STKCKD$USESV7$~SHL$OTIME$ROPI$IEEEX$EBA8$MICROLIB$REQ8$PRES8$EABIv2 0x00000000   Number         0  anon$$obj.o ABSOLUTE
    __ARM_use_no_argv                        0x00000000   Number         0  main.o ABSOLUTE
    _printf_a                                0x00000000   Number         0  stubs.o ABSOLUTE
    _printf_c                                0x00000000   Number         0  stubs.o ABSOLUTE
    _printf_charcount                        0x00000000   Number         0  stubs.o ABSOLUTE
    _printf_d                                0x00000000   Number         0  stubs.o ABSOLUTE
    _printf_e                                0x00000000   Number         0  stubs.o ABSOLUTE
    _printf_f                                0x00000000   Number         0  stubs.o ABSOLUTE
    _printf_flags                            0x00000000   Number         0  stubs.o ABSOLUTE
    _printf_fp_dec                           0x00000000   Number         0  stubs.o ABSOLUTE
    _printf_fp_hex                           0x00000000   Number         0  stubs.o ABSOLUTE
    _printf_g                                0x00000000   Number         0  stubs.o ABSOLUTE
    _printf_i                                0x00000000   Number         0  stubs.o ABSOLUTE
    _printf_int_dec                          0x00000000   Number         0  stubs.o ABSOLUTE
    _printf_l                                0x00000000   Number         0  stubs.o ABSOLUTE
    _printf_lc                               0x00000000   Number         0  stubs.o ABSOLUTE
    _printf_ll                               0x00000000   Number         0  stubs.o ABSOLUTE
    _printf_lld                              0x00000000   Number         0  stubs.o ABSOLUTE
    _printf_lli                              0x00000000   Number         0  stubs.o ABSOLUTE
    _printf_llo                              0x00000000   Number         0  stubs.o ABSOLUTE
    _printf_llu                              0x00000000   Number         0  stubs.o ABSOLUTE
    _printf_llx                              0x00000000   Number         0  stubs.o ABSOLUTE
    _printf_longlong_dec                     0x00000000   Number         0  stubs.o ABSOLUTE
    _printf_longlong_hex                     0x00000000   Number         0  stubs.o ABSOLUTE
    _printf_longlong_oct                     0x00000000   Number         0  stubs.o ABSOLUTE
    _printf_ls                               0x00000000   Number         0  stubs.o ABSOLUTE
    _printf_mbtowc                           0x00000000   Number         0  stubs.o ABSOLUTE
    _printf_n                                0x00000000   Number         0  stubs.o ABSOLUTE
    _printf_o                                0x00000000   Number         0  stubs.o ABSOLUTE
    _printf_p                                0x00000000   Number         0  stubs.o ABSOLUTE
    _printf_percent                          0x00000000   Number         0  stubs.o ABSOLUTE
    _printf_pre_padding                      0x00000000   Number         0  stubs.o ABSOLUTE
    _printf_return_value                     0x00000000   Number         0  stubs.o ABSOLUTE
    _printf_s                                0x00000000   Number         0  stubs.o ABSOLUTE
    _printf_sizespec                         0x00000000   Number         0  stubs.o ABSOLUTE
    _printf_str                              0x00000000   Number         0  stubs.o ABSOLUTE
    _printf_truncate_signed                  0x00000000   Number         0  stubs.o ABSOLUTE
    _printf_truncate_unsigned                0x00000000   Number         0  stubs.o ABSOLUTE
    _printf_u                                0x00000000   Number         0  stubs.o ABSOLUTE
    _printf_wc                               0x00000000   Number         0  stubs.o ABSOLUTE
    _printf_wctomb                           0x00000000   Number         0  stubs.o ABSOLUTE
    _printf_widthprec                        0x00000000   Number         0  stubs.o ABSOLUTE
    _printf_x                                0x00000000   Number         0  stubs.o ABSOLUTE
    __arm_fini_                               - Undefined Weak Reference
    __cpp_initialize__aeabi_                  - Undefined Weak Reference
    __cxa_finalize                            - Undefined Weak Reference
    __decompress                              - Undefined Weak Reference
    _clock_init                               - Undefined Weak Reference
    _microlib_exit                            - Undefined Weak Reference
    __Vectors_Size                           0x000000b0   Number         0  startup_stm32f030x6.o ABSOLUTE
    __Vectors                                0x08000000   Data           4  startup_stm32f030x6.o(RESET)
    __Vectors_End                            0x080000b0   Data           0  startup_stm32f030x6.o(RESET)
    __main                                   0x080000b1   Thumb Code     0  entry.o(.ARM.Collect$$$$00000000)
    _main_stk                                0x080000b1   Thumb Code     0  entry2.o(.ARM.Collect$$$$00000001)
    _main_scatterload                        0x080000b5   Thumb Code     0  entry5.o(.ARM.Collect$$$$00000004)
    __main_after_scatterload                 0x080000b9   Thumb Code     0  entry5.o(.ARM.Collect$$$$00000004)
    _main_clock                              0x080000b9   Thumb Code     0  entry7b.o(.ARM.Collect$$$$00000008)
    _main_cpp_init                           0x080000b9   Thumb Code     0  entry8b.o(.ARM.Collect$$$$0000000A)
    _main_init                               0x080000b9   Thumb Code     0  entry9a.o(.ARM.Collect$$$$0000000B)
    __rt_lib_shutdown_fini                   0x080000c1   Thumb Code     0  entry12b.o(.ARM.Collect$$$$0000000E)
    __rt_final_cpp                           0x080000c5   Thumb Code     0  entry10a.o(.ARM.Collect$$$$0000000F)
    __rt_final_exit                          0x080000c5   Thumb Code     0  entry11a.o(.ARM.Collect$$$$00000011)
    Reset_Handler                            0x080000c9   Thumb Code     8  startup_stm32f030x6.o(.text)
    ADC1_IRQHandler                          0x080000db   Thumb Code     0  startup_stm32f030x6.o(.text)
    DMA1_Channel1_IRQHandler                 0x080000db   Thumb Code     0  startup_stm32f030x6.o(.text)
    DMA1_Channel2_3_IRQHandler               0x080000db   Thumb Code     0  startup_stm32f030x6.o(.text)
    DMA1_Channel4_5_IRQHandler               0x080000db   Thumb Code     0  startup_stm32f030x6.o(.text)
    EXTI0_1_IRQHandler                       0x080000db   Thumb Code     0  startup_stm32f030x6.o(.text)
    EXTI2_3_IRQHandler                       0x080000db   Thumb Code     0  startup_stm32f030x6.o(.text)
    EXTI4_15_IRQHandler                      0x080000db   Thumb Code     0  startup_stm32f030x6.o(.text)
    FLASH_IRQHandler                         0x080000db   Thumb Code     0  startup_stm32f030x6.o(.text)
    I2C1_IRQHandler                          0x080000db   Thumb Code     0  startup_stm32f030x6.o(.text)
    RCC_IRQHandler                           0x080000db   Thumb Code     0  startup_stm32f030x6.o(.text)
    RTC_IRQHandler                           0x080000db   Thumb Code     0  startup_stm32f030x6.o(.text)
    SPI1_IRQHandler                          0x080000db   Thumb Code     0  startup_stm32f030x6.o(.text)
    TIM14_IRQHandler                         0x080000db   Thumb Code     0  startup_stm32f030x6.o(.text)
    TIM16_IRQHandler                         0x080000db   Thumb Code     0  startup_stm32f030x6.o(.text)
    TIM17_IRQHandler                         0x080000db   Thumb Code     0  startup_stm32f030x6.o(.text)
    TIM1_BRK_UP_TRG_COM_IRQHandler           0x080000db   Thumb Code     0  startup_stm32f030x6.o(.text)
    TIM1_CC_IRQHandler                       0x080000db   Thumb Code     0  startup_stm32f030x6.o(.text)
    TIM3_IRQHandler                          0x080000db   Thumb Code     0  startup_stm32f030x6.o(.text)
    USART1_IRQHandler                        0x080000db   Thumb Code     0  startup_stm32f030x6.o(.text)
    WWDG_IRQHandler                          0x080000db   Thumb Code     0  startup_stm32f030x6.o(.text)
    __aeabi_uidiv                            0x080000e5   Thumb Code     0  uidiv.o(.text)
    __aeabi_uidivmod                         0x080000e5   Thumb Code    44  uidiv.o(.text)
    __aeabi_memcpy                           0x08000111   Thumb Code    36  memcpya.o(.text)
    __aeabi_memcpy4                          0x08000111   Thumb Code     0  memcpya.o(.text)
    __aeabi_memcpy8                          0x08000111   Thumb Code     0  memcpya.o(.text)
    __aeabi_memset                           0x08000135   Thumb Code    14  memseta.o(.text)
    __aeabi_memset4                          0x08000135   Thumb Code     0  memseta.o(.text)
    __aeabi_memset8                          0x08000135   Thumb Code     0  memseta.o(.text)
    __aeabi_memclr                           0x08000143   Thumb Code     4  memseta.o(.text)
    __aeabi_memclr4                          0x08000143   Thumb Code     0  memseta.o(.text)
    __aeabi_memclr8                          0x08000143   Thumb Code     0  memseta.o(.text)
    _memset$wrapper                          0x08000147   Thumb Code    18  memseta.o(.text)
    strlen                                   0x08000159   Thumb Code    14  strlen.o(.text)
    __aeabi_fadd                             0x08000167   Thumb Code   162  fadd.o(.text)
    __aeabi_fsub                             0x08000209   Thumb Code     8  fadd.o(.text)
    __aeabi_frsub                            0x08000211   Thumb Code     8  fadd.o(.text)
    __aeabi_fmul                             0x08000219   Thumb Code   122  fmul.o(.text)
    __aeabi_fdiv                             0x08000293   Thumb Code   124  fdiv.o(.text)
    __aeabi_dadd                             0x08000311   Thumb Code   330  dadd.o(.text)
    __aeabi_dsub                             0x0800045b   Thumb Code    12  dadd.o(.text)
    __aeabi_drsub                            0x08000467   Thumb Code    12  dadd.o(.text)
    __aeabi_dmul                             0x08000479   Thumb Code   202  dmul.o(.text)
    __aeabi_ui2f                             0x08000549   Thumb Code    14  ffltui.o(.text)
    __aeabi_i2d                              0x08000559   Thumb Code    34  dflti.o(.text)
    __aeabi_ui2d                             0x08000581   Thumb Code    24  dfltui.o(.text)
    __aeabi_f2uiz                            0x0800059d   Thumb Code    40  ffixui.o(.text)
    __aeabi_d2uiz                            0x080005c5   Thumb Code    50  dfixui.o(.text)
    __aeabi_uldivmod                         0x08000601   Thumb Code    96  uldiv.o(.text)
    __aeabi_llsl                             0x08000661   Thumb Code    32  llshl.o(.text)
    _ll_shift_l                              0x08000661   Thumb Code     0  llshl.o(.text)
    __aeabi_llsr                             0x08000681   Thumb Code    34  llushr.o(.text)
    _ll_ushift_r                             0x08000681   Thumb Code     0  llushr.o(.text)
    __aeabi_lasr                             0x080006a3   Thumb Code    38  llsshr.o(.text)
    _ll_sshift_r                             0x080006a3   Thumb Code     0  llsshr.o(.text)
    __I$use$fp                               0x080006c9   Thumb Code     0  iusefp.o(.text)
    _float_round                             0x080006c9   Thumb Code    16  fepilogue.o(.text)
    _float_epilogue                          0x080006d9   Thumb Code   114  fepilogue.o(.text)
    _double_round                            0x0800074b   Thumb Code    26  depilogue.o(.text)
    _double_epilogue                         0x08000765   Thumb Code   164  depilogue.o(.text)
    __aeabi_ddiv                             0x08000809   Thumb Code   234  ddiv.o(.text)
    __ARM_scalbn                             0x080008f9   Thumb Code    44  dscalb.o(.text)
    scalbn                                   0x080008f9   Thumb Code     0  dscalb.o(.text)
    __aeabi_cdrcmple                         0x08000925   Thumb Code    38  cdrcmple.o(.text)
    __scatterload                            0x0800094d   Thumb Code    28  init.o(.text)
    __scatterload_rt2                        0x0800094d   Thumb Code     0  init.o(.text)
    _dsqrt                                   0x08000971   Thumb Code   162  dsqrt.o(.text)
    AES_init_ctx_iv                          0x08000a13   Thumb Code    24  aes.o(i.AES_init_ctx_iv)
    Ascii2ToHex                              0x08000a2d   Thumb Code   154  main.o(i.Ascii2ToHex)
    AsciiToDec                               0x08000ad5   Thumb Code   108  main.o(i.AsciiToDec)
    DbmToa1                                  0x08000b49   Thumb Code    72  main.o(i.DbmToa1)
    HardFault_Handler                        0x08000bc1   Thumb Code     2  stm32f0xx_it.o(i.HardFault_Handler)
    LL_GPIO_Init                             0x08000c95   Thumb Code   168  stm32f0xx_ll_gpio.o(i.LL_GPIO_Init)
    LL_Init1msTick                           0x08000d4d   Thumb Code    26  stm32f0xx_ll_utils.o(i.LL_Init1msTick)
    LL_RCC_GetUSARTClockFreq                 0x08000d6d   Thumb Code    76  stm32f0xx_ll_rcc.o(i.LL_RCC_GetUSARTClockFreq)
    LL_SetSystemCoreClock                    0x08000dc1   Thumb Code     6  stm32f0xx_ll_utils.o(i.LL_SetSystemCoreClock)
    LL_USART_Init                            0x08000dcd   Thumb Code   140  stm32f0xx_ll_usart.o(i.LL_USART_Init)
    LL_mDelay                                0x08000e65   Thumb Code    28  stm32f0xx_ll_utils.o(i.LL_mDelay)
    NMI_Handler                              0x08000fd1   Thumb Code     2  stm32f0xx_it.o(i.NMI_Handler)
    PendSV_Handler                           0x08000fd3   Thumb Code     2  stm32f0xx_it.o(i.PendSV_Handler)
    RCC_GetHCLKClockFreq                     0x08000fd5   Thumb Code    18  stm32f0xx_ll_rcc.o(i.RCC_GetHCLKClockFreq)
    RCC_GetPCLK1ClockFreq                    0x08000ff1   Thumb Code    16  stm32f0xx_ll_rcc.o(i.RCC_GetPCLK1ClockFreq)
    RCC_GetSystemClockFreq                   0x08001009   Thumb Code    32  stm32f0xx_ll_rcc.o(i.RCC_GetSystemClockFreq)
    RCC_PLL_GetFreqDomain_SYS                0x08001035   Thumb Code    50  stm32f0xx_ll_rcc.o(i.RCC_PLL_GetFreqDomain_SYS)
    SPI_TR_16                                0x08001075   Thumb Code    86  main.o(i.SPI_TR_16)
    SPI_TR_24                                0x080010d5   Thumb Code    86  main.o(i.SPI_TR_24)
    SVC_Handler                              0x08001135   Thumb Code     2  stm32f0xx_it.o(i.SVC_Handler)
    SysTick_Handler                          0x08001137   Thumb Code     2  stm32f0xx_it.o(i.SysTick_Handler)
    SystemClock_Config                       0x08001139   Thumb Code   154  main.o(i.SystemClock_Config)
    SystemInit                               0x080011e1   Thumb Code     2  system_stm32f0xx.o(i.SystemInit)
    USART1_TX                                0x080011e5   Thumb Code    30  main.o(i.USART1_TX)
    USART_RX_Str                             0x08001209   Thumb Code    72  main.o(i.USART_RX_Str)
    USART_TX_Str                             0x08001259   Thumb Code    38  main.o(i.USART_TX_Str)
    __0sprintf$8                             0x08001285   Thumb Code    36  printf8.o(i.__0sprintf$8)
    __1sprintf$8                             0x08001285   Thumb Code     0  printf8.o(i.__0sprintf$8)
    __2sprintf                               0x08001285   Thumb Code     0  printf8.o(i.__0sprintf$8)
    __ARM_clz                                0x080012ad   Thumb Code    46  depilogue.o(i.__ARM_clz)
    __ARM_common_switch8                     0x080012db   Thumb Code    26  main.o(i.__ARM_common_switch8)
    __ARM_fpclassify                         0x080012f5   Thumb Code    40  fpclassify.o(i.__ARM_fpclassify)
    __kernel_poly                            0x08001321   Thumb Code   172  poly.o(i.__kernel_poly)
    __mathlib_dbl_divzero                    0x080013cd   Thumb Code    16  dunder.o(i.__mathlib_dbl_divzero)
    __mathlib_dbl_infnan2                    0x080013e1   Thumb Code     8  dunder.o(i.__mathlib_dbl_infnan2)
    __mathlib_dbl_invalid                    0x080013e9   Thumb Code    16  dunder.o(i.__mathlib_dbl_invalid)
    __mathlib_dbl_overflow                   0x080013f9   Thumb Code    16  dunder.o(i.__mathlib_dbl_overflow)
    __mathlib_dbl_underflow                  0x0800140d   Thumb Code    14  dunder.o(i.__mathlib_dbl_underflow)
    __scatterload_copy                       0x08001421   Thumb Code    14  handlers.o(i.__scatterload_copy)
    __scatterload_null                       0x0800142f   Thumb Code     2  handlers.o(i.__scatterload_null)
    __scatterload_zeroinit                   0x08001431   Thumb Code    14  handlers.o(i.__scatterload_zeroinit)
    __set_errno                              0x08001441   Thumb Code     6  errno.o(i.__set_errno)
    delay                                    0x080018cb   Thumb Code    12  main.o(i.delay)
    main                                     0x080018d9   Thumb Code  4542  main.o(i.main)
    pow                                      0x08002ae9   Thumb Code  2548  pow.o(i.pow)
    sqrt                                     0x080034e5   Thumb Code    66  sqrt.o(i.sqrt)
    AHBPrescTable                            0x08003737   Data          16  system_stm32f0xx.o(.constdata)
    APBPrescTable                            0x08003747   Data           8  system_stm32f0xx.o(.constdata)
    __mathlib_zero                           0x080037d8   Data           8  qnan.o(.constdata)
    Region$$Table$$Base                      0x08003854   Number         0  anon$$obj.o(Region$$Table)
    Region$$Table$$Limit                     0x08003874   Number         0  anon$$obj.o(Region$$Table)
    error_flag                               0x20000000   Data           1  main.o(.data)
    tm                                       0x20000001   Data           1  main.o(.data)
    shaping_filter                           0x20000002   Data           1  main.o(.data)
    spi_send_delay                           0x20000004   Data           2  main.o(.data)
    default_PWR_dbm                          0x20000006   Data           2  main.o(.data)
    PWR_dbm                                  0x20000008   Data           2  main.o(.data)
    TXPWRCOEFFB                              0x2000000a   Data           2  main.o(.data)
    RX_STR_Size                              0x2000000c   Data           2  main.o(.data)
    RX_Data_Size                             0x2000000e   Data           2  main.o(.data)
    t_delay                                  0x20000010   Data           4  main.o(.data)
    f_xtal                                   0x20000014   Data           4  main.o(.data)
    default_BITRATE                          0x20000018   Data           4  main.o(.data)
    default_f_carrier                        0x2000001c   Data           4  main.o(.data)
    transmit_timer                           0x20000020   Data           4  main.o(.data)
    ID                                       0x20000024   Data           4  main.o(.data)
    A                                        0x20000028   Data           4  main.o(.data)
    f_carrier                                0x2000002c   Data           4  main.o(.data)
    FREQA                                    0x20000030   Data           4  main.o(.data)
    FREQB                                    0x20000034   Data           4  main.o(.data)
    TXRATE                                   0x20000038   Data           4  main.o(.data)
    BITRATE                                  0x2000003c   Data           4  main.o(.data)
    a1                                       0x20000040   Data           4  main.o(.data)
    iv                                       0x20000044   Data          16  main.o(.data)
    kp                                       0x20000054   Data          16  main.o(.data)
    ka                                       0x20000064   Data          16  main.o(.data)
    SystemCoreClock                          0x20000074   Data           4  system_stm32f0xx.o(.data)
    strl                                     0x2000007c   Data          33  main.o(.bss)
    tx_buff                                  0x2000009d   Data         256  main.o(.bss)
    rx_dt                                    0x2000019d   Data         500  main.o(.bss)
    ke                                       0x20000391   Data          16  main.o(.bss)
    ctx_kp                                   0x200003a1   Data         192  main.o(.bss)
    ctx_ke                                   0x20000461   Data         192  main.o(.bss)
    ctx_ka                                   0x20000521   Data         192  main.o(.bss)
    __initial_sp                             0x200009e8   Data           0  startup_stm32f030x6.o(STACK)



==============================================================================

Memory Map of the image

  Image Entry point : 0x080000b1

  Load Region LR_IROM1 (Base: 0x08000000, Size: 0x000038f0, Max: 0x00004000, ABSOLUTE)

    Execution Region ER_IROM1 (Exec base: 0x08000000, Load base: 0x08000000, Size: 0x00003874, Max: 0x00004000, ABSOLUTE)

    Exec Addr    Load Addr    Size         Type   Attr      Idx    E Section Name        Object

    0x08000000   0x08000000   0x000000b0   Data   RO            3    RESET               startup_stm32f030x6.o
    0x080000b0   0x080000b0   0x00000000   Code   RO          776  * .ARM.Collect$$$$00000000  mc_p.l(entry.o)
    0x080000b0   0x080000b0   0x00000004   Code   RO         1097    .ARM.Collect$$$$00000001  mc_p.l(entry2.o)
    0x080000b4   0x080000b4   0x00000004   Code   RO         1100    .ARM.Collect$$$$00000004  mc_p.l(entry5.o)
    0x080000b8   0x080000b8   0x00000000   Code   RO         1102    .ARM.Collect$$$$00000008  mc_p.l(entry7b.o)
    0x080000b8   0x080000b8   0x00000000   Code   RO         1104    .ARM.Collect$$$$0000000A  mc_p.l(entry8b.o)
    0x080000b8   0x080000b8   0x00000008   Code   RO         1105    .ARM.Collect$$$$0000000B  mc_p.l(entry9a.o)
    0x080000c0   0x080000c0   0x00000004   Code   RO         1112    .ARM.Collect$$$$0000000E  mc_p.l(entry12b.o)
    0x080000c4   0x080000c4   0x00000000   Code   RO         1107    .ARM.Collect$$$$0000000F  mc_p.l(entry10a.o)
    0x080000c4   0x080000c4   0x00000000   Code   RO         1109    .ARM.Collect$$$$00000011  mc_p.l(entry11a.o)
    0x080000c4   0x080000c4   0x00000004   Code   RO         1098    .ARM.Collect$$$$00002712  mc_p.l(entry2.o)
    0x080000c8   0x080000c8   0x0000001c   Code   RO            4    .text               startup_stm32f030x6.o
    0x080000e4   0x080000e4   0x0000002c   Code   RO          779    .text               mc_p.l(uidiv.o)
    0x08000110   0x08000110   0x00000024   Code   RO          781    .text               mc_p.l(memcpya.o)
    0x08000134   0x08000134   0x00000024   Code   RO          783    .text               mc_p.l(memseta.o)
    0x08000158   0x08000158   0x0000000e   Code   RO          785    .text               mc_p.l(strlen.o)
    0x08000166   0x08000166   0x000000b2   Code   RO         1050    .text               mf_p.l(fadd.o)
    0x08000218   0x08000218   0x0000007a   Code   RO         1052    .text               mf_p.l(fmul.o)
    0x08000292   0x08000292   0x0000007c   Code   RO         1054    .text               mf_p.l(fdiv.o)
    0x0800030e   0x0800030e   0x00000002   PAD
    0x08000310   0x08000310   0x00000168   Code   RO         1056    .text               mf_p.l(dadd.o)
    0x08000478   0x08000478   0x000000d0   Code   RO         1058    .text               mf_p.l(dmul.o)
    0x08000548   0x08000548   0x0000000e   Code   RO         1060    .text               mf_p.l(ffltui.o)
    0x08000556   0x08000556   0x00000002   PAD
    0x08000558   0x08000558   0x00000028   Code   RO         1062    .text               mf_p.l(dflti.o)
    0x08000580   0x08000580   0x0000001c   Code   RO         1064    .text               mf_p.l(dfltui.o)
    0x0800059c   0x0800059c   0x00000028   Code   RO         1066    .text               mf_p.l(ffixui.o)
    0x080005c4   0x080005c4   0x0000003c   Code   RO         1068    .text               mf_p.l(dfixui.o)
    0x08000600   0x08000600   0x00000060   Code   RO         1116    .text               mc_p.l(uldiv.o)
    0x08000660   0x08000660   0x00000020   Code   RO         1118    .text               mc_p.l(llshl.o)
    0x08000680   0x08000680   0x00000022   Code   RO         1120    .text               mc_p.l(llushr.o)
    0x080006a2   0x080006a2   0x00000026   Code   RO         1122    .text               mc_p.l(llsshr.o)
    0x080006c8   0x080006c8   0x00000000   Code   RO         1131    .text               mc_p.l(iusefp.o)
    0x080006c8   0x080006c8   0x00000082   Code   RO         1132    .text               mf_p.l(fepilogue.o)
    0x0800074a   0x0800074a   0x000000be   Code   RO         1134    .text               mf_p.l(depilogue.o)
    0x08000808   0x08000808   0x000000f0   Code   RO         1138    .text               mf_p.l(ddiv.o)
    0x080008f8   0x080008f8   0x0000002c   Code   RO         1140    .text               mf_p.l(dscalb.o)
    0x08000924   0x08000924   0x00000028   Code   RO         1144    .text               mf_p.l(cdrcmple.o)
    0x0800094c   0x0800094c   0x00000024   Code   RO         1146    .text               mc_p.l(init.o)
    0x08000970   0x08000970   0x000000a2   Code   RO         1150    .text               mf_p.l(dsqrt.o)
    0x08000a12   0x08000a12   0x00000018   Code   RO          312    i.AES_init_ctx_iv   aes.o
    0x08000a2a   0x08000a2a   0x00000002   PAD
    0x08000a2c   0x08000a2c   0x000000a8   Code   RO           12    i.Ascii2ToHex       main.o
    0x08000ad4   0x08000ad4   0x00000074   Code   RO           13    i.AsciiToDec        main.o
    0x08000b48   0x08000b48   0x00000078   Code   RO           16    i.DbmToa1           main.o
    0x08000bc0   0x08000bc0   0x00000002   Code   RO          245    i.HardFault_Handler  stm32f0xx_it.o
    0x08000bc2   0x08000bc2   0x00000002   PAD
    0x08000bc4   0x08000bc4   0x000000a0   Code   RO          317    i.KeyExpansion      aes.o
    0x08000c64   0x08000c64   0x00000018   Code   RO           18    i.LL_AHB1_GRP1_EnableClock  main.o
    0x08000c7c   0x08000c7c   0x00000018   Code   RO           19    i.LL_APB1_GRP2_EnableClock  main.o
    0x08000c94   0x08000c94   0x000000a8   Code   RO          406    i.LL_GPIO_Init      stm32f0xx_ll_gpio.o
    0x08000d3c   0x08000d3c   0x0000000e   Code   RO           20    i.LL_GPIO_IsInputPinSet  main.o
    0x08000d4a   0x08000d4a   0x00000002   PAD
    0x08000d4c   0x08000d4c   0x00000020   Code   RO          659    i.LL_Init1msTick    stm32f0xx_ll_utils.o
    0x08000d6c   0x08000d6c   0x00000054   Code   RO          562    i.LL_RCC_GetUSARTClockFreq  stm32f0xx_ll_rcc.o
    0x08000dc0   0x08000dc0   0x0000000c   Code   RO          663    i.LL_SetSystemCoreClock  stm32f0xx_ll_utils.o
    0x08000dcc   0x08000dcc   0x00000098   Code   RO          512    i.LL_USART_Init     stm32f0xx_ll_usart.o
    0x08000e64   0x08000e64   0x00000020   Code   RO          664    i.LL_mDelay         stm32f0xx_ll_utils.o
    0x08000e84   0x08000e84   0x000000b0   Code   RO           21    i.MX_GPIO_Init      main.o
    0x08000f34   0x08000f34   0x0000009c   Code   RO           22    i.MX_USART1_UART_Init  main.o
    0x08000fd0   0x08000fd0   0x00000002   Code   RO          246    i.NMI_Handler       stm32f0xx_it.o
    0x08000fd2   0x08000fd2   0x00000002   Code   RO          247    i.PendSV_Handler    stm32f0xx_it.o
    0x08000fd4   0x08000fd4   0x0000001c   Code   RO          563    i.RCC_GetHCLKClockFreq  stm32f0xx_ll_rcc.o
    0x08000ff0   0x08000ff0   0x00000018   Code   RO          564    i.RCC_GetPCLK1ClockFreq  stm32f0xx_ll_rcc.o
    0x08001008   0x08001008   0x0000002c   Code   RO          565    i.RCC_GetSystemClockFreq  stm32f0xx_ll_rcc.o
    0x08001034   0x08001034   0x00000040   Code   RO          566    i.RCC_PLL_GetFreqDomain_SYS  stm32f0xx_ll_rcc.o
    0x08001074   0x08001074   0x00000060   Code   RO           23    i.SPI_TR_16         main.o
    0x080010d4   0x080010d4   0x00000060   Code   RO           24    i.SPI_TR_24         main.o
    0x08001134   0x08001134   0x00000002   Code   RO          248    i.SVC_Handler       stm32f0xx_it.o
    0x08001136   0x08001136   0x00000002   Code   RO          249    i.SysTick_Handler   stm32f0xx_it.o
    0x08001138   0x08001138   0x000000a8   Code   RO           25    i.SystemClock_Config  main.o
    0x080011e0   0x080011e0   0x00000002   Code   RO          735    i.SystemInit        system_stm32f0xx.o
    0x080011e2   0x080011e2   0x00000002   PAD
    0x080011e4   0x080011e4   0x00000024   Code   RO           26    i.USART1_TX         main.o
    0x08001208   0x08001208   0x00000050   Code   RO           27    i.USART_RX_Str      main.o
    0x08001258   0x08001258   0x0000002c   Code   RO           28    i.USART_TX_Str      main.o
    0x08001284   0x08001284   0x00000028   Code   RO          998    i.__0sprintf$8      mc_p.l(printf8.o)
    0x080012ac   0x080012ac   0x0000002e   Code   RO         1136    i.__ARM_clz         mf_p.l(depilogue.o)
    0x080012da   0x080012da   0x0000001a   Code   RO          161    i.__ARM_common_switch8  main.o
    0x080012f4   0x080012f4   0x0000002c   Code   RO         1084    i.__ARM_fpclassify  m_ps.l(fpclassify.o)
    0x08001320   0x08001320   0x000000ac   Code   RO         1086    i.__kernel_poly     m_ps.l(poly.o)
    0x080013cc   0x080013cc   0x00000014   Code   RO         1070    i.__mathlib_dbl_divzero  m_ps.l(dunder.o)
    0x080013e0   0x080013e0   0x00000008   Code   RO         1072    i.__mathlib_dbl_infnan2  m_ps.l(dunder.o)
    0x080013e8   0x080013e8   0x00000010   Code   RO         1073    i.__mathlib_dbl_invalid  m_ps.l(dunder.o)
    0x080013f8   0x080013f8   0x00000014   Code   RO         1074    i.__mathlib_dbl_overflow  m_ps.l(dunder.o)
    0x0800140c   0x0800140c   0x00000014   Code   RO         1076    i.__mathlib_dbl_underflow  m_ps.l(dunder.o)
    0x08001420   0x08001420   0x0000000e   Code   RO         1156    i.__scatterload_copy  mc_p.l(handlers.o)
    0x0800142e   0x0800142e   0x00000002   Code   RO         1157    i.__scatterload_null  mc_p.l(handlers.o)
    0x08001430   0x08001430   0x0000000e   Code   RO         1158    i.__scatterload_zeroinit  mc_p.l(handlers.o)
    0x0800143e   0x0800143e   0x00000002   PAD
    0x08001440   0x08001440   0x0000000c   Code   RO         1126    i.__set_errno       mc_p.l(errno.o)
    0x0800144c   0x0800144c   0x00000428   Code   RO         1003    i._printf_core      mc_p.l(printf8.o)
    0x08001874   0x08001874   0x00000020   Code   RO         1004    i._printf_post_padding  mc_p.l(printf8.o)
    0x08001894   0x08001894   0x0000002c   Code   RO         1005    i._printf_pre_padding  mc_p.l(printf8.o)
    0x080018c0   0x080018c0   0x0000000a   Code   RO         1007    i._sputc            mc_p.l(printf8.o)
    0x080018ca   0x080018ca   0x0000000c   Code   RO           30    i.delay             main.o
    0x080018d6   0x080018d6   0x00000002   PAD
    0x080018d8   0x080018d8   0x00001210   Code   RO           34    i.main              main.o
    0x08002ae8   0x08002ae8   0x000009fc   Code   RO          767    i.pow               m_ps.l(pow.o)
    0x080034e4   0x080034e4   0x00000048   Code   RO         1090    i.sqrt              m_ps.l(sqrt.o)
    0x0800352c   0x0800352c   0x0000020b   Data   RO          321    .constdata          aes.o
    0x08003737   0x08003737   0x00000010   Data   RO          736    .constdata          system_stm32f0xx.o
    0x08003747   0x08003747   0x00000008   Data   RO          737    .constdata          system_stm32f0xx.o
    0x0800374f   0x0800374f   0x00000001   PAD
    0x08003750   0x08003750   0x00000088   Data   RO          768    .constdata          m_ps.l(pow.o)
    0x080037d8   0x080037d8   0x00000008   Data   RO         1088    .constdata          m_ps.l(qnan.o)
    0x080037e0   0x080037e0   0x00000074   Data   RO           39    .conststring        main.o
    0x08003854   0x08003854   0x00000020   Data   RO         1154    Region$$Table       anon$$obj.o


    Execution Region RW_IRAM1 (Exec base: 0x20000000, Load base: 0x08003874, Size: 0x000009e8, Max: 0x00001000, ABSOLUTE)

    Exec Addr    Load Addr    Size         Type   Attr      Idx    E Section Name        Object

    0x20000000   0x08003874   0x00000074   Data   RW           40    .data               main.o
    0x20000074   0x080038e8   0x00000004   Data   RW          738    .data               system_stm32f0xx.o
    0x20000078   0x080038ec   0x00000004   Data   RW         1127    .data               mc_p.l(errno.o)
    0x2000007c        -       0x00000565   Zero   RW           35    .bss                main.o
    0x200005e1   0x080038f0   0x00000007   PAD
    0x200005e8        -       0x00000400   Zero   RW            1    STACK               startup_stm32f030x6.o


==============================================================================

Image component sizes


      Code (inc. data)   RO Data    RW Data    ZI Data      Debug   Object Name

       184         10        523          0          0       2430   aes.o
      5980        728        116        116       1381     231812   main.o
        28          8        176          0       1024        616   startup_stm32f030x6.o
        10          0          0          0          0       1999   stm32f0xx_it.o
       168          0          0          0          0       6687   stm32f0xx_ll_gpio.o
       244         52          0          0          0      16743   stm32f0xx_ll_rcc.o
       152         12          0          0          0      16940   stm32f0xx_ll_usart.o
        76         16          0          0          0       5857   stm32f0xx_ll_utils.o
         2          0         24          4          0       1087   system_stm32f0xx.o

    ----------------------------------------------------------------------
      6854        826        872        120       2412     284171   Object Totals
         0          0         32          0          0          0   (incl. Generated)
        10          0          1          0          7          0   (incl. Padding)

    ----------------------------------------------------------------------

      Code (inc. data)   RO Data    RW Data    ZI Data      Debug   Library Member Name

        84         14          0          0          0        340   dunder.o
        44          4          0          0          0         60   fpclassify.o
       172          0          0          0          0         76   poly.o
      2556        196        136          0          0        240   pow.o
         0          0          8          0          0          0   qnan.o
        72          6          0          0          0         76   sqrt.o
         0          0          0          0          0          0   entry.o
         0          0          0          0          0          0   entry10a.o
         0          0          0          0          0          0   entry11a.o
         4          0          0          0          0          0   entry12b.o
         8          4          0          0          0          0   entry2.o
         4          0          0          0          0          0   entry5.o
         0          0          0          0          0          0   entry7b.o
         0          0          0          0          0          0   entry8b.o
         8          4          0          0          0          0   entry9a.o
        12          6          0          4          0         60   errno.o
        30          0          0          0          0          0   handlers.o
        36          8          0          0          0         68   init.o
         0          0          0          0          0          0   iusefp.o
        32          0          0          0          0         68   llshl.o
        38          0          0          0          0         68   llsshr.o
        34          0          0          0          0         68   llushr.o
        36          0          0          0          0         60   memcpya.o
        36          0          0          0          0        100   memseta.o
      1190         48          0          0          0        384   printf8.o
        14          0          0          0          0         60   strlen.o
        44          0          0          0          0         72   uidiv.o
        96          0          0          0          0         84   uldiv.o
        40          2          0          0          0         68   cdrcmple.o
       360          6          0          0          0        140   dadd.o
       240          6          0          0          0         84   ddiv.o
       236          0          0          0          0        216   depilogue.o
        60         10          0          0          0         68   dfixui.o
        40          6          0          0          0         68   dflti.o
        28          4          0          0          0         68   dfltui.o
       208          6          0          0          0         88   dmul.o
        44          0          0          0          0         72   dscalb.o
       162          0          0          0          0         80   dsqrt.o
       178          0          0          0          0        108   fadd.o
       124          0          0          0          0         72   fdiv.o
       130          0          0          0          0        144   fepilogue.o
        40          0          0          0          0         60   ffixui.o
        14          0          0          0          0         68   ffltui.o
       122          0          0          0          0         72   fmul.o

    ----------------------------------------------------------------------
      6582        330        144          4          0       3360   Library Totals
         6          0          0          0          0          0   (incl. Padding)

    ----------------------------------------------------------------------

      Code (inc. data)   RO Data    RW Data    ZI Data      Debug   Library Name

      2928        220        144          0          0        792   m_ps.l
      1622         70          0          4          0       1092   mc_p.l
      2026         40          0          0          0       1476   mf_p.l

    ----------------------------------------------------------------------
      6582        330        144          4          0       3360   Library Totals

    ----------------------------------------------------------------------

==============================================================================


      Code (inc. data)   RO Data    RW Data    ZI Data      Debug   

     13436       1156       1016        124       2412     284551   Grand Totals
     13436       1156       1016        124       2412     284551   ELF Image Totals
     13436       1156       1016        124          0          0   ROM Totals

==============================================================================

    Total RO  Size (Code + RO Data)                14452 (  14.11kB)
    Total RW  Size (RW Data + ZI Data)              2536 (   2.48kB)
    Total ROM Size (Code + RO Data + RW Data)      14576 (  14.23kB)

==============================================================================

